Archive member included to satisfy reference by file (symbol)

/home/diwakar/Embedded_sys_lab/software_package/gcc-arm-none-eabi/bin/../lib/gcc/arm-none-eabi/5.4.1/../../../../arm-none-eabi/lib/armv6-m/libc_nano.a(lib_a-exit.o)
                              /home/diwakar/Embedded_sys_lab/software_package/gcc-arm-none-eabi/bin/../lib/gcc/arm-none-eabi/5.4.1/../../../../arm-none-eabi/lib/armv6-m/crt0.o (exit)
/home/diwakar/Embedded_sys_lab/software_package/gcc-arm-none-eabi/bin/../lib/gcc/arm-none-eabi/5.4.1/../../../../arm-none-eabi/lib/armv6-m/libc_nano.a(lib_a-impure.o)
                              /home/diwakar/Embedded_sys_lab/software_package/gcc-arm-none-eabi/bin/../lib/gcc/arm-none-eabi/5.4.1/../../../../arm-none-eabi/lib/armv6-m/libc_nano.a(lib_a-exit.o) (_global_impure_ptr)
/home/diwakar/Embedded_sys_lab/software_package/gcc-arm-none-eabi/bin/../lib/gcc/arm-none-eabi/5.4.1/../../../../arm-none-eabi/lib/armv6-m/libc_nano.a(lib_a-init.o)
                              /home/diwakar/Embedded_sys_lab/software_package/gcc-arm-none-eabi/bin/../lib/gcc/arm-none-eabi/5.4.1/../../../../arm-none-eabi/lib/armv6-m/crt0.o (__libc_init_array)
/home/diwakar/Embedded_sys_lab/software_package/gcc-arm-none-eabi/bin/../lib/gcc/arm-none-eabi/5.4.1/../../../../arm-none-eabi/lib/armv6-m/libc_nano.a(lib_a-memset.o)
                              /home/diwakar/Embedded_sys_lab/software_package/gcc-arm-none-eabi/bin/../lib/gcc/arm-none-eabi/5.4.1/../../../../arm-none-eabi/lib/armv6-m/crt0.o (memset)
/home/diwakar/Embedded_sys_lab/software_package/gcc-arm-none-eabi/bin/../lib/gcc/arm-none-eabi/5.4.1/../../../../arm-none-eabi/lib/armv6-m/libnosys.a(_exit.o)
                              /home/diwakar/Embedded_sys_lab/software_package/gcc-arm-none-eabi/bin/../lib/gcc/arm-none-eabi/5.4.1/../../../../arm-none-eabi/lib/armv6-m/libc_nano.a(lib_a-exit.o) (_exit)
/home/diwakar/Embedded_sys_lab/software_package/gcc-arm-none-eabi/bin/../lib/gcc/arm-none-eabi/5.4.1/../../../../arm-none-eabi/lib/armv6-m/libm.a(lib_a-s_fabs.o)
                              _build/inv_mpu.o (fabs)
/home/diwakar/Embedded_sys_lab/software_package/gcc-arm-none-eabi/bin/../lib/gcc/arm-none-eabi/5.4.1/../../../../arm-none-eabi/lib/armv6-m/libm.a(lib_a-w_asin.o)
                              _build/mpu_wrapper.o (asin)
/home/diwakar/Embedded_sys_lab/software_package/gcc-arm-none-eabi/bin/../lib/gcc/arm-none-eabi/5.4.1/../../../../arm-none-eabi/lib/armv6-m/libm.a(lib_a-w_atan2.o)
                              _build/mpu_wrapper.o (atan2)
/home/diwakar/Embedded_sys_lab/software_package/gcc-arm-none-eabi/bin/../lib/gcc/arm-none-eabi/5.4.1/../../../../arm-none-eabi/lib/armv6-m/libm.a(lib_a-w_sqrt.o)
                              _build/control.o (sqrt)
/home/diwakar/Embedded_sys_lab/software_package/gcc-arm-none-eabi/bin/../lib/gcc/arm-none-eabi/5.4.1/../../../../arm-none-eabi/lib/armv6-m/libm.a(lib_a-e_asin.o)
                              /home/diwakar/Embedded_sys_lab/software_package/gcc-arm-none-eabi/bin/../lib/gcc/arm-none-eabi/5.4.1/../../../../arm-none-eabi/lib/armv6-m/libm.a(lib_a-w_asin.o) (__ieee754_asin)
/home/diwakar/Embedded_sys_lab/software_package/gcc-arm-none-eabi/bin/../lib/gcc/arm-none-eabi/5.4.1/../../../../arm-none-eabi/lib/armv6-m/libm.a(lib_a-e_atan2.o)
                              /home/diwakar/Embedded_sys_lab/software_package/gcc-arm-none-eabi/bin/../lib/gcc/arm-none-eabi/5.4.1/../../../../arm-none-eabi/lib/armv6-m/libm.a(lib_a-w_atan2.o) (__ieee754_atan2)
/home/diwakar/Embedded_sys_lab/software_package/gcc-arm-none-eabi/bin/../lib/gcc/arm-none-eabi/5.4.1/../../../../arm-none-eabi/lib/armv6-m/libm.a(lib_a-e_sqrt.o)
                              /home/diwakar/Embedded_sys_lab/software_package/gcc-arm-none-eabi/bin/../lib/gcc/arm-none-eabi/5.4.1/../../../../arm-none-eabi/lib/armv6-m/libm.a(lib_a-w_sqrt.o) (__ieee754_sqrt)
/home/diwakar/Embedded_sys_lab/software_package/gcc-arm-none-eabi/bin/../lib/gcc/arm-none-eabi/5.4.1/../../../../arm-none-eabi/lib/armv6-m/libm.a(lib_a-s_atan.o)
                              /home/diwakar/Embedded_sys_lab/software_package/gcc-arm-none-eabi/bin/../lib/gcc/arm-none-eabi/5.4.1/../../../../arm-none-eabi/lib/armv6-m/libm.a(lib_a-e_atan2.o) (atan)
/home/diwakar/Embedded_sys_lab/software_package/gcc-arm-none-eabi/bin/../lib/gcc/arm-none-eabi/5.4.1/../../../../arm-none-eabi/lib/armv6-m/libm.a(lib_a-s_lib_ver.o)
                              /home/diwakar/Embedded_sys_lab/software_package/gcc-arm-none-eabi/bin/../lib/gcc/arm-none-eabi/5.4.1/../../../../arm-none-eabi/lib/armv6-m/libm.a(lib_a-w_asin.o) (__fdlib_version)
/home/diwakar/Embedded_sys_lab/software_package/gcc-arm-none-eabi/bin/../lib/gcc/arm-none-eabi/5.4.1/../../../../arm-none-eabi/lib/armv6-m/libm.a(lib_a-s_matherr.o)
                              /home/diwakar/Embedded_sys_lab/software_package/gcc-arm-none-eabi/bin/../lib/gcc/arm-none-eabi/5.4.1/../../../../arm-none-eabi/lib/armv6-m/libm.a(lib_a-w_asin.o) (matherr)
[...]
Memory Configuration

Name             Origin             Length             Attributes
FLASH            0x00018000         0x00028000         xr
RAM              0x20002000         0x00002000         xrw
*default*        0x00000000         0xffffffff

Linker script and memory map

LOAD /home/diwakar/Embedded_sys_lab/software_package/gcc-arm-none-eabi/bin/../lib/gcc/arm-none-eabi/5.4.1/armv6-m/crti.o
LOAD /home/diwakar/Embedded_sys_lab/software_package/gcc-arm-none-eabi/bin/../lib/gcc/arm-none-eabi/5.4.1/armv6-m/crtbegin.o
LOAD /home/diwakar/Embedded_sys_lab/software_package/gcc-arm-none-eabi/bin/../lib/gcc/arm-none-eabi/5.4.1/../../../../arm-none-eabi/lib/armv6-m/crt0.o
LOAD /home/diwakar/Embedded_sys_lab/software_package/gcc-arm-none-eabi/bin/../lib/gcc/arm-none-eabi/5.4.1/../../../../arm-none-eabi/lib/armv6-m/libc_nano.a
LOAD /home/diwakar/Embedded_sys_lab/software_package/gcc-arm-none-eabi/bin/../lib/gcc/arm-none-eabi/5.4.1/../../../../arm-none-eabi/lib/armv6-m/libnosys.a
LOAD /home/diwakar/Embedded_sys_lab/software_package/gcc-arm-none-eabi/bin/../lib/gcc/arm-none-eabi/5.4.1/../../../../arm-none-eabi/lib/armv6-m/libm.a
LOAD _build/system_nrf51.o
LOAD _build/nrf_delay.o
LOAD _build/in4073.o
LOAD _build/logData.o
LOAD _build/filter.o
LOAD _build/control.o
LOAD _build/gpio.o
LOAD _build/timers.o
LOAD _build/uart.o
LOAD _build/queue.o
LOAD _build/twi.o
LOAD _build/adc.o
LOAD _build/baro.o
LOAD _build/ble.o
LOAD _build/packet_protocol.o
LOAD _build/spi_flash.o
LOAD _build/crc16.o
LOAD _build/inv_mpu.o
LOAD _build/inv_mpu_dmp_motion_driver.o
LOAD _build/ml.o
LOAD _build/mpu_wrapper.o
LOAD _build/app_error.o
LOAD _build/app_timer.o
LOAD _build/nrf_assert.o
LOAD _build/nrf_drv_common.o
LOAD _build/pstorage.o
LOAD _build/ble_advdata.o
LOAD _build/ble_advertising.o
LOAD _build/ble_conn_params.o
LOAD _build/ble_nus.o
LOAD _build/ble_srv_common.o
LOAD _build/softdevice_handler.o
LOAD _build/gcc_startup_nrf51.o
LOAD /home/diwakar/Embedded_sys_lab/software_package/gcc-arm-none-eabi/bin/../lib/gcc/arm-none-eabi/5.4.1/../../../../arm-none-eabi/lib/armv6-m/libm.a
START GROUP
LOAD /home/diwakar/Embedded_sys_lab/software_package/gcc-arm-none-eabi/bin/../lib/gcc/arm-none-eabi/5.4.1/armv6-m/libgcc.a
LOAD /home/diwakar/Embedded_sys_lab/software_package/gcc-arm-none-eabi/bin/../lib/gcc/arm-none-eabi/5.4.1/../../../../arm-none-eabi/lib/armv6-m/libc_nano.a
END GROUP
START GROUP
LOAD /home/diwakar/Embedded_sys_lab/software_package/gcc-arm-none-eabi/bin/../lib/gcc/arm-none-eabi/5.4.1/armv6-m/libgcc.a
LOAD /home/diwakar/Embedded_sys_lab/software_package/gcc-arm-none-eabi/bin/../lib/gcc/arm-none-eabi/5.4.1/../../../../arm-none-eabi/lib/armv6-m/libc_nano.a
END GROUP
LOAD /home/diwakar/Embedded_sys_lab/software_package/gcc-arm-none-eabi/bin/../lib/gcc/arm-none-eabi/5.4.1/armv6-m/crtend.o
LOAD /home/diwakar/Embedded_sys_lab/software_package/gcc-arm-none-eabi/bin/../lib/gcc/arm-none-eabi/5.4.1/armv6-m/crtn.o
START GROUP
LOAD /home/diwakar/Embedded_sys_lab/software_package/gcc-arm-none-eabi/bin/../lib/gcc/arm-none-eabi/5.4.1/armv6-m/libgcc.a
LOAD /home/diwakar/Embedded_sys_lab/software_package/gcc-arm-none-eabi/bin/../lib/gcc/arm-none-eabi/5.4.1/../../../../arm-none-eabi/lib/armv6-m/libc.a
LOAD /home/diwakar/Embedded_sys_lab/software_package/gcc-arm-none-eabi/bin/../lib/gcc/arm-none-eabi/5.4.1/../../../../arm-none-eabi/lib/armv6-m/libnosys.a
END GROUP

.fs_data_out    0x00000000        0x0
                [!provide]                PROVIDE (__start_fs_data, .)
 *(fs_data)
                [!provide]                PROVIDE (__stop_fs_data, .)

.text           0x00018000     0xaf14
 *(.Vectors)
 .Vectors       0x00018000       0xc0 _build/gcc_startup_nrf51.o
                0x00018000                __Vectors
 *(.text*)
 .text          0x000180c0       0x60 /home/diwakar/Embedded_sys_lab/software_package/gcc-arm-none-eabi/bin/../lib/gcc/arm-none-eabi/5.4.1/armv6-m/crtbegin.o
 .text          0x00018120       0x78 /home/diwakar/Embedded_sys_lab/software_package/gcc-arm-none-eabi/bin/../lib/gcc/arm-none-eabi/5.4.1/../../../../arm-none-eabi/lib/armv6-m/crt0.o
                0x00018120                _mainCRTStartup
                0x00018120                _start
 .text.exit     0x00018198       0x2c /home/diwakar/Embedded_sys_lab/software_package/gcc-arm-none-eabi/bin/../lib/gcc/arm-none-eabi/5.4.1/../../../../arm-none-eabi/lib/armv6-m/libc_nano.a(lib_a-exit.o)
                0x00018198                exit
 .text.__libc_init_array
                0x000181c4       0x4c /home/diwakar/Embedded_sys_lab/software_package/gcc-arm-none-eabi/bin/../lib/gcc/arm-none-eabi/5.4.1/../../../../arm-none-eabi/lib/armv6-m/libc_nano.a(lib_a-init.o)
                0x000181c4                __libc_init_array
 .text.memset   0x00018210       0x10 /home/diwakar/Embedded_sys_lab/software_package/gcc-arm-none-eabi/bin/../lib/gcc/arm-none-eabi/5.4.1/../../../../arm-none-eabi/lib/armv6-m/libc_nano.a(lib_a-memset.o)
                0x00018210                memset
 .text._exit    0x00018220        0x4 /home/diwakar/Embedded_sys_lab/software_package/gcc-arm-none-eabi/bin/../lib/gcc/arm-none-eabi/5.4.1/../../../../arm-none-eabi/lib/armv6-m/libnosys.a(_exit.o)
                0x00018220                _exit
 .text.SystemInit
                0x00018224       0x94 _build/system_nrf51.o
                0x00018224                SystemInit
 .text.nrf_delay_ms
                0x000182b8       0x3c _build/nrf_delay.o
                0x000182b8                nrf_delay_ms
 .text.startup.main
                0x000182f4      0x13c _build/in4073.o
                0x000182f4                main
 .text.filterFunction
                0x00018430      0x108 _build/filter.o
                0x00018430                filterFunction
 .text.update_motors
                0x00018538       0x48 _build/control.o
                0x00018538                update_motors
 .text.panicMode
                0x00018580       0xb8 _build/control.o
                0x00018580                panicMode
 .text.escapeMode
                0x00018638        0xc _build/control.o
                0x00018638                escapeMode
 .text.safeMode
                0x00018644       0x4c _build/control.o
                0x00018644                safeMode
 .text.calculateMotorRPM
                0x00018690       0xe0 _build/control.o
                0x00018690                calculateMotorRPM
 .text.gpio_init
                0x00018770       0x8c _build/gpio.o
                0x00018770                gpio_init
 .text.quadrupel_timer_handler
                0x000187fc        0xc _build/timers.o
                0x000187fc                quadrupel_timer_handler
 .text.TIMER2_IRQHandler
                0x00018808       0xb8 _build/timers.o
                0x00018808                TIMER2_IRQHandler
 .text.TIMER1_IRQHandler
                0x000188c0       0xac _build/timers.o
                0x000188c0                TIMER1_IRQHandler
 .text.get_time_us
                0x0001896c       0x20 _build/timers.o
                0x0001896c                get_time_us
 .text.check_timer_flag
                0x0001898c        0xc _build/timers.o
                0x0001898c                check_timer_flag
 .text.clear_timer_flag
                0x00018998        0xc _build/timers.o
                0x00018998                clear_timer_flag
 .text.timers_init
                0x000189a4      0x1d4 _build/timers.o
                0x000189a4                timers_init
 .text._write   0x00018b78       0x84 _build/uart.o
                0x00018b78                _write
 .text.UART0_IRQHandler
                0x00018bfc       0x84 _build/uart.o
                0x00018bfc                UART0_IRQHandler
 .text.uart_init
                0x00018c80       0xa0 _build/uart.o
                0x00018c80                uart_init
 .text.init_queue
                0x00018d20       0x14 _build/queue.o
                0x00018d20                init_queue
 .text.enqueue  0x00018d34       0x1c _build/queue.o
                0x00018d34                enqueue
 .text.dequeue  0x00018d50       0x60 _build/queue.o
                0x00018d50                dequeue
 .text.flushQueue
                0x00018db0       0x24 _build/queue.o
                0x00018db0                flushQueue
 .text.i2c_read
                0x00018dd4       0xc0 _build/twi.o
                0x00018dd4                i2c_read
 .text.i2c_write
                0x00018e94       0x70 _build/twi.o
                0x00018e94                i2c_write
 .text.SPI0_TWI0_IRQHandler
                0x00018f04       0x70 _build/twi.o
                0x00018f04                SPI0_TWI0_IRQHandler
 .text.twi_init
                0x00018f74       0x84 _build/twi.o
                0x00018f74                twi_init
 .text.adc_request_sample
                0x00018ff8       0x18 _build/adc.o
                0x00018ff8                adc_request_sample
 .text.ADC_IRQHandler
                0x00019010       0x24 _build/adc.o
                0x00019010                ADC_IRQHandler
 .text.adc_init
                0x00019034       0x3c _build/adc.o
                0x00019034                adc_init
 .text.read_baro
                0x00019070      0x1b4 _build/baro.o
                0x00019070                read_baro
 .text.baro_init
                0x00019224       0x34 _build/baro.o
                0x00019224                baro_init
 .text.sd_ble_gap_disconnect
                0x00019258        0x4 _build/ble.o
 .text.sd_ble_gap_ppcp_set
                0x0001925c        0x4 _build/ble.o
 .text.sd_ble_gap_device_name_set
                0x00019260        0x4 _build/ble.o
 .text.sd_ble_gap_sec_params_reply
                0x00019264        0x4 _build/ble.o
 .text.sd_ble_gatts_sys_attr_set
                0x00019268        0x4 _build/ble.o
 .text.sd_ble_enable
                0x0001926c        0x4 _build/ble.o
 .text.sd_nvic_EnableIRQ
                0x00019270        0x4 _build/ble.o
 .text.sd_nvic_ClearPendingIRQ
                0x00019274        0x4 _build/ble.o
 .text.sd_nvic_SetPriority
                0x00019278        0x4 _build/ble.o
 .text.sd_radio_notification_cfg_set
                0x0001927c        0x4 _build/ble.o
 .text.conn_params_error_handler
                0x00019280       0x1c _build/ble.o
 .text.nus_data_handler
                0x0001929c       0x20 _build/ble.o
 .text.ble_evt_dispatch
                0x000192bc       0x94 _build/ble.o
 .text.on_conn_params_evt
                0x00019350       0x38 _build/ble.o
 .text.SWI1_IRQHandler
                0x00019388       0x10 _build/ble.o
                0x00019388                SWI1_IRQHandler
 .text.ble_init
                0x00019398      0x204 _build/ble.o
                0x00019398                ble_init
 .text.readPacket
                0x0001959c      0x29c _build/packet_protocol.o
                0x0001959c                readPacket
 .text.spi_flash_init
                0x00019838      0x230 _build/spi_flash.o
                0x00019838                spi_flash_init
 .text.crc16_compute
                0x00019a68       0x44 _build/crc16.o
                0x00019a68                crc16_compute
 .text.mpu_reset_fifo
                0x00019aac      0x15c _build/inv_mpu.o
                0x00019aac                mpu_reset_fifo
 .text.mpu_lp_accel_mode
                0x00019c08      0x1b8 _build/inv_mpu.o
                0x00019c08                mpu_lp_accel_mode
 .text.mpu_get_accel_fsr
                0x00019dc0       0x4c _build/inv_mpu.o
                0x00019dc0                mpu_get_accel_fsr
 .text.mpu_set_lpf
                0x00019e0c       0x78 _build/inv_mpu.o
                0x00019e0c                mpu_set_lpf
 .text.mpu_set_sample_rate
                0x00019e84      0x168 _build/inv_mpu.o
                0x00019e84                mpu_set_sample_rate
 .text.mpu_configure_fifo
                0x00019fec       0xd0 _build/inv_mpu.o
                0x00019fec                mpu_configure_fifo
 .text.mpu_set_sensors
                0x0001a0bc      0x140 _build/inv_mpu.o
                0x0001a0bc                mpu_set_sensors
 .text.mpu_init
                0x0001a1fc      0x1f4 _build/inv_mpu.o
                0x0001a1fc                mpu_init
 .text.mpu_read_fifo_stream
                0x0001a3f0       0xb0 _build/inv_mpu.o
                0x0001a3f0                mpu_read_fifo_stream
 .text.mpu_set_int_level
                0x0001a4a0       0x10 _build/inv_mpu.o
                0x0001a4a0                mpu_set_int_level
 .text.mpu_set_int_latched
                0x0001a4b0       0x68 _build/inv_mpu.o
                0x0001a4b0                mpu_set_int_latched
 .text.mpu_write_mem
                0x0001a518       0x58 _build/inv_mpu.o
                0x0001a518                mpu_write_mem
 .text.mpu_load_firmware
                0x0001a570      0x15c _build/inv_mpu.o
                0x0001a570                mpu_load_firmware
 .text.mpu_set_dmp_state
                0x0001a6cc      0x174 _build/inv_mpu.o
                0x0001a6cc                mpu_set_dmp_state
 .text.dmp_load_motion_driver_firmware
                0x0001a840       0x1c _build/inv_mpu_dmp_motion_driver.o
                0x0001a840                dmp_load_motion_driver_firmware
 .text.dmp_set_orientation
                0x0001a85c      0x118 _build/inv_mpu_dmp_motion_driver.o
                0x0001a85c                dmp_set_orientation
 .text.dmp_set_fifo_rate
                0x0001a974       0x64 _build/inv_mpu_dmp_motion_driver.o
                0x0001a974                dmp_set_fifo_rate
 .text.dmp_set_tap_thresh
                0x0001a9d8      0x164 _build/inv_mpu_dmp_motion_driver.o
                0x0001a9d8                dmp_set_tap_thresh
 .text.dmp_enable_feature
                0x0001ab3c      0x28c _build/inv_mpu_dmp_motion_driver.o
                0x0001ab3c                dmp_enable_feature
 .text.dmp_read_fifo
                0x0001adc8      0x20c _build/inv_mpu_dmp_motion_driver.o
                0x0001adc8                dmp_read_fifo
 .text.inv_orientation_matrix_to_scalar
                0x0001afd4      0x11c _build/ml.o
                0x0001afd4                inv_orientation_matrix_to_scalar
 .text.get_dmp_data
                0x0001b0f0      0x218 _build/mpu_wrapper.o
                0x0001b0f0                get_dmp_data
 .text.check_sensor_int_flag
                0x0001b308       0x20 _build/mpu_wrapper.o
                0x0001b308                check_sensor_int_flag
 .text.imu_init
                0x0001b328      0x10c _build/mpu_wrapper.o
                0x0001b328                imu_init
 .text.app_error_handler
                0x0001b434       0x40 _build/app_error.o
                0x0001b434                app_error_handler
 .text.rtc1_stop
                0x0001b474       0x78 _build/app_timer.o
 .text.RTC1_IRQHandler
                0x0001b4ec       0xe0 _build/app_timer.o
                0x0001b4ec                RTC1_IRQHandler
 .text.SWI0_IRQHandler
                0x0001b5cc      0x4cc _build/app_timer.o
                0x0001b5cc                SWI0_IRQHandler
 .text.app_timer_init
                0x0001ba98       0xe4 _build/app_timer.o
                0x0001ba98                app_timer_init
 .text.app_timer_create
                0x0001bb7c       0x34 _build/app_timer.o
                0x0001bb7c                app_timer_create
 .text.app_timer_start
                0x0001bbb0       0xec _build/app_timer.o
                0x0001bbb0                app_timer_start
 .text.app_timer_stop
                0x0001bc9c       0xc4 _build/app_timer.o
                0x0001bc9c                app_timer_stop
 .text.pstorage_access_status_get
                0x0001bd60       0x28 _build/pstorage.o
                0x0001bd60                pstorage_access_status_get
 .text.sd_ble_gap_address_get
                0x0001bd88        0x4 _build/ble_advdata.o
 .text.sd_ble_gap_adv_data_set
                0x0001bd8c        0x4 _build/ble_advdata.o
 .text.sd_ble_gap_appearance_get
                0x0001bd90        0x4 _build/ble_advdata.o
 .text.sd_ble_gap_device_name_get
                0x0001bd94        0x4 _build/ble_advdata.o
 .text.sd_ble_uuid_encode
                0x0001bd98        0x4 _build/ble_advdata.o
 .text.uuid_list_sized_encode
                0x0001bd9c       0xf8 _build/ble_advdata.o
 .text.adv_data_encode
                0x0001be94      0x5b8 _build/ble_advdata.o
                0x0001be94                adv_data_encode
 .text.ble_advdata_set
                0x0001c44c       0x68 _build/ble_advdata.o
                0x0001c44c                ble_advdata_set
 .text.sd_ble_gap_adv_start
                0x0001c4b4        0x4 _build/ble_advertising.o
 .text.ble_advertising_start.part.1
                0x0001c4b8      0x2a8 _build/ble_advertising.o
 .text.ble_advertising_init
                0x0001c760      0x144 _build/ble_advertising.o
                0x0001c760                ble_advertising_init
 .text.ble_advertising_start
                0x0001c8a4       0x3c _build/ble_advertising.o
                0x0001c8a4                ble_advertising_start
 .text.ble_advertising_on_ble_evt
                0x0001c8e0       0xec _build/ble_advertising.o
                0x0001c8e0                ble_advertising_on_ble_evt
 .text.sd_ble_gap_conn_param_update
                0x0001c9cc        0x4 _build/ble_conn_params.o
 .text.sd_ble_gap_disconnect
                0x0001c9d0        0x4 _build/ble_conn_params.o
 .text.sd_ble_gap_ppcp_set
                0x0001c9d4        0x4 _build/ble_conn_params.o
 .text.sd_ble_gap_ppcp_get
                0x0001c9d8        0x4 _build/ble_conn_params.o
 .text.update_timeout_handler
                0x0001c9dc       0x78 _build/ble_conn_params.o
 .text.conn_params_negotiation
                0x0001ca54       0x88 _build/ble_conn_params.o
 .text.ble_conn_params_init
                0x0001cadc       0x78 _build/ble_conn_params.o
                0x0001cadc                ble_conn_params_init
 .text.ble_conn_params_on_ble_evt
                0x0001cb54       0xac _build/ble_conn_params.o
                0x0001cb54                ble_conn_params_on_ble_evt
 .text.sd_ble_gatts_service_add
                0x0001cc00        0x4 _build/ble_nus.o
 .text.sd_ble_gatts_characteristic_add
                0x0001cc04        0x4 _build/ble_nus.o
 .text.sd_ble_uuid_vs_add
                0x0001cc08        0x4 _build/ble_nus.o
 .text.ble_nus_on_ble_evt
                0x0001cc0c       0x60 _build/ble_nus.o
                0x0001cc0c                ble_nus_on_ble_evt
 .text.ble_nus_init
                0x0001cc6c      0x208 _build/ble_nus.o
                0x0001cc6c                ble_nus_init
 .text.sd_nvic_EnableIRQ
                0x0001ce74        0x4 _build/softdevice_handler.o
 .text.sd_evt_get
                0x0001ce78        0x4 _build/softdevice_handler.o
 .text.sd_softdevice_enable
                0x0001ce7c        0x4 _build/softdevice_handler.o
 .text.sd_ble_evt_get
                0x0001ce80        0x4 _build/softdevice_handler.o
 .text.softdevice_assertion_handler
                0x0001ce84        0xc _build/softdevice_handler.o
                0x0001ce84                softdevice_assertion_handler
 .text.intern_softdevice_events_execute.part.0
                0x0001ce90       0xec _build/softdevice_handler.o
 .text.softdevice_handler_init
                0x0001cf7c       0x4c _build/softdevice_handler.o
                0x0001cf7c                softdevice_handler_init
 .text.softdevice_ble_evt_handler_set
                0x0001cfc8       0x14 _build/softdevice_handler.o
                0x0001cfc8                softdevice_ble_evt_handler_set
 .text.SWI2_IRQHandler
                0x0001cfdc       0x34 _build/softdevice_handler.o
                0x0001cfdc                SWI2_IRQHandler
 .text          0x0001d010       0x54 _build/gcc_startup_nrf51.o
                0x0001d010                Reset_Handler
                0x0001d058                NMI_Handler
                0x0001d05a                HardFault_Handler
                0x0001d05c                SVC_Handler
                0x0001d05e                PendSV_Handler
                0x0001d060                SysTick_Handler
                0x0001d062                RTC0_IRQHandler
                0x0001d062                GPIOTE_IRQHandler
                0x0001d062                POWER_CLOCK_IRQHandler
                0x0001d062                RADIO_IRQHandler
                0x0001d062                LPCOMP_IRQHandler
                0x0001d062                SWI4_IRQHandler
                0x0001d062                TEMP_IRQHandler
                0x0001d062                QDEC_IRQHandler
                0x0001d062                SWI5_IRQHandler
                0x0001d062                TIMER0_IRQHandler
                0x0001d062                ECB_IRQHandler
                0x0001d062                Default_Handler
                0x0001d062                SWI3_IRQHandler
                0x0001d062                CCM_AAR_IRQHandler
                0x0001d062                WDT_IRQHandler
                0x0001d062                RNG_IRQHandler
                0x0001d062                SPI1_TWI1_IRQHandler
 .text.fabs     0x0001d064        0x8 /home/diwakar/Embedded_sys_lab/software_package/gcc-arm-none-eabi/bin/../lib/gcc/arm-none-eabi/5.4.1/../../../../arm-none-eabi/lib/armv6-m/libm.a(lib_a-s_fabs.o)
                0x0001d064                fabs
 .text.asin     0x0001d06c       0xc4 /home/diwakar/Embedded_sys_lab/software_package/gcc-arm-none-eabi/bin/../lib/gcc/arm-none-eabi/5.4.1/../../../../arm-none-eabi/lib/armv6-m/libm.a(lib_a-w_asin.o)
                0x0001d06c                asin
 .text.atan2    0x0001d130        0x8 /home/diwakar/Embedded_sys_lab/software_package/gcc-arm-none-eabi/bin/../lib/gcc/arm-none-eabi/5.4.1/../../../../arm-none-eabi/lib/armv6-m/libm.a(lib_a-w_atan2.o)
                0x0001d130                atan2
 .text.sqrt     0x0001d138       0xc0 /home/diwakar/Embedded_sys_lab/software_package/gcc-arm-none-eabi/bin/../lib/gcc/arm-none-eabi/5.4.1/../../../../arm-none-eabi/lib/armv6-m/libm.a(lib_a-w_sqrt.o)
                0x0001d138                sqrt
 .text.__ieee754_asin
                0x0001d1f8      0x3cc /home/diwakar/Embedded_sys_lab/software_package/gcc-arm-none-eabi/bin/../lib/gcc/arm-none-eabi/5.4.1/../../../../arm-none-eabi/lib/armv6-m/libm.a(lib_a-e_asin.o)
                0x0001d1f8                __ieee754_asin
 .text.__ieee754_atan2
                0x0001d5c4      0x178 /home/diwakar/Embedded_sys_lab/software_package/gcc-arm-none-eabi/bin/../lib/gcc/arm-none-eabi/5.4.1/../../../../arm-none-eabi/lib/armv6-m/libm.a(lib_a-e_atan2.o)
                0x0001d5c4                __ieee754_atan2
 .text.__ieee754_sqrt
                0x0001d73c      0x1ec /home/diwakar/Embedded_sys_lab/software_package/gcc-arm-none-eabi/bin/../lib/gcc/arm-none-eabi/5.4.1/../../../../arm-none-eabi/lib/armv6-m/libm.a(lib_a-e_sqrt.o)
                0x0001d73c                __ieee754_sqrt
 .text.atan     0x0001d928      0x33c /home/diwakar/Embedded_sys_lab/software_package/gcc-arm-none-eabi/bin/../lib/gcc/arm-none-eabi/5.4.1/../../../../arm-none-eabi/lib/armv6-m/libm.a(lib_a-s_atan.o)
                0x0001d928                atan
 .text.matherr  0x0001dc64        0x4 /home/diwakar/Embedded_sys_lab/software_package/gcc-arm-none-eabi/bin/../lib/gcc/arm-none-eabi/5.4.1/../../../../arm-none-eabi/lib/armv6-m/libm.a(lib_a-s_matherr.o)
                0x0001dc64                matherr
 .text.nan      0x0001dc68        0xc /home/diwakar/Embedded_sys_lab/software_package/gcc-arm-none-eabi/bin/../lib/gcc/arm-none-eabi/5.4.1/../../../../arm-none-eabi/lib/armv6-m/libm.a(lib_a-s_nan.o)
                0x0001dc68                nan
 .text          0x0001dc74      0x114 /home/diwakar/Embedded_sys_lab/software_package/gcc-arm-none-eabi/bin/../lib/gcc/arm-none-eabi/5.4.1/armv6-m/libgcc.a(_udivsi3.o)
                0x0001dc74                __udivsi3
                0x0001dc74                __aeabi_uidiv
                0x0001dd80                __aeabi_uidivmod
 .text          0x0001dd88      0x1d4 /home/diwakar/Embedded_sys_lab/software_package/gcc-arm-none-eabi/bin/../lib/gcc/arm-none-eabi/5.4.1/armv6-m/libgcc.a(_divsi3.o)
                0x0001dd88                __aeabi_idiv
                0x0001dd88                __divsi3
                0x0001df54                __aeabi_idivmod
 .text          0x0001df5c        0x4 /home/diwakar/Embedded_sys_lab/software_package/gcc-arm-none-eabi/bin/../lib/gcc/arm-none-eabi/5.4.1/armv6-m/libgcc.a(_dvmd_tls.o)
                0x0001df5c                __aeabi_ldiv0
                0x0001df5c                __aeabi_idiv0
 .text          0x0001df60       0x7c /home/diwakar/Embedded_sys_lab/software_package/gcc-arm-none-eabi/bin/../lib/gcc/arm-none-eabi/5.4.1/armv6-m/libgcc.a(_arm_cmpdf2.o)
                0x0001df60                __aeabi_cdrcmple
                0x0001df70                __aeabi_cdcmple
                0x0001df70                __aeabi_cdcmpeq
                0x0001df80                __aeabi_dcmpeq
                0x0001df8c                __aeabi_dcmplt
                0x0001dfa0                __aeabi_dcmple
                0x0001dfb4                __aeabi_dcmpgt
                0x0001dfc8                __aeabi_dcmpge
 .text          0x0001dfdc       0x74 /home/diwakar/Embedded_sys_lab/software_package/gcc-arm-none-eabi/bin/../lib/gcc/arm-none-eabi/5.4.1/armv6-m/libgcc.a(_arm_cmpsf2.o)
                0x0001dfdc                __aeabi_cfrcmple
                0x0001dfe4                __aeabi_cfcmple
                0x0001dfe4                __aeabi_cfcmpeq
                0x0001dff4                __aeabi_fcmpeq
                0x0001e000                __aeabi_fcmplt
                0x0001e014                __aeabi_fcmple
                0x0001e028                __aeabi_fcmpgt
                0x0001e03c                __aeabi_fcmpge
 .text          0x0001e050       0x58 /home/diwakar/Embedded_sys_lab/software_package/gcc-arm-none-eabi/bin/../lib/gcc/arm-none-eabi/5.4.1/armv6-m/libgcc.a(_muldi3.o)
                0x0001e050                __aeabi_lmul
                0x0001e050                __muldi3
 .text          0x0001e0a8       0x30 /home/diwakar/Embedded_sys_lab/software_package/gcc-arm-none-eabi/bin/../lib/gcc/arm-none-eabi/5.4.1/armv6-m/libgcc.a(_fixunssfsi.o)
                0x0001e0a8                __aeabi_f2uiz
                0x0001e0a8                __fixunssfsi
 .text          0x0001e0d8      0x2ec /home/diwakar/Embedded_sys_lab/software_package/gcc-arm-none-eabi/bin/../lib/gcc/arm-none-eabi/5.4.1/armv6-m/libgcc.a(addsf3.o)
                0x0001e0d8                __aeabi_fadd
 .text          0x0001e3c4      0x234 /home/diwakar/Embedded_sys_lab/software_package/gcc-arm-none-eabi/bin/../lib/gcc/arm-none-eabi/5.4.1/armv6-m/libgcc.a(divsf3.o)
                0x0001e3c4                __aeabi_fdiv
 .text          0x0001e5f8       0x50 /home/diwakar/Embedded_sys_lab/software_package/gcc-arm-none-eabi/bin/../lib/gcc/arm-none-eabi/5.4.1/armv6-m/libgcc.a(eqsf2.o)
                0x0001e5f8                __nesf2
                0x0001e5f8                __eqsf2
 .text          0x0001e648       0x88 /home/diwakar/Embedded_sys_lab/software_package/gcc-arm-none-eabi/bin/../lib/gcc/arm-none-eabi/5.4.1/armv6-m/libgcc.a(gesf2.o)
                0x0001e648                __gtsf2
                0x0001e648                __gesf2
 .text          0x0001e6d0       0x88 /home/diwakar/Embedded_sys_lab/software_package/gcc-arm-none-eabi/bin/../lib/gcc/arm-none-eabi/5.4.1/armv6-m/libgcc.a(lesf2.o)
                0x0001e6d0                __lesf2
                0x0001e6d0                __ltsf2
 .text          0x0001e758      0x228 /home/diwakar/Embedded_sys_lab/software_package/gcc-arm-none-eabi/bin/../lib/gcc/arm-none-eabi/5.4.1/armv6-m/libgcc.a(mulsf3.o)
                0x0001e758                __aeabi_fmul
 .text          0x0001e980      0x30c /home/diwakar/Embedded_sys_lab/software_package/gcc-arm-none-eabi/bin/../lib/gcc/arm-none-eabi/5.4.1/armv6-m/libgcc.a(subsf3.o)
                0x0001e980                __aeabi_fsub
 .text          0x0001ec8c       0x44 /home/diwakar/Embedded_sys_lab/software_package/gcc-arm-none-eabi/bin/../lib/gcc/arm-none-eabi/5.4.1/armv6-m/libgcc.a(fixsfsi.o)
                0x0001ec8c                __aeabi_f2iz
 .text          0x0001ecd0       0x90 /home/diwakar/Embedded_sys_lab/software_package/gcc-arm-none-eabi/bin/../lib/gcc/arm-none-eabi/5.4.1/armv6-m/libgcc.a(floatsisf.o)
                0x0001ecd0                __aeabi_i2f
 .text          0x0001ed60       0x7c /home/diwakar/Embedded_sys_lab/software_package/gcc-arm-none-eabi/bin/../lib/gcc/arm-none-eabi/5.4.1/armv6-m/libgcc.a(floatunsisf.o)
                0x0001ed60                __aeabi_ui2f
 .text          0x0001eddc      0x658 /home/diwakar/Embedded_sys_lab/software_package/gcc-arm-none-eabi/bin/../lib/gcc/arm-none-eabi/5.4.1/armv6-m/libgcc.a(adddf3.o)
                0x0001eddc                __aeabi_dadd
 .text          0x0001f434      0x62c /home/diwakar/Embedded_sys_lab/software_package/gcc-arm-none-eabi/bin/../lib/gcc/arm-none-eabi/5.4.1/armv6-m/libgcc.a(divdf3.o)
                0x0001f434                __aeabi_ddiv
 .text          0x0001fa60       0x80 /home/diwakar/Embedded_sys_lab/software_package/gcc-arm-none-eabi/bin/../lib/gcc/arm-none-eabi/5.4.1/armv6-m/libgcc.a(eqdf2.o)
                0x0001fa60                __eqdf2
                0x0001fa60                __nedf2
 .text          0x0001fae0       0xc8 /home/diwakar/Embedded_sys_lab/software_package/gcc-arm-none-eabi/bin/../lib/gcc/arm-none-eabi/5.4.1/armv6-m/libgcc.a(gedf2.o)
                0x0001fae0                __gtdf2
                0x0001fae0                __gedf2
 .text          0x0001fba8       0xd4 /home/diwakar/Embedded_sys_lab/software_package/gcc-arm-none-eabi/bin/../lib/gcc/arm-none-eabi/5.4.1/armv6-m/libgcc.a(ledf2.o)
                0x0001fba8                __ltdf2
                0x0001fba8                __ledf2
 .text          0x0001fc7c      0x4f4 /home/diwakar/Embedded_sys_lab/software_package/gcc-arm-none-eabi/bin/../lib/gcc/arm-none-eabi/5.4.1/armv6-m/libgcc.a(muldf3.o)
                0x0001fc7c                __aeabi_dmul
 .text          0x00020170      0x6a8 /home/diwakar/Embedded_sys_lab/software_package/gcc-arm-none-eabi/bin/../lib/gcc/arm-none-eabi/5.4.1/armv6-m/libgcc.a(subdf3.o)
                0x00020170                __aeabi_dsub
 .text          0x00020818       0x40 /home/diwakar/Embedded_sys_lab/software_package/gcc-arm-none-eabi/bin/../lib/gcc/arm-none-eabi/5.4.1/armv6-m/libgcc.a(unorddf2.o)
                0x00020818                __aeabi_dcmpun
 .text          0x00020858       0x6c /home/diwakar/Embedded_sys_lab/software_package/gcc-arm-none-eabi/bin/../lib/gcc/arm-none-eabi/5.4.1/armv6-m/libgcc.a(fixdfsi.o)
                0x00020858                __aeabi_d2iz
 .text          0x000208c4       0x84 /home/diwakar/Embedded_sys_lab/software_package/gcc-arm-none-eabi/bin/../lib/gcc/arm-none-eabi/5.4.1/armv6-m/libgcc.a(floatsidf.o)
                0x000208c4                __aeabi_i2d
 .text          0x00020948       0xa8 /home/diwakar/Embedded_sys_lab/software_package/gcc-arm-none-eabi/bin/../lib/gcc/arm-none-eabi/5.4.1/armv6-m/libgcc.a(extendsfdf2.o)
                0x00020948                __aeabi_f2d
 .text          0x000209f0       0x3c /home/diwakar/Embedded_sys_lab/software_package/gcc-arm-none-eabi/bin/../lib/gcc/arm-none-eabi/5.4.1/armv6-m/libgcc.a(_clzsi2.o)
                0x000209f0                __clzsi2
 .text.__errno  0x00020a2c        0xc /home/diwakar/Embedded_sys_lab/software_package/gcc-arm-none-eabi/bin/../lib/gcc/arm-none-eabi/5.4.1/../../../../arm-none-eabi/lib/armv6-m/libc_nano.a(lib_a-errno.o)
                0x00020a2c                __errno
 .text.memcmp   0x00020a38       0x1e /home/diwakar/Embedded_sys_lab/software_package/gcc-arm-none-eabi/bin/../lib/gcc/arm-none-eabi/5.4.1/../../../../arm-none-eabi/lib/armv6-m/libc_nano.a(lib_a-memcmp.o)
                0x00020a38                memcmp
 .text.memcpy   0x00020a56       0x12 /home/diwakar/Embedded_sys_lab/software_package/gcc-arm-none-eabi/bin/../lib/gcc/arm-none-eabi/5.4.1/../../../../arm-none-eabi/lib/armv6-m/libc_nano.a(lib_a-memcpy-stub.o)
                0x00020a56                memcpy
 .text.printf   0x00020a68       0x34 /home/diwakar/Embedded_sys_lab/software_package/gcc-arm-none-eabi/bin/../lib/gcc/arm-none-eabi/5.4.1/../../../../arm-none-eabi/lib/armv6-m/libc_nano.a(lib_a-printf.o)
                0x00020a68                printf
                0x00020a68                iprintf
 .text.sprintf  0x00020a9c       0x44 /home/diwakar/Embedded_sys_lab/software_package/gcc-arm-none-eabi/bin/../lib/gcc/arm-none-eabi/5.4.1/../../../../arm-none-eabi/lib/armv6-m/libc_nano.a(lib_a-sprintf.o)
                0x00020a9c                sprintf
                0x00020a9c                siprintf
 .text          0x00020ae0        0xe /home/diwakar/Embedded_sys_lab/software_package/gcc-arm-none-eabi/bin/../lib/gcc/arm-none-eabi/5.4.1/../../../../arm-none-eabi/lib/armv6-m/libc_nano.a(lib_a-strlen.o)
                0x00020ae0                strlen
 *fill*         0x00020aee        0x2 
 .text._cleanup_r
                0x00020af0       0x10 /home/diwakar/Embedded_sys_lab/software_package/gcc-arm-none-eabi/bin/../lib/gcc/arm-none-eabi/5.4.1/../../../../arm-none-eabi/lib/armv6-m/libc_nano.a(lib_a-findfp.o)
                0x00020af0                _cleanup_r
 .text.std.isra.0
                0x00020b00       0x48 /home/diwakar/Embedded_sys_lab/software_package/gcc-arm-none-eabi/bin/../lib/gcc/arm-none-eabi/5.4.1/../../../../arm-none-eabi/lib/armv6-m/libc_nano.a(lib_a-findfp.o)
 .text.__sfmoreglue
                0x00020b48       0x2c /home/diwakar/Embedded_sys_lab/software_package/gcc-arm-none-eabi/bin/../lib/gcc/arm-none-eabi/5.4.1/../../../../arm-none-eabi/lib/armv6-m/libc_nano.a(lib_a-findfp.o)
                0x00020b48                __sfmoreglue
 .text.__sinit  0x00020b74       0x68 /home/diwakar/Embedded_sys_lab/software_package/gcc-arm-none-eabi/bin/../lib/gcc/arm-none-eabi/5.4.1/../../../../arm-none-eabi/lib/armv6-m/libc_nano.a(lib_a-findfp.o)
                0x00020b74                __sinit
 .text.__sfp    0x00020bdc       0x7c /home/diwakar/Embedded_sys_lab/software_package/gcc-arm-none-eabi/bin/../lib/gcc/arm-none-eabi/5.4.1/../../../../arm-none-eabi/lib/armv6-m/libc_nano.a(lib_a-findfp.o)
                0x00020bdc                __sfp
 .text._fwalk_reent
                0x00020c58       0x42 /home/diwakar/Embedded_sys_lab/software_package/gcc-arm-none-eabi/bin/../lib/gcc/arm-none-eabi/5.4.1/../../../../arm-none-eabi/lib/armv6-m/libc_nano.a(lib_a-fwalk.o)
                0x00020c58                _fwalk_reent
 *fill*         0x00020c9a        0x2 
 .text._malloc_r
                0x00020c9c       0xc0 /home/diwakar/Embedded_sys_lab/software_package/gcc-arm-none-eabi/bin/../lib/gcc/arm-none-eabi/5.4.1/../../../../arm-none-eabi/lib/armv6-m/libc_nano.a(lib_a-nano-mallocr.o)
                0x00020c9c                _malloc_r
 .text.__ssputs_r
                0x00020d5c       0xc4 /home/diwakar/Embedded_sys_lab/software_package/gcc-arm-none-eabi/bin/../lib/gcc/arm-none-eabi/5.4.1/../../../../arm-none-eabi/lib/armv6-m/libc_nano.a(lib_a-nano-svfprintf.o)
                0x00020d5c                __ssputs_r
 .text._svfprintf_r
                0x00020e20      0x1fc /home/diwakar/Embedded_sys_lab/software_package/gcc-arm-none-eabi/bin/../lib/gcc/arm-none-eabi/5.4.1/../../../../arm-none-eabi/lib/armv6-m/libc_nano.a(lib_a-nano-svfprintf.o)
                0x00020e20                _svfprintf_r
                0x00020e20                _svfiprintf_r
 .text.__sfputc_r
                0x0002101c       0x2a /home/diwakar/Embedded_sys_lab/software_package/gcc-arm-none-eabi/bin/../lib/gcc/arm-none-eabi/5.4.1/../../../../arm-none-eabi/lib/armv6-m/libc_nano.a(lib_a-nano-vfprintf.o)
 .text.__sfputs_r
                0x00021046       0x24 /home/diwakar/Embedded_sys_lab/software_package/gcc-arm-none-eabi/bin/../lib/gcc/arm-none-eabi/5.4.1/../../../../arm-none-eabi/lib/armv6-m/libc_nano.a(lib_a-nano-vfprintf.o)
                0x00021046                __sfputs_r
 *fill*         0x0002106a        0x2 
 .text._vfprintf_r
                0x0002106c      0x238 /home/diwakar/Embedded_sys_lab/software_package/gcc-arm-none-eabi/bin/../lib/gcc/arm-none-eabi/5.4.1/../../../../arm-none-eabi/lib/armv6-m/libc_nano.a(lib_a-nano-vfprintf.o)
                0x0002106c                _vfiprintf_r
                0x0002106c                _vfprintf_r
 .text._printf_common
                0x000212a4       0xdc /home/diwakar/Embedded_sys_lab/software_package/gcc-arm-none-eabi/bin/../lib/gcc/arm-none-eabi/5.4.1/../../../../arm-none-eabi/lib/armv6-m/libc_nano.a(lib_a-nano-vfprintf_i.o)
                0x000212a4                _printf_common
 .text._printf_i
                0x00021380      0x244 /home/diwakar/Embedded_sys_lab/software_package/gcc-arm-none-eabi/bin/../lib/gcc/arm-none-eabi/5.4.1/../../../../arm-none-eabi/lib/armv6-m/libc_nano.a(lib_a-nano-vfprintf_i.o)
                0x00021380                _printf_i
 .text._sbrk_r  0x000215c4       0x24 /home/diwakar/Embedded_sys_lab/software_package/gcc-arm-none-eabi/bin/../lib/gcc/arm-none-eabi/5.4.1/../../../../arm-none-eabi/lib/armv6-m/libc_nano.a(lib_a-sbrkr.o)
                0x000215c4                _sbrk_r
 .text.__sread  0x000215e8       0x28 /home/diwakar/Embedded_sys_lab/software_package/gcc-arm-none-eabi/bin/../lib/gcc/arm-none-eabi/5.4.1/../../../../arm-none-eabi/lib/armv6-m/libc_nano.a(lib_a-stdio.o)
                0x000215e8                __sread
 .text.__swrite
                0x00021610       0x38 /home/diwakar/Embedded_sys_lab/software_package/gcc-arm-none-eabi/bin/../lib/gcc/arm-none-eabi/5.4.1/../../../../arm-none-eabi/lib/armv6-m/libc_nano.a(lib_a-stdio.o)
                0x00021610                __swrite
 .text.__sseek  0x00021648       0x2c /home/diwakar/Embedded_sys_lab/software_package/gcc-arm-none-eabi/bin/../lib/gcc/arm-none-eabi/5.4.1/../../../../arm-none-eabi/lib/armv6-m/libc_nano.a(lib_a-stdio.o)
                0x00021648                __sseek
 .text.__sclose
                0x00021674        0xc /home/diwakar/Embedded_sys_lab/software_package/gcc-arm-none-eabi/bin/../lib/gcc/arm-none-eabi/5.4.1/../../../../arm-none-eabi/lib/armv6-m/libc_nano.a(lib_a-stdio.o)
                0x00021674                __sclose
 .text.__swbuf_r
                0x00021680       0xb0 /home/diwakar/Embedded_sys_lab/software_package/gcc-arm-none-eabi/bin/../lib/gcc/arm-none-eabi/5.4.1/../../../../arm-none-eabi/lib/armv6-m/libc_nano.a(lib_a-wbuf.o)
                0x00021680                __swbuf_r
 .text._write_r
                0x00021730       0x28 /home/diwakar/Embedded_sys_lab/software_package/gcc-arm-none-eabi/bin/../lib/gcc/arm-none-eabi/5.4.1/../../../../arm-none-eabi/lib/armv6-m/libc_nano.a(lib_a-writer.o)
                0x00021730                _write_r
 .text.__swsetup_r
                0x00021758       0xec /home/diwakar/Embedded_sys_lab/software_package/gcc-arm-none-eabi/bin/../lib/gcc/arm-none-eabi/5.4.1/../../../../arm-none-eabi/lib/armv6-m/libc_nano.a(lib_a-wsetup.o)
                0x00021758                __swsetup_r
 .text._close_r
                0x00021844       0x24 /home/diwakar/Embedded_sys_lab/software_package/gcc-arm-none-eabi/bin/../lib/gcc/arm-none-eabi/5.4.1/../../../../arm-none-eabi/lib/armv6-m/libc_nano.a(lib_a-closer.o)
                0x00021844                _close_r
 .text.__sflush_r
                0x00021868      0x10c /home/diwakar/Embedded_sys_lab/software_package/gcc-arm-none-eabi/bin/../lib/gcc/arm-none-eabi/5.4.1/../../../../arm-none-eabi/lib/armv6-m/libc_nano.a(lib_a-fflush.o)
                0x00021868                __sflush_r
 .text._fflush_r
                0x00021974       0x58 /home/diwakar/Embedded_sys_lab/software_package/gcc-arm-none-eabi/bin/../lib/gcc/arm-none-eabi/5.4.1/../../../../arm-none-eabi/lib/armv6-m/libc_nano.a(lib_a-fflush.o)
                0x00021974                _fflush_r
 .text._lseek_r
                0x000219cc       0x28 /home/diwakar/Embedded_sys_lab/software_package/gcc-arm-none-eabi/bin/../lib/gcc/arm-none-eabi/5.4.1/../../../../arm-none-eabi/lib/armv6-m/libc_nano.a(lib_a-lseekr.o)
                0x000219cc                _lseek_r
 .text.__swhatbuf_r
                0x000219f4       0x4c /home/diwakar/Embedded_sys_lab/software_package/gcc-arm-none-eabi/bin/../lib/gcc/arm-none-eabi/5.4.1/../../../../arm-none-eabi/lib/armv6-m/libc_nano.a(lib_a-makebuf.o)
                0x000219f4                __swhatbuf_r
 .text.__smakebuf_r
                0x00021a40       0x7c /home/diwakar/Embedded_sys_lab/software_package/gcc-arm-none-eabi/bin/../lib/gcc/arm-none-eabi/5.4.1/../../../../arm-none-eabi/lib/armv6-m/libc_nano.a(lib_a-makebuf.o)
                0x00021a40                __smakebuf_r
 .text.memchr   0x00021abc       0x16 /home/diwakar/Embedded_sys_lab/software_package/gcc-arm-none-eabi/bin/../lib/gcc/arm-none-eabi/5.4.1/../../../../arm-none-eabi/lib/armv6-m/libc_nano.a(lib_a-memchr-stub.o)
                0x00021abc                memchr
 .text.memmove  0x00021ad2       0x2a /home/diwakar/Embedded_sys_lab/software_package/gcc-arm-none-eabi/bin/../lib/gcc/arm-none-eabi/5.4.1/../../../../arm-none-eabi/lib/armv6-m/libc_nano.a(lib_a-memmove.o)
                0x00021ad2                memmove
 .text.__malloc_lock
                0x00021afc        0x2 /home/diwakar/Embedded_sys_lab/software_package/gcc-arm-none-eabi/bin/../lib/gcc/arm-none-eabi/5.4.1/../../../../arm-none-eabi/lib/armv6-m/libc_nano.a(lib_a-mlock.o)
                0x00021afc                __malloc_lock
 .text.__malloc_unlock
                0x00021afe        0x2 /home/diwakar/Embedded_sys_lab/software_package/gcc-arm-none-eabi/bin/../lib/gcc/arm-none-eabi/5.4.1/../../../../arm-none-eabi/lib/armv6-m/libc_nano.a(lib_a-mlock.o)
                0x00021afe                __malloc_unlock
 .text._free_r  0x00021b00       0x98 /home/diwakar/Embedded_sys_lab/software_package/gcc-arm-none-eabi/bin/../lib/gcc/arm-none-eabi/5.4.1/../../../../arm-none-eabi/lib/armv6-m/libc_nano.a(lib_a-nano-freer.o)
                0x00021b00                _free_r
 .text._realloc_r
                0x00021b98       0x4c /home/diwakar/Embedded_sys_lab/software_package/gcc-arm-none-eabi/bin/../lib/gcc/arm-none-eabi/5.4.1/../../../../arm-none-eabi/lib/armv6-m/libc_nano.a(lib_a-nano-reallocr.o)
                0x00021b98                _realloc_r
 .text._read_r  0x00021be4       0x28 /home/diwakar/Embedded_sys_lab/software_package/gcc-arm-none-eabi/bin/../lib/gcc/arm-none-eabi/5.4.1/../../../../arm-none-eabi/lib/armv6-m/libc_nano.a(lib_a-readr.o)
                0x00021be4                _read_r
 .text._fstat_r
                0x00021c0c       0x24 /home/diwakar/Embedded_sys_lab/software_package/gcc-arm-none-eabi/bin/../lib/gcc/arm-none-eabi/5.4.1/../../../../arm-none-eabi/lib/armv6-m/libc_nano.a(lib_a-fstatr.o)
                0x00021c0c                _fstat_r
 .text._isatty_r
                0x00021c30       0x24 /home/diwakar/Embedded_sys_lab/software_package/gcc-arm-none-eabi/bin/../lib/gcc/arm-none-eabi/5.4.1/../../../../arm-none-eabi/lib/armv6-m/libc_nano.a(lib_a-isattyr.o)
                0x00021c30                _isatty_r
 .text._malloc_usable_size_r
                0x00021c54       0x16 /home/diwakar/Embedded_sys_lab/software_package/gcc-arm-none-eabi/bin/../lib/gcc/arm-none-eabi/5.4.1/../../../../arm-none-eabi/lib/armv6-m/libc_nano.a(lib_a-nano-msizer.o)
                0x00021c54                _malloc_usable_size_r
 *fill*         0x00021c6a        0x2 
 .text._close   0x00021c6c       0x10 /home/diwakar/Embedded_sys_lab/software_package/gcc-arm-none-eabi/bin/../lib/gcc/arm-none-eabi/5.4.1/../../../../arm-none-eabi/lib/armv6-m/libnosys.a(close.o)
                0x00021c6c                _close
 .text._fstat   0x00021c7c       0x10 /home/diwakar/Embedded_sys_lab/software_package/gcc-arm-none-eabi/bin/../lib/gcc/arm-none-eabi/5.4.1/../../../../arm-none-eabi/lib/armv6-m/libnosys.a(fstat.o)
                0x00021c7c                _fstat
 .text._isatty  0x00021c8c       0x10 /home/diwakar/Embedded_sys_lab/software_package/gcc-arm-none-eabi/bin/../lib/gcc/arm-none-eabi/5.4.1/../../../../arm-none-eabi/lib/armv6-m/libnosys.a(isatty.o)
                0x00021c8c                _isatty
 .text._lseek   0x00021c9c       0x10 /home/diwakar/Embedded_sys_lab/software_package/gcc-arm-none-eabi/bin/../lib/gcc/arm-none-eabi/5.4.1/../../../../arm-none-eabi/lib/armv6-m/libnosys.a(lseek.o)
                0x00021c9c                _lseek
 .text._read    0x00021cac       0x10 /home/diwakar/Embedded_sys_lab/software_package/gcc-arm-none-eabi/bin/../lib/gcc/arm-none-eabi/5.4.1/../../../../arm-none-eabi/lib/armv6-m/libnosys.a(read.o)
                0x00021cac                _read
 .text._sbrk    0x00021cbc       0x1c /home/diwakar/Embedded_sys_lab/software_package/gcc-arm-none-eabi/bin/../lib/gcc/arm-none-eabi/5.4.1/../../../../arm-none-eabi/lib/armv6-m/libnosys.a(sbrk.o)
                0x00021cbc                _sbrk
 *(.init)
 .init          0x00021cd8        0x4 /home/diwakar/Embedded_sys_lab/software_package/gcc-arm-none-eabi/bin/../lib/gcc/arm-none-eabi/5.4.1/armv6-m/crti.o
                0x00021cd8                _init
 .init          0x00021cdc        0x8 /home/diwakar/Embedded_sys_lab/software_package/gcc-arm-none-eabi/bin/../lib/gcc/arm-none-eabi/5.4.1/armv6-m/crtn.o
 *(.fini)
 .fini          0x00021ce4        0x4 /home/diwakar/Embedded_sys_lab/software_package/gcc-arm-none-eabi/bin/../lib/gcc/arm-none-eabi/5.4.1/armv6-m/crti.o
                0x00021ce4                _fini
 .fini          0x00021ce8        0x8 /home/diwakar/Embedded_sys_lab/software_package/gcc-arm-none-eabi/bin/../lib/gcc/arm-none-eabi/5.4.1/armv6-m/crtn.o
 *crtbegin.o(.ctors)
 *crtbegin?.o(.ctors)
 *(EXCLUDE_FILE(*crtend.o *crtend?.o) .ctors)
 *(SORT(.ctors.*))
 *(.ctors)
 *crtbegin.o(.dtors)
 *crtbegin?.o(.dtors)
 *(EXCLUDE_FILE(*crtend.o *crtend?.o) .dtors)
 *(SORT(.dtors.*))
 *(.dtors)
 *(.rodata*)
 .rodata.str1.1
                0x00021cf0        0x2 /home/diwakar/Embedded_sys_lab/software_package/gcc-arm-none-eabi/bin/../lib/gcc/arm-none-eabi/5.4.1/../../../../arm-none-eabi/lib/armv6-m/libc_nano.a(lib_a-impure.o)
 *fill*         0x00021cf2        0x2 
 .rodata._global_impure_ptr
                0x00021cf4        0x4 /home/diwakar/Embedded_sys_lab/software_package/gcc-arm-none-eabi/bin/../lib/gcc/arm-none-eabi/5.4.1/../../../../arm-none-eabi/lib/armv6-m/libc_nano.a(lib_a-impure.o)
                0x00021cf4                _global_impure_ptr
 .rodata.str1.4
                0x00021cf8       0x52 _build/in4073.o
 *fill*         0x00021d4a        0x2 
 .rodata.str1.4
                0x00021d4c        0xc _build/filter.o
 .rodata.str1.4
                0x00021d58       0x4b _build/control.o
 *fill*         0x00021da3        0x1 
 .rodata.quadrupel_timer.7132
                0x00021da4        0x4 _build/timers.o
 .rodata.str1.4
                0x00021da8       0x11 _build/uart.o
 *fill*         0x00021db9        0x3 
 .rodata.str1.4
                0x00021dbc       0x20 _build/queue.o
 .rodata.str1.4
                0x00021ddc       0x38 _build/twi.o
 .rodata.str1.4
                0x00021e14       0x12 _build/ble.o
 *fill*         0x00021e26        0x2 
 .rodata.test   0x00021e28       0x28 _build/inv_mpu.o
                0x00021e28                test
 .rodata.str1.4
                0x00021e50       0xa6 _build/inv_mpu.o
 *fill*         0x00021ef6        0x2 
 .rodata.hw     0x00021ef8        0xc _build/inv_mpu.o
                0x00021ef8                hw
 .rodata.reg    0x00021f04       0x1e _build/inv_mpu.o
                0x00021f04                reg
 *fill*         0x00021f22        0x2 
 .rodata        0x00021f24       0x4b _build/inv_mpu_dmp_motion_driver.o
 *fill*         0x00021f6f        0x1 
 .rodata.dmp_memory
                0x00021f70      0xbf6 _build/inv_mpu_dmp_motion_driver.o
 *fill*         0x00022b66        0x2 
 .rodata.str1.4
                0x00022b68      0x14a _build/mpu_wrapper.o
 *fill*         0x00022cb2        0x2 
 .rodata.str1.4
                0x00022cb4       0x27 _build/app_error.o
 *fill*         0x00022cdb        0x1 
 .rodata.m_conn_params_timer_id
                0x00022cdc        0x4 _build/ble_conn_params.o
 .rodata        0x00022ce0       0x10 _build/ble_nus.o
 .rodata.str1.4
                0x00022cf0        0x5 /home/diwakar/Embedded_sys_lab/software_package/gcc-arm-none-eabi/bin/../lib/gcc/arm-none-eabi/5.4.1/../../../../arm-none-eabi/lib/armv6-m/libm.a(lib_a-w_asin.o)
                                  0x9 (size before relaxing)
 *fill*         0x00022cf5        0x3 
 .rodata.str1.4
                0x00022cf8        0x8 /home/diwakar/Embedded_sys_lab/software_package/gcc-arm-none-eabi/bin/../lib/gcc/arm-none-eabi/5.4.1/../../../../arm-none-eabi/lib/armv6-m/libm.a(lib_a-w_sqrt.o)
                                  0x5 (size before relaxing)
 .rodata.atanlo
                0x00022d00       0x20 /home/diwakar/Embedded_sys_lab/software_package/gcc-arm-none-eabi/bin/../lib/gcc/arm-none-eabi/5.4.1/../../../../arm-none-eabi/lib/armv6-m/libm.a(lib_a-s_atan.o)
 .rodata.atanhi
                0x00022d20       0x20 /home/diwakar/Embedded_sys_lab/software_package/gcc-arm-none-eabi/bin/../lib/gcc/arm-none-eabi/5.4.1/../../../../arm-none-eabi/lib/armv6-m/libm.a(lib_a-s_atan.o)
 .rodata        0x00022d40       0x80 /home/diwakar/Embedded_sys_lab/software_package/gcc-arm-none-eabi/bin/../lib/gcc/arm-none-eabi/5.4.1/armv6-m/libgcc.a(divsf3.o)
 .rodata        0x00022dc0       0x40 /home/diwakar/Embedded_sys_lab/software_package/gcc-arm-none-eabi/bin/../lib/gcc/arm-none-eabi/5.4.1/armv6-m/libgcc.a(mulsf3.o)
 .rodata        0x00022e00       0x40 /home/diwakar/Embedded_sys_lab/software_package/gcc-arm-none-eabi/bin/../lib/gcc/arm-none-eabi/5.4.1/armv6-m/libgcc.a(divdf3.o)
 .rodata        0x00022e40       0x40 /home/diwakar/Embedded_sys_lab/software_package/gcc-arm-none-eabi/bin/../lib/gcc/arm-none-eabi/5.4.1/armv6-m/libgcc.a(muldf3.o)
 .rodata.__sf_fake_stdin
                0x00022e80       0x20 /home/diwakar/Embedded_sys_lab/software_package/gcc-arm-none-eabi/bin/../lib/gcc/arm-none-eabi/5.4.1/../../../../arm-none-eabi/lib/armv6-m/libc_nano.a(lib_a-findfp.o)
                0x00022e80                __sf_fake_stdin
 .rodata.__sf_fake_stdout
                0x00022ea0       0x20 /home/diwakar/Embedded_sys_lab/software_package/gcc-arm-none-eabi/bin/../lib/gcc/arm-none-eabi/5.4.1/../../../../arm-none-eabi/lib/armv6-m/libc_nano.a(lib_a-findfp.o)
                0x00022ea0                __sf_fake_stdout
 .rodata.__sf_fake_stderr
                0x00022ec0       0x20 /home/diwakar/Embedded_sys_lab/software_package/gcc-arm-none-eabi/bin/../lib/gcc/arm-none-eabi/5.4.1/../../../../arm-none-eabi/lib/armv6-m/libc_nano.a(lib_a-findfp.o)
                0x00022ec0                __sf_fake_stderr
 .rodata.str1.1
                0x00022ee0       0x11 /home/diwakar/Embedded_sys_lab/software_package/gcc-arm-none-eabi/bin/../lib/gcc/arm-none-eabi/5.4.1/../../../../arm-none-eabi/lib/armv6-m/libc_nano.a(lib_a-nano-svfprintf.o)
 .rodata.str1.1
                0x00022ef1       0x11 /home/diwakar/Embedded_sys_lab/software_package/gcc-arm-none-eabi/bin/../lib/gcc/arm-none-eabi/5.4.1/../../../../arm-none-eabi/lib/armv6-m/libc_nano.a(lib_a-nano-vfprintf.o)
 .rodata.str1.1
                0x00022ef1       0x22 /home/diwakar/Embedded_sys_lab/software_package/gcc-arm-none-eabi/bin/../lib/gcc/arm-none-eabi/5.4.1/../../../../arm-none-eabi/lib/armv6-m/libc_nano.a(lib_a-nano-vfprintf_i.o)
 *(.eh_frame*)
 *fill*         0x00022f13        0x1 
 .eh_frame      0x00022f14        0x0 /home/diwakar/Embedded_sys_lab/software_package/gcc-arm-none-eabi/bin/../lib/gcc/arm-none-eabi/5.4.1/armv6-m/crtbegin.o
                0x00022f14                . = ALIGN (0x4)

.glue_7         0x00022f14        0x0
 .glue_7        0x00022f14        0x0 linker stubs

.glue_7t        0x00022f14        0x0
 .glue_7t       0x00022f14        0x0 linker stubs

.vfp11_veneer   0x00022f14        0x0
 .vfp11_veneer  0x00022f14        0x0 linker stubs

.v4_bx          0x00022f14        0x0
 .v4_bx         0x00022f14        0x0 linker stubs

.iplt           0x00022f14        0x0
 .iplt          0x00022f14        0x0 /home/diwakar/Embedded_sys_lab/software_package/gcc-arm-none-eabi/bin/../lib/gcc/arm-none-eabi/5.4.1/armv6-m/crtbegin.o

.ARM.extab      0x00022f14        0x0
 *(.ARM.extab* .gnu.linkonce.armextab.*)
                0x00022f14                . = ALIGN (0x4)
                0x00022f14                __exidx_start = .

.ARM.exidx      0x00022f14        0x8
 *(.ARM.exidx* .gnu.linkonce.armexidx.*)
 .ARM.exidx     0x00022f14        0x8 /home/diwakar/Embedded_sys_lab/software_package/gcc-arm-none-eabi/bin/../lib/gcc/arm-none-eabi/5.4.1/../../../../arm-none-eabi/lib/armv6-m/crt0.o
 .ARM.exidx     0x00022f1c        0x0 _build/gcc_startup_nrf51.o
                                  0x8 (size before relaxing)
                0x00022f1c                . = ALIGN (0x4)
                0x00022f1c                __exidx_end = .
                0x00022f1c                __etext = .

.rel.dyn        0x00022f1c        0x0
 .rel.iplt      0x00022f1c        0x0 /home/diwakar/Embedded_sys_lab/software_package/gcc-arm-none-eabi/bin/../lib/gcc/arm-none-eabi/5.4.1/armv6-m/crtbegin.o

.data           0x20002000       0xb4 load address 0x00022f1c
                0x20002000                __data_start__ = .
 *(vtable)
 *(.data*)
 .data.impure_data
                0x20002000       0x60 /home/diwakar/Embedded_sys_lab/software_package/gcc-arm-none-eabi/bin/../lib/gcc/arm-none-eabi/5.4.1/../../../../arm-none-eabi/lib/armv6-m/libc_nano.a(lib_a-impure.o)
 .data._impure_ptr
                0x20002060        0x4 /home/diwakar/Embedded_sys_lab/software_package/gcc-arm-none-eabi/bin/../lib/gcc/arm-none-eabi/5.4.1/../../../../arm-none-eabi/lib/armv6-m/libc_nano.a(lib_a-impure.o)
                0x20002060                _impure_ptr
 .data.txd_available
                0x20002064        0x1 _build/uart.o
                0x20002064                txd_available
 *fill*         0x20002065        0x3 
 .data.m_adv_uuids
                0x20002068        0x4 _build/ble.o
 .data.m_conn_handle
                0x2000206c        0x2 _build/ble.o
 *fill*         0x2000206e        0x2 
 .data.st       0x20002070       0x2c _build/inv_mpu.o
 .data.gyro_orientation.7052
                0x2000209c        0x9 _build/mpu_wrapper.o
 *fill*         0x200020a5        0x1 
 .data.current_slave_link_conn_handle.7275
                0x200020a6        0x2 _build/ble_advertising.o
 .data.__fdlib_version
                0x200020a8        0x1 /home/diwakar/Embedded_sys_lab/software_package/gcc-arm-none-eabi/bin/../lib/gcc/arm-none-eabi/5.4.1/../../../../arm-none-eabi/lib/armv6-m/libm.a(lib_a-s_lib_ver.o)
                0x200020a8                __fdlib_version
                0x200020ac                . = ALIGN (0x4)
 *fill*         0x200020a9        0x3 
                0x200020ac                PROVIDE (__preinit_array_start, .)
 *(.preinit_array)
                0x200020ac                PROVIDE (__preinit_array_end, .)
                0x200020ac                . = ALIGN (0x4)
                0x200020ac                PROVIDE (__init_array_start, .)
 *(SORT(.init_array.*))
 *(.init_array)
 .init_array    0x200020ac        0x4 /home/diwakar/Embedded_sys_lab/software_package/gcc-arm-none-eabi/bin/../lib/gcc/arm-none-eabi/5.4.1/armv6-m/crtbegin.o
                0x200020b0                PROVIDE (__init_array_end, .)
                0x200020b0                . = ALIGN (0x4)
                [!provide]                PROVIDE (__fini_array_start, .)
 *(SORT(.fini_array.*))
 *(.fini_array)
 .fini_array    0x200020b0        0x4 /home/diwakar/Embedded_sys_lab/software_package/gcc-arm-none-eabi/bin/../lib/gcc/arm-none-eabi/5.4.1/armv6-m/crtbegin.o
                [!provide]                PROVIDE (__fini_array_end, .)
 *(.jcr)
 .jcr           0x200020b4        0x0 /home/diwakar/Embedded_sys_lab/software_package/gcc-arm-none-eabi/bin/../lib/gcc/arm-none-eabi/5.4.1/armv6-m/crtbegin.o
                0x200020b4                . = ALIGN (0x4)
                0x200020b4                __data_end__ = .

.igot.plt       0x200020b4        0x0 load address 0x00022fd0
 .igot.plt      0x200020b4        0x0 /home/diwakar/Embedded_sys_lab/software_package/gcc-arm-none-eabi/bin/../lib/gcc/arm-none-eabi/5.4.1/armv6-m/crtbegin.o

.bss            0x200020b4      0x9cc load address 0x00022fd0
                0x200020b4                . = ALIGN (0x4)
                0x200020b4                __bss_start__ = .
 *(.bss*)
 .bss           0x200020b4       0x1c /home/diwakar/Embedded_sys_lab/software_package/gcc-arm-none-eabi/bin/../lib/gcc/arm-none-eabi/5.4.1/armv6-m/crtbegin.o
 .bss.mode      0x200020d0        0x1 _build/in4073.o
                0x200020d0                mode
 .bss.pb        0x200020d1        0x1 _build/filter.o
                0x200020d1                pb
 .bss.sb        0x200020d2        0x1 _build/filter.o
                0x200020d2                sb
 *fill*         0x200020d3        0x1 
 .bss.APP_TIMER_BUF.7128
                0x200020d4      0x1c8 _build/timers.o
 .bss.quadrupel_timer_data.7131
                0x2000229c       0x20 _build/timers.o
 .bss.sent      0x200022bc        0x1 _build/twi.o
 .bss.read      0x200022bd        0x1 _build/twi.o
 .bss.loop_count
                0x200022be        0x1 _build/baro.o
 *fill*         0x200022bf        0x1 
 .bss.prom      0x200022c0       0x10 _build/baro.o
 .bss.data.7045
                0x200022d0        0x2 _build/baro.o
 *fill*         0x200022d2        0x2 
 .bss.data      0x200022d4        0x3 _build/baro.o
 *fill*         0x200022d7        0x1 
 .bss.initTime  0x200022d8        0x4 _build/baro.o
                0x200022d8                initTime
 .bss.BLE_EVT_BUFFER.8976
                0x200022dc       0x48 _build/ble.o
 .bss.m_nus     0x20002324       0x1c _build/ble.o
 .bss.spi_config_table
                0x20002340        0xc _build/spi_flash.o
 .bss.SPI       0x2000234c        0x4 _build/spi_flash.o
 .bss.dmp       0x20002350       0x10 _build/inv_mpu_dmp_motion_driver.o
 .bss.m_ticks_latest
                0x20002360        0x4 _build/app_timer.o
 .bss.mp_timer_id_head
                0x20002364        0x4 _build/app_timer.o
 .bss.m_evt_schedule_func
                0x20002368        0x4 _build/app_timer.o
 .bss.m_user_array_size
                0x2000236c        0x1 _build/app_timer.o
 *fill*         0x2000236d        0x3 
 .bss.mp_users  0x20002370        0x4 _build/app_timer.o
 .bss.m_ticks_elapsed_q_read_ind
                0x20002374        0x1 _build/app_timer.o
 .bss.m_ticks_elapsed_q_write_ind
                0x20002375        0x1 _build/app_timer.o
 .bss.m_rtc1_reset
                0x20002376        0x1 _build/app_timer.o
 *fill*         0x20002377        0x1 
 .bss.m_ticks_elapsed
                0x20002378        0x8 _build/app_timer.o
 .bss.m_rtc1_running
                0x20002380        0x1 _build/app_timer.o
 *fill*         0x20002381        0x3 
 .bss.m_cmd_queue
                0x20002384       0xcc _build/pstorage.o
 .bss.m_flags   0x20002450        0x4 _build/pstorage.o
 .bss.m_advdata
                0x20002454       0x38 _build/ble_advertising.o
 .bss.m_manuf_specific_data
                0x2000248c        0xc _build/ble_advertising.o
 .bss.m_evt_handler
                0x20002498        0x4 _build/ble_advertising.o
 .bss.m_advertising_start_pending
                0x2000249c        0x1 _build/ble_advertising.o
 *fill*         0x2000249d        0x3 
 .bss.m_manuf_data_array
                0x200024a0       0x1f _build/ble_advertising.o
 .bss.m_whitelist_temporarily_disabled
                0x200024bf        0x1 _build/ble_advertising.o
 .bss.m_error_handler
                0x200024c0        0x4 _build/ble_advertising.o
 .bss.m_peer_address
                0x200024c4        0x7 _build/ble_advertising.o
 *fill*         0x200024cb        0x1 
 .bss.m_adv_modes_config
                0x200024cc       0x24 _build/ble_advertising.o
 .bss.mp_whitelist_addr
                0x200024f0       0x20 _build/ble_advertising.o
 .bss.m_tx_power_level
                0x20002510        0x1 _build/ble_advertising.o
 *fill*         0x20002511        0x3 
 .bss.m_whitelist
                0x20002514       0x10 _build/ble_advertising.o
 .bss.m_service_data_array
                0x20002524       0x1f _build/ble_advertising.o
 .bss.m_whitelist_reply_expected
                0x20002543        0x1 _build/ble_advertising.o
 .bss.mp_whitelist_irk
                0x20002544       0x20 _build/ble_advertising.o
 .bss.m_adv_mode_current
                0x20002564        0x1 _build/ble_advertising.o
 .bss.m_peer_addr_reply_expected
                0x20002565        0x1 _build/ble_advertising.o
 *fill*         0x20002566        0x2 
 .bss.m_slave_conn_int
                0x20002568        0x4 _build/ble_advertising.o
 .bss.m_service_data
                0x2000256c        0xc _build/ble_advertising.o
 .bss.m_adv_evt
                0x20002578        0x1 _build/ble_advertising.o
 .bss.m_change_param
                0x20002579        0x1 _build/ble_conn_params.o
 *fill*         0x2000257a        0x2 
 .bss.m_current_conn_params
                0x2000257c        0x8 _build/ble_conn_params.o
 .bss.m_update_count
                0x20002584        0x1 _build/ble_conn_params.o
 *fill*         0x20002585        0x3 
 .bss.m_conn_params_config
                0x20002588       0x1c _build/ble_conn_params.o
 .bss.m_conn_params_timer_id_data
                0x200025a4       0x20 _build/ble_conn_params.o
 .bss.m_conn_handle
                0x200025c4        0x2 _build/ble_conn_params.o
 *fill*         0x200025c6        0x2 
 .bss.m_preferred_conn_params
                0x200025c8        0x8 _build/ble_conn_params.o
 .bss.m_softdevice_enabled
                0x200025d0        0x1 _build/softdevice_handler.o
 *fill*         0x200025d1        0x1 
 .bss.m_ble_evt_buffer_size
                0x200025d2        0x2 _build/softdevice_handler.o
 .bss.mp_ble_evt_buffer
                0x200025d4        0x4 _build/softdevice_handler.o
 .bss.m_sys_evt_handler
                0x200025d8        0x4 _build/softdevice_handler.o
 .bss.m_ble_evt_handler
                0x200025dc        0x4 _build/softdevice_handler.o
 .bss.m_evt_schedule_func
                0x200025e0        0x4 _build/softdevice_handler.o
 .bss.__malloc_sbrk_start
                0x200025e4        0x4 /home/diwakar/Embedded_sys_lab/software_package/gcc-arm-none-eabi/bin/../lib/gcc/arm-none-eabi/5.4.1/../../../../arm-none-eabi/lib/armv6-m/libc_nano.a(lib_a-nano-mallocr.o)
                0x200025e4                __malloc_sbrk_start
 .bss.__malloc_free_list
                0x200025e8        0x4 /home/diwakar/Embedded_sys_lab/software_package/gcc-arm-none-eabi/bin/../lib/gcc/arm-none-eabi/5.4.1/../../../../arm-none-eabi/lib/armv6-m/libc_nano.a(lib_a-nano-mallocr.o)
                0x200025e8                __malloc_free_list
 .bss.heap_end.4167
                0x200025ec        0x4 /home/diwakar/Embedded_sys_lab/software_package/gcc-arm-none-eabi/bin/../lib/gcc/arm-none-eabi/5.4.1/../../../../arm-none-eabi/lib/armv6-m/libnosys.a(sbrk.o)
 *(COMMON)
 COMMON         0x200025f0      0x47b _build/in4073.o
                0x200025f0                say
                0x200025f2                psi
                0x200025f4                sensor_fifo_count
                0x200025f6                saz
                0x200025f8                rx_queue
                0x200026fe                phi
                0x20002700                temperature
                0x20002704                theta
                0x20002708                pressure
                0x2000270c                valuepsi
                0x20002718                tx_queue
                0x2000281e                sax
                0x20002820                sq
                0x20002824                Address
                0x20002828                bat_volt
                0x2000282c                values_Packet
                0x20002834                ble_rx_queue
                0x2000293a                sp
                0x2000293c                broken_Packet
                0x20002944                radio_active
                0x20002948                motor
                0x20002950                last_correct_checksum_time
                0x20002954                ble_tx_queue
                0x20002a5c                panicFlag
                0x20002a60                ae
                0x20002a68                sr
                0x20002a6a                demo_done
 *fill*         0x20002a6b        0x1 
 COMMON         0x20002a6c        0x5 _build/timers.o
                0x20002a6c                global_time
                0x20002a70                timer_flag
 *fill*         0x20002a71        0x3 
 COMMON         0x20002a74        0x8 _build/baro.o
                0x20002a74                D2
                0x20002a78                D1
 COMMON         0x20002a7c        0x4 /home/diwakar/Embedded_sys_lab/software_package/gcc-arm-none-eabi/bin/../lib/gcc/arm-none-eabi/5.4.1/../../../../arm-none-eabi/lib/armv6-m/libc_nano.a(lib_a-reent.o)
                0x20002a7c                errno
                0x20002a80                . = ALIGN (0x4)
                0x20002a80                __bss_end__ = .

.heap           0x20002a80      0x800
                0x20002a80                __end__ = .
                0x20002a80                end = __end__
 *(.heap*)
 .heap          0x20002a80      0x800 _build/gcc_startup_nrf51.o
                0x20002a80                __HeapBase
                0x20003280                __HeapLimit = .

.stack_dummy    0x20002a80      0x800
 *(.stack*)
 .stack         0x20002a80      0x800 _build/gcc_startup_nrf51.o
                0x20004000                __StackTop = (ORIGIN (RAM) + LENGTH (RAM))
                0x20003800                __StackLimit = (__StackTop - SIZEOF (.stack_dummy))
                0x20004000                PROVIDE (__stack, __StackTop)
                0x00000001                ASSERT ((__StackLimit >= __HeapLimit), region RAM overflowed with stack)
OUTPUT(_build/in4073.out elf32-littlearm)

.ARM.attributes
                0x00000000       0x28
 .ARM.attributes
                0x00000000       0x1e /home/diwakar/Embedded_sys_lab/software_package/gcc-arm-none-eabi/bin/../lib/gcc/arm-none-eabi/5.4.1/armv6-m/crti.o
 .ARM.attributes
                0x0000001e       0x2c /home/diwakar/Embedded_sys_lab/software_package/gcc-arm-none-eabi/bin/../lib/gcc/arm-none-eabi/5.4.1/armv6-m/crtbegin.o
 .ARM.attributes
                0x0000004a       0x1b /home/diwakar/Embedded_sys_lab/software_package/gcc-arm-none-eabi/bin/../lib/gcc/arm-none-eabi/5.4.1/../../../../arm-none-eabi/lib/armv6-m/crt0.o
 .ARM.attributes
                0x00000065       0x2c /home/diwakar/Embedded_sys_lab/software_package/gcc-arm-none-eabi/bin/../lib/gcc/arm-none-eabi/5.4.1/../../../../arm-none-eabi/lib/armv6-m/libc_nano.a(lib_a-exit.o)
 .ARM.attributes
                0x00000091       0x2c /home/diwakar/Embedded_sys_lab/software_package/gcc-arm-none-eabi/bin/../lib/gcc/arm-none-eabi/5.4.1/../../../../arm-none-eabi/lib/armv6-m/libc_nano.a(lib_a-impure.o)
 .ARM.attributes
                0x000000bd       0x2c /home/diwakar/Embedded_sys_lab/software_package/gcc-arm-none-eabi/bin/../lib/gcc/arm-none-eabi/5.4.1/../../../../arm-none-eabi/lib/armv6-m/libc_nano.a(lib_a-init.o)
 .ARM.attributes
                0x000000e9       0x2c /home/diwakar/Embedded_sys_lab/software_package/gcc-arm-none-eabi/bin/../lib/gcc/arm-none-eabi/5.4.1/../../../../arm-none-eabi/lib/armv6-m/libc_nano.a(lib_a-memset.o)
 .ARM.attributes
                0x00000115       0x2c /home/diwakar/Embedded_sys_lab/software_package/gcc-arm-none-eabi/bin/../lib/gcc/arm-none-eabi/5.4.1/../../../../arm-none-eabi/lib/armv6-m/libnosys.a(_exit.o)
 .ARM.attributes
                0x00000141       0x31 _build/system_nrf51.o
 .ARM.attributes
                0x00000172       0x31 _build/nrf_delay.o
 .ARM.attributes
                0x000001a3       0x31 _build/in4073.o
 .ARM.attributes
                0x000001d4       0x31 _build/filter.o
 .ARM.attributes
                0x00000205       0x31 _build/control.o
 .ARM.attributes
                0x00000236       0x31 _build/gpio.o
 .ARM.attributes
                0x00000267       0x31 _build/timers.o
 .ARM.attributes
                0x00000298       0x31 _build/uart.o
 .ARM.attributes
                0x000002c9       0x31 _build/queue.o
 .ARM.attributes
                0x000002fa       0x31 _build/twi.o
 .ARM.attributes
                0x0000032b       0x31 _build/adc.o
 .ARM.attributes
                0x0000035c       0x31 _build/baro.o
 .ARM.attributes
                0x0000038d       0x31 _build/ble.o
 .ARM.attributes
                0x000003be       0x31 _build/packet_protocol.o
 .ARM.attributes
                0x000003ef       0x31 _build/spi_flash.o
 .ARM.attributes
                0x00000420       0x31 _build/crc16.o
 .ARM.attributes
                0x00000451       0x31 _build/inv_mpu.o
 .ARM.attributes
                0x00000482       0x31 _build/inv_mpu_dmp_motion_driver.o
 .ARM.attributes
                0x000004b3       0x31 _build/ml.o
 .ARM.attributes
                0x000004e4       0x31 _build/mpu_wrapper.o
 .ARM.attributes
                0x00000515       0x31 _build/app_error.o
 .ARM.attributes
                0x00000546       0x31 _build/app_timer.o
 .ARM.attributes
                0x00000577       0x31 _build/pstorage.o
 .ARM.attributes
                0x000005a8       0x31 _build/ble_advdata.o
 .ARM.attributes
                0x000005d9       0x31 _build/ble_advertising.o
 .ARM.attributes
                0x0000060a       0x31 _build/ble_conn_params.o
 .ARM.attributes
                0x0000063b       0x31 _build/ble_nus.o
 .ARM.attributes
                0x0000066c       0x31 _build/softdevice_handler.o
 .ARM.attributes
                0x0000069d       0x1b _build/gcc_startup_nrf51.o
 .ARM.attributes
                0x000006b8       0x2c /home/diwakar/Embedded_sys_lab/software_package/gcc-arm-none-eabi/bin/../lib/gcc/arm-none-eabi/5.4.1/../../../../arm-none-eabi/lib/armv6-m/libm.a(lib_a-s_fabs.o)
 .ARM.attributes
                0x000006e4       0x2c /home/diwakar/Embedded_sys_lab/software_package/gcc-arm-none-eabi/bin/../lib/gcc/arm-none-eabi/5.4.1/../../../../arm-none-eabi/lib/armv6-m/libm.a(lib_a-w_asin.o)
 .ARM.attributes
                0x00000710       0x2c /home/diwakar/Embedded_sys_lab/software_package/gcc-arm-none-eabi/bin/../lib/gcc/arm-none-eabi/5.4.1/../../../../arm-none-eabi/lib/armv6-m/libm.a(lib_a-w_atan2.o)
 .ARM.attributes
                0x0000073c       0x2c /home/diwakar/Embedded_sys_lab/software_package/gcc-arm-none-eabi/bin/../lib/gcc/arm-none-eabi/5.4.1/../../../../arm-none-eabi/lib/armv6-m/libm.a(lib_a-w_sqrt.o)
 .ARM.attributes
                0x00000768       0x2c /home/diwakar/Embedded_sys_lab/software_package/gcc-arm-none-eabi/bin/../lib/gcc/arm-none-eabi/5.4.1/../../../../arm-none-eabi/lib/armv6-m/libm.a(lib_a-e_asin.o)
 .ARM.attributes
                0x00000794       0x2c /home/diwakar/Embedded_sys_lab/software_package/gcc-arm-none-eabi/bin/../lib/gcc/arm-none-eabi/5.4.1/../../../../arm-none-eabi/lib/armv6-m/libm.a(lib_a-e_atan2.o)
 .ARM.attributes
                0x000007c0       0x2c /home/diwakar/Embedded_sys_lab/software_package/gcc-arm-none-eabi/bin/../lib/gcc/arm-none-eabi/5.4.1/../../../../arm-none-eabi/lib/armv6-m/libm.a(lib_a-e_sqrt.o)
 .ARM.attributes
                0x000007ec       0x2c /home/diwakar/Embedded_sys_lab/software_package/gcc-arm-none-eabi/bin/../lib/gcc/arm-none-eabi/5.4.1/../../../../arm-none-eabi/lib/armv6-m/libm.a(lib_a-s_atan.o)
 .ARM.attributes
                0x00000818       0x2c /home/diwakar/Embedded_sys_lab/software_package/gcc-arm-none-eabi/bin/../lib/gcc/arm-none-eabi/5.4.1/../../../../arm-none-eabi/lib/armv6-m/libm.a(lib_a-s_lib_ver.o)
 .ARM.attributes
                0x00000844       0x2c /home/diwakar/Embedded_sys_lab/software_package/gcc-arm-none-eabi/bin/../lib/gcc/arm-none-eabi/5.4.1/../../../../arm-none-eabi/lib/armv6-m/libm.a(lib_a-s_matherr.o)
 .ARM.attributes
                0x00000870       0x2c /home/diwakar/Embedded_sys_lab/software_package/gcc-arm-none-eabi/bin/../lib/gcc/arm-none-eabi/5.4.1/../../../../arm-none-eabi/lib/armv6-m/libm.a(lib_a-s_nan.o)
 .ARM.attributes
                0x0000089c       0x1e /home/diwakar/Embedded_sys_lab/software_package/gcc-arm-none-eabi/bin/../lib/gcc/arm-none-eabi/5.4.1/armv6-m/libgcc.a(_udivsi3.o)
 .ARM.attributes
                0x000008ba       0x1e /home/diwakar/Embedded_sys_lab/software_package/gcc-arm-none-eabi/bin/../lib/gcc/arm-none-eabi/5.4.1/armv6-m/libgcc.a(_divsi3.o)
 .ARM.attributes
                0x000008d8       0x1e /home/diwakar/Embedded_sys_lab/software_package/gcc-arm-none-eabi/bin/../lib/gcc/arm-none-eabi/5.4.1/armv6-m/libgcc.a(_dvmd_tls.o)
 .ARM.attributes
                0x000008f6       0x1e /home/diwakar/Embedded_sys_lab/software_package/gcc-arm-none-eabi/bin/../lib/gcc/arm-none-eabi/5.4.1/armv6-m/libgcc.a(_arm_cmpdf2.o)
 .ARM.attributes
                0x00000914       0x1e /home/diwakar/Embedded_sys_lab/software_package/gcc-arm-none-eabi/bin/../lib/gcc/arm-none-eabi/5.4.1/armv6-m/libgcc.a(_arm_cmpsf2.o)
 .ARM.attributes
                0x00000932       0x2c /home/diwakar/Embedded_sys_lab/software_package/gcc-arm-none-eabi/bin/../lib/gcc/arm-none-eabi/5.4.1/armv6-m/libgcc.a(_muldi3.o)
 .ARM.attributes
                0x0000095e       0x2c /home/diwakar/Embedded_sys_lab/software_package/gcc-arm-none-eabi/bin/../lib/gcc/arm-none-eabi/5.4.1/armv6-m/libgcc.a(_fixunssfsi.o)
 .ARM.attributes
                0x0000098a       0x2c /home/diwakar/Embedded_sys_lab/software_package/gcc-arm-none-eabi/bin/../lib/gcc/arm-none-eabi/5.4.1/armv6-m/libgcc.a(addsf3.o)
 .ARM.attributes
                0x000009b6       0x2c /home/diwakar/Embedded_sys_lab/software_package/gcc-arm-none-eabi/bin/../lib/gcc/arm-none-eabi/5.4.1/armv6-m/libgcc.a(divsf3.o)
 .ARM.attributes
                0x000009e2       0x2c /home/diwakar/Embedded_sys_lab/software_package/gcc-arm-none-eabi/bin/../lib/gcc/arm-none-eabi/5.4.1/armv6-m/libgcc.a(eqsf2.o)
 .ARM.attributes
                0x00000a0e       0x2c /home/diwakar/Embedded_sys_lab/software_package/gcc-arm-none-eabi/bin/../lib/gcc/arm-none-eabi/5.4.1/armv6-m/libgcc.a(gesf2.o)
 .ARM.attributes
                0x00000a3a       0x2c /home/diwakar/Embedded_sys_lab/software_package/gcc-arm-none-eabi/bin/../lib/gcc/arm-none-eabi/5.4.1/armv6-m/libgcc.a(lesf2.o)
 .ARM.attributes
                0x00000a66       0x2c /home/diwakar/Embedded_sys_lab/software_package/gcc-arm-none-eabi/bin/../lib/gcc/arm-none-eabi/5.4.1/armv6-m/libgcc.a(mulsf3.o)
 .ARM.attributes
                0x00000a92       0x2c /home/diwakar/Embedded_sys_lab/software_package/gcc-arm-none-eabi/bin/../lib/gcc/arm-none-eabi/5.4.1/armv6-m/libgcc.a(subsf3.o)
 .ARM.attributes
                0x00000abe       0x2c /home/diwakar/Embedded_sys_lab/software_package/gcc-arm-none-eabi/bin/../lib/gcc/arm-none-eabi/5.4.1/armv6-m/libgcc.a(fixsfsi.o)
 .ARM.attributes
                0x00000aea       0x2c /home/diwakar/Embedded_sys_lab/software_package/gcc-arm-none-eabi/bin/../lib/gcc/arm-none-eabi/5.4.1/armv6-m/libgcc.a(floatsisf.o)
 .ARM.attributes
                0x00000b16       0x2c /home/diwakar/Embedded_sys_lab/software_package/gcc-arm-none-eabi/bin/../lib/gcc/arm-none-eabi/5.4.1/armv6-m/libgcc.a(floatunsisf.o)
 .ARM.attributes
                0x00000b42       0x2c /home/diwakar/Embedded_sys_lab/software_package/gcc-arm-none-eabi/bin/../lib/gcc/arm-none-eabi/5.4.1/armv6-m/libgcc.a(adddf3.o)
 .ARM.attributes
                0x00000b6e       0x2c /home/diwakar/Embedded_sys_lab/software_package/gcc-arm-none-eabi/bin/../lib/gcc/arm-none-eabi/5.4.1/armv6-m/libgcc.a(divdf3.o)
 .ARM.attributes
                0x00000b9a       0x2c /home/diwakar/Embedded_sys_lab/software_package/gcc-arm-none-eabi/bin/../lib/gcc/arm-none-eabi/5.4.1/armv6-m/libgcc.a(eqdf2.o)
 .ARM.attributes
                0x00000bc6       0x2c /home/diwakar/Embedded_sys_lab/software_package/gcc-arm-none-eabi/bin/../lib/gcc/arm-none-eabi/5.4.1/armv6-m/libgcc.a(gedf2.o)
 .ARM.attributes
                0x00000bf2       0x2c /home/diwakar/Embedded_sys_lab/software_package/gcc-arm-none-eabi/bin/../lib/gcc/arm-none-eabi/5.4.1/armv6-m/libgcc.a(ledf2.o)
 .ARM.attributes
                0x00000c1e       0x2c /home/diwakar/Embedded_sys_lab/software_package/gcc-arm-none-eabi/bin/../lib/gcc/arm-none-eabi/5.4.1/armv6-m/libgcc.a(muldf3.o)
 .ARM.attributes
                0x00000c4a       0x2c /home/diwakar/Embedded_sys_lab/software_package/gcc-arm-none-eabi/bin/../lib/gcc/arm-none-eabi/5.4.1/armv6-m/libgcc.a(subdf3.o)
 .ARM.attributes
                0x00000c76       0x2c /home/diwakar/Embedded_sys_lab/software_package/gcc-arm-none-eabi/bin/../lib/gcc/arm-none-eabi/5.4.1/armv6-m/libgcc.a(unorddf2.o)
 .ARM.attributes
                0x00000ca2       0x2c /home/diwakar/Embedded_sys_lab/software_package/gcc-arm-none-eabi/bin/../lib/gcc/arm-none-eabi/5.4.1/armv6-m/libgcc.a(fixdfsi.o)
 .ARM.attributes
                0x00000cce       0x2c /home/diwakar/Embedded_sys_lab/software_package/gcc-arm-none-eabi/bin/../lib/gcc/arm-none-eabi/5.4.1/armv6-m/libgcc.a(floatsidf.o)
 .ARM.attributes
                0x00000cfa       0x2c /home/diwakar/Embedded_sys_lab/software_package/gcc-arm-none-eabi/bin/../lib/gcc/arm-none-eabi/5.4.1/armv6-m/libgcc.a(extendsfdf2.o)
 .ARM.attributes
                0x00000d26       0x1e /home/diwakar/Embedded_sys_lab/software_package/gcc-arm-none-eabi/bin/../lib/gcc/arm-none-eabi/5.4.1/armv6-m/libgcc.a(_clzsi2.o)
 .ARM.attributes
                0x00000d44       0x2c /home/diwakar/Embedded_sys_lab/software_package/gcc-arm-none-eabi/bin/../lib/gcc/arm-none-eabi/5.4.1/../../../../arm-none-eabi/lib/armv6-m/libc_nano.a(lib_a-errno.o)
 .ARM.attributes
                0x00000d70       0x2c /home/diwakar/Embedded_sys_lab/software_package/gcc-arm-none-eabi/bin/../lib/gcc/arm-none-eabi/5.4.1/../../../../arm-none-eabi/lib/armv6-m/libc_nano.a(lib_a-memcmp.o)
 .ARM.attributes
                0x00000d9c       0x2c /home/diwakar/Embedded_sys_lab/software_package/gcc-arm-none-eabi/bin/../lib/gcc/arm-none-eabi/5.4.1/../../../../arm-none-eabi/lib/armv6-m/libc_nano.a(lib_a-memcpy-stub.o)
 .ARM.attributes
                0x00000dc8       0x2c /home/diwakar/Embedded_sys_lab/software_package/gcc-arm-none-eabi/bin/../lib/gcc/arm-none-eabi/5.4.1/../../../../arm-none-eabi/lib/armv6-m/libc_nano.a(lib_a-printf.o)
 .ARM.attributes
                0x00000df4       0x2c /home/diwakar/Embedded_sys_lab/software_package/gcc-arm-none-eabi/bin/../lib/gcc/arm-none-eabi/5.4.1/../../../../arm-none-eabi/lib/armv6-m/libc_nano.a(lib_a-sprintf.o)
 .ARM.attributes
                0x00000e20       0x1c /home/diwakar/Embedded_sys_lab/software_package/gcc-arm-none-eabi/bin/../lib/gcc/arm-none-eabi/5.4.1/../../../../arm-none-eabi/lib/armv6-m/libc_nano.a(lib_a-strlen.o)
 .ARM.attributes
                0x00000e3c       0x2c /home/diwakar/Embedded_sys_lab/software_package/gcc-arm-none-eabi/bin/../lib/gcc/arm-none-eabi/5.4.1/../../../../arm-none-eabi/lib/armv6-m/libc_nano.a(lib_a-findfp.o)
 .ARM.attributes
                0x00000e68       0x2c /home/diwakar/Embedded_sys_lab/software_package/gcc-arm-none-eabi/bin/../lib/gcc/arm-none-eabi/5.4.1/../../../../arm-none-eabi/lib/armv6-m/libc_nano.a(lib_a-fwalk.o)
 .ARM.attributes
                0x00000e94       0x2c /home/diwakar/Embedded_sys_lab/software_package/gcc-arm-none-eabi/bin/../lib/gcc/arm-none-eabi/5.4.1/../../../../arm-none-eabi/lib/armv6-m/libc_nano.a(lib_a-nano-mallocr.o)
 .ARM.attributes
                0x00000ec0       0x2c /home/diwakar/Embedded_sys_lab/software_package/gcc-arm-none-eabi/bin/../lib/gcc/arm-none-eabi/5.4.1/../../../../arm-none-eabi/lib/armv6-m/libc_nano.a(lib_a-nano-svfprintf.o)
 .ARM.attributes
                0x00000eec       0x2c /home/diwakar/Embedded_sys_lab/software_package/gcc-arm-none-eabi/bin/../lib/gcc/arm-none-eabi/5.4.1/../../../../arm-none-eabi/lib/armv6-m/libc_nano.a(lib_a-nano-vfprintf.o)
 .ARM.attributes
                0x00000f18       0x2c /home/diwakar/Embedded_sys_lab/software_package/gcc-arm-none-eabi/bin/../lib/gcc/arm-none-eabi/5.4.1/../../../../arm-none-eabi/lib/armv6-m/libc_nano.a(lib_a-nano-vfprintf_i.o)
 .ARM.attributes
                0x00000f44       0x2c /home/diwakar/Embedded_sys_lab/software_package/gcc-arm-none-eabi/bin/../lib/gcc/arm-none-eabi/5.4.1/../../../../arm-none-eabi/lib/armv6-m/libc_nano.a(lib_a-sbrkr.o)
 .ARM.attributes
                0x00000f70       0x2c /home/diwakar/Embedded_sys_lab/software_package/gcc-arm-none-eabi/bin/../lib/gcc/arm-none-eabi/5.4.1/../../../../arm-none-eabi/lib/armv6-m/libc_nano.a(lib_a-stdio.o)
 .ARM.attributes
                0x00000f9c       0x2c /home/diwakar/Embedded_sys_lab/software_package/gcc-arm-none-eabi/bin/../lib/gcc/arm-none-eabi/5.4.1/../../../../arm-none-eabi/lib/armv6-m/libc_nano.a(lib_a-wbuf.o)
 .ARM.attributes
                0x00000fc8       0x2c /home/diwakar/Embedded_sys_lab/software_package/gcc-arm-none-eabi/bin/../lib/gcc/arm-none-eabi/5.4.1/../../../../arm-none-eabi/lib/armv6-m/libc_nano.a(lib_a-writer.o)
 .ARM.attributes
                0x00000ff4       0x2c /home/diwakar/Embedded_sys_lab/software_package/gcc-arm-none-eabi/bin/../lib/gcc/arm-none-eabi/5.4.1/../../../../arm-none-eabi/lib/armv6-m/libc_nano.a(lib_a-wsetup.o)
 .ARM.attributes
                0x00001020       0x2c /home/diwakar/Embedded_sys_lab/software_package/gcc-arm-none-eabi/bin/../lib/gcc/arm-none-eabi/5.4.1/../../../../arm-none-eabi/lib/armv6-m/libc_nano.a(lib_a-closer.o)
 .ARM.attributes
                0x0000104c       0x2c /home/diwakar/Embedded_sys_lab/software_package/gcc-arm-none-eabi/bin/../lib/gcc/arm-none-eabi/5.4.1/../../../../arm-none-eabi/lib/armv6-m/libc_nano.a(lib_a-fflush.o)
 .ARM.attributes
                0x00001078       0x2c /home/diwakar/Embedded_sys_lab/software_package/gcc-arm-none-eabi/bin/../lib/gcc/arm-none-eabi/5.4.1/../../../../arm-none-eabi/lib/armv6-m/libc_nano.a(lib_a-lseekr.o)
 .ARM.attributes
                0x000010a4       0x2c /home/diwakar/Embedded_sys_lab/software_package/gcc-arm-none-eabi/bin/../lib/gcc/arm-none-eabi/5.4.1/../../../../arm-none-eabi/lib/armv6-m/libc_nano.a(lib_a-makebuf.o)
 .ARM.attributes
                0x000010d0       0x2c /home/diwakar/Embedded_sys_lab/software_package/gcc-arm-none-eabi/bin/../lib/gcc/arm-none-eabi/5.4.1/../../../../arm-none-eabi/lib/armv6-m/libc_nano.a(lib_a-memchr-stub.o)
 .ARM.attributes
                0x000010fc       0x2c /home/diwakar/Embedded_sys_lab/software_package/gcc-arm-none-eabi/bin/../lib/gcc/arm-none-eabi/5.4.1/../../../../arm-none-eabi/lib/armv6-m/libc_nano.a(lib_a-memmove.o)
 .ARM.attributes
                0x00001128       0x2c /home/diwakar/Embedded_sys_lab/software_package/gcc-arm-none-eabi/bin/../lib/gcc/arm-none-eabi/5.4.1/../../../../arm-none-eabi/lib/armv6-m/libc_nano.a(lib_a-mlock.o)
 .ARM.attributes
                0x00001154       0x2c /home/diwakar/Embedded_sys_lab/software_package/gcc-arm-none-eabi/bin/../lib/gcc/arm-none-eabi/5.4.1/../../../../arm-none-eabi/lib/armv6-m/libc_nano.a(lib_a-nano-freer.o)
 .ARM.attributes
                0x00001180       0x2c /home/diwakar/Embedded_sys_lab/software_package/gcc-arm-none-eabi/bin/../lib/gcc/arm-none-eabi/5.4.1/../../../../arm-none-eabi/lib/armv6-m/libc_nano.a(lib_a-nano-reallocr.o)
 .ARM.attributes
                0x000011ac       0x2c /home/diwakar/Embedded_sys_lab/software_package/gcc-arm-none-eabi/bin/../lib/gcc/arm-none-eabi/5.4.1/../../../../arm-none-eabi/lib/armv6-m/libc_nano.a(lib_a-readr.o)
 .ARM.attributes
                0x000011d8       0x2c /home/diwakar/Embedded_sys_lab/software_package/gcc-arm-none-eabi/bin/../lib/gcc/arm-none-eabi/5.4.1/../../../../arm-none-eabi/lib/armv6-m/libc_nano.a(lib_a-reent.o)
 .ARM.attributes
                0x00001204       0x2c /home/diwakar/Embedded_sys_lab/software_package/gcc-arm-none-eabi/bin/../lib/gcc/arm-none-eabi/5.4.1/../../../../arm-none-eabi/lib/armv6-m/libc_nano.a(lib_a-fstatr.o)
 .ARM.attributes
                0x00001230       0x2c /home/diwakar/Embedded_sys_lab/software_package/gcc-arm-none-eabi/bin/../lib/gcc/arm-none-eabi/5.4.1/../../../../arm-none-eabi/lib/armv6-m/libc_nano.a(lib_a-isattyr.o)
 .ARM.attributes
                0x0000125c       0x2c /home/diwakar/Embedded_sys_lab/software_package/gcc-arm-none-eabi/bin/../lib/gcc/arm-none-eabi/5.4.1/../../../../arm-none-eabi/lib/armv6-m/libc_nano.a(lib_a-nano-msizer.o)
 .ARM.attributes
                0x00001288       0x1e /home/diwakar/Embedded_sys_lab/software_package/gcc-arm-none-eabi/bin/../lib/gcc/arm-none-eabi/5.4.1/armv6-m/crtn.o
 .ARM.attributes
                0x000012a6       0x2c /home/diwakar/Embedded_sys_lab/software_package/gcc-arm-none-eabi/bin/../lib/gcc/arm-none-eabi/5.4.1/../../../../arm-none-eabi/lib/armv6-m/libnosys.a(close.o)
 .ARM.attributes
                0x000012d2       0x2c /home/diwakar/Embedded_sys_lab/software_package/gcc-arm-none-eabi/bin/../lib/gcc/arm-none-eabi/5.4.1/../../../../arm-none-eabi/lib/armv6-m/libnosys.a(fstat.o)
 .ARM.attributes
                0x000012fe       0x2c /home/diwakar/Embedded_sys_lab/software_package/gcc-arm-none-eabi/bin/../lib/gcc/arm-none-eabi/5.4.1/../../../../arm-none-eabi/lib/armv6-m/libnosys.a(isatty.o)
 .ARM.attributes
                0x0000132a       0x2c /home/diwakar/Embedded_sys_lab/software_package/gcc-arm-none-eabi/bin/../lib/gcc/arm-none-eabi/5.4.1/../../../../arm-none-eabi/lib/armv6-m/libnosys.a(lseek.o)
 .ARM.attributes
                0x00001356       0x2c /home/diwakar/Embedded_sys_lab/software_package/gcc-arm-none-eabi/bin/../lib/gcc/arm-none-eabi/5.4.1/../../../../arm-none-eabi/lib/armv6-m/libnosys.a(read.o)
 .ARM.attributes
                0x00001382       0x2c /home/diwakar/Embedded_sys_lab/software_package/gcc-arm-none-eabi/bin/../lib/gcc/arm-none-eabi/5.4.1/../../../../arm-none-eabi/lib/armv6-m/libnosys.a(sbrk.o)

.comment        0x00000000       0x6e
 .comment       0x00000000       0x6e _build/system_nrf51.o
                                 0x6f (size before relaxing)
 .comment       0x0000006e       0x6f _build/nrf_delay.o
 .comment       0x0000006e       0x6f _build/in4073.o
 .comment       0x0000006e       0x6f _build/filter.o
 .comment       0x0000006e       0x6f _build/control.o
 .comment       0x0000006e       0x6f _build/gpio.o
 .comment       0x0000006e       0x6f _build/timers.o
 .comment       0x0000006e       0x6f _build/uart.o
 .comment       0x0000006e       0x6f _build/queue.o
 .comment       0x0000006e       0x6f _build/twi.o
 .comment       0x0000006e       0x6f _build/adc.o
 .comment       0x0000006e       0x6f _build/baro.o
 .comment       0x0000006e       0x6f _build/ble.o
 .comment       0x0000006e       0x6f _build/packet_protocol.o
 .comment       0x0000006e       0x6f _build/spi_flash.o
 .comment       0x0000006e       0x6f _build/crc16.o
 .comment       0x0000006e       0x6f _build/inv_mpu.o
 .comment       0x0000006e       0x6f _build/inv_mpu_dmp_motion_driver.o
 .comment       0x0000006e       0x6f _build/ml.o
 .comment       0x0000006e       0x6f _build/mpu_wrapper.o
 .comment       0x0000006e       0x6f _build/app_error.o
 .comment       0x0000006e       0x6f _build/app_timer.o
 .comment       0x0000006e       0x6f _build/pstorage.o
 .comment       0x0000006e       0x6f _build/ble_advdata.o
 .comment       0x0000006e       0x6f _build/ble_advertising.o
 .comment       0x0000006e       0x6f _build/ble_conn_params.o
 .comment       0x0000006e       0x6f _build/ble_nus.o
 .comment       0x0000006e       0x6f _build/softdevice_handler.o

.debug_frame    0x00000000     0x1058
 .debug_frame   0x00000000       0x28 /home/diwakar/Embedded_sys_lab/software_package/gcc-arm-none-eabi/bin/../lib/gcc/arm-none-eabi/5.4.1/../../../../arm-none-eabi/lib/armv6-m/libc_nano.a(lib_a-exit.o)
 .debug_frame   0x00000028       0x2c /home/diwakar/Embedded_sys_lab/software_package/gcc-arm-none-eabi/bin/../lib/gcc/arm-none-eabi/5.4.1/../../../../arm-none-eabi/lib/armv6-m/libc_nano.a(lib_a-init.o)
 .debug_frame   0x00000054       0x20 /home/diwakar/Embedded_sys_lab/software_package/gcc-arm-none-eabi/bin/../lib/gcc/arm-none-eabi/5.4.1/../../../../arm-none-eabi/lib/armv6-m/libc_nano.a(lib_a-memset.o)
 .debug_frame   0x00000074       0x20 /home/diwakar/Embedded_sys_lab/software_package/gcc-arm-none-eabi/bin/../lib/gcc/arm-none-eabi/5.4.1/../../../../arm-none-eabi/lib/armv6-m/libnosys.a(_exit.o)
 .debug_frame   0x00000094       0x20 /home/diwakar/Embedded_sys_lab/software_package/gcc-arm-none-eabi/bin/../lib/gcc/arm-none-eabi/5.4.1/../../../../arm-none-eabi/lib/armv6-m/libm.a(lib_a-s_fabs.o)
 .debug_frame   0x000000b4       0x38 /home/diwakar/Embedded_sys_lab/software_package/gcc-arm-none-eabi/bin/../lib/gcc/arm-none-eabi/5.4.1/../../../../arm-none-eabi/lib/armv6-m/libm.a(lib_a-w_asin.o)
 .debug_frame   0x000000ec       0x28 /home/diwakar/Embedded_sys_lab/software_package/gcc-arm-none-eabi/bin/../lib/gcc/arm-none-eabi/5.4.1/../../../../arm-none-eabi/lib/armv6-m/libm.a(lib_a-w_atan2.o)
 .debug_frame   0x00000114       0x38 /home/diwakar/Embedded_sys_lab/software_package/gcc-arm-none-eabi/bin/../lib/gcc/arm-none-eabi/5.4.1/../../../../arm-none-eabi/lib/armv6-m/libm.a(lib_a-w_sqrt.o)
 .debug_frame   0x0000014c       0x38 /home/diwakar/Embedded_sys_lab/software_package/gcc-arm-none-eabi/bin/../lib/gcc/arm-none-eabi/5.4.1/../../../../arm-none-eabi/lib/armv6-m/libm.a(lib_a-e_asin.o)
 .debug_frame   0x00000184       0x38 /home/diwakar/Embedded_sys_lab/software_package/gcc-arm-none-eabi/bin/../lib/gcc/arm-none-eabi/5.4.1/../../../../arm-none-eabi/lib/armv6-m/libm.a(lib_a-e_atan2.o)
 .debug_frame   0x000001bc       0x3c /home/diwakar/Embedded_sys_lab/software_package/gcc-arm-none-eabi/bin/../lib/gcc/arm-none-eabi/5.4.1/../../../../arm-none-eabi/lib/armv6-m/libm.a(lib_a-e_sqrt.o)
 .debug_frame   0x000001f8       0x3c /home/diwakar/Embedded_sys_lab/software_package/gcc-arm-none-eabi/bin/../lib/gcc/arm-none-eabi/5.4.1/../../../../arm-none-eabi/lib/armv6-m/libm.a(lib_a-s_atan.o)
 .debug_frame   0x00000234       0x20 /home/diwakar/Embedded_sys_lab/software_package/gcc-arm-none-eabi/bin/../lib/gcc/arm-none-eabi/5.4.1/../../../../arm-none-eabi/lib/armv6-m/libm.a(lib_a-s_matherr.o)
 .debug_frame   0x00000254       0x20 /home/diwakar/Embedded_sys_lab/software_package/gcc-arm-none-eabi/bin/../lib/gcc/arm-none-eabi/5.4.1/../../../../arm-none-eabi/lib/armv6-m/libm.a(lib_a-s_nan.o)
 .debug_frame   0x00000274       0x20 /home/diwakar/Embedded_sys_lab/software_package/gcc-arm-none-eabi/bin/../lib/gcc/arm-none-eabi/5.4.1/armv6-m/libgcc.a(_udivsi3.o)
 .debug_frame   0x00000294       0x20 /home/diwakar/Embedded_sys_lab/software_package/gcc-arm-none-eabi/bin/../lib/gcc/arm-none-eabi/5.4.1/armv6-m/libgcc.a(_divsi3.o)
 .debug_frame   0x000002b4       0x34 /home/diwakar/Embedded_sys_lab/software_package/gcc-arm-none-eabi/bin/../lib/gcc/arm-none-eabi/5.4.1/armv6-m/libgcc.a(_muldi3.o)
 .debug_frame   0x000002e8       0x28 /home/diwakar/Embedded_sys_lab/software_package/gcc-arm-none-eabi/bin/../lib/gcc/arm-none-eabi/5.4.1/armv6-m/libgcc.a(_fixunssfsi.o)
 .debug_frame   0x00000310       0x30 /home/diwakar/Embedded_sys_lab/software_package/gcc-arm-none-eabi/bin/../lib/gcc/arm-none-eabi/5.4.1/armv6-m/libgcc.a(addsf3.o)
 .debug_frame   0x00000340       0x3c /home/diwakar/Embedded_sys_lab/software_package/gcc-arm-none-eabi/bin/../lib/gcc/arm-none-eabi/5.4.1/armv6-m/libgcc.a(divsf3.o)
 .debug_frame   0x0000037c       0x2c /home/diwakar/Embedded_sys_lab/software_package/gcc-arm-none-eabi/bin/../lib/gcc/arm-none-eabi/5.4.1/armv6-m/libgcc.a(eqsf2.o)
 .debug_frame   0x000003a8       0x30 /home/diwakar/Embedded_sys_lab/software_package/gcc-arm-none-eabi/bin/../lib/gcc/arm-none-eabi/5.4.1/armv6-m/libgcc.a(gesf2.o)
 .debug_frame   0x000003d8       0x30 /home/diwakar/Embedded_sys_lab/software_package/gcc-arm-none-eabi/bin/../lib/gcc/arm-none-eabi/5.4.1/armv6-m/libgcc.a(lesf2.o)
 .debug_frame   0x00000408       0x38 /home/diwakar/Embedded_sys_lab/software_package/gcc-arm-none-eabi/bin/../lib/gcc/arm-none-eabi/5.4.1/armv6-m/libgcc.a(mulsf3.o)
 .debug_frame   0x00000440       0x30 /home/diwakar/Embedded_sys_lab/software_package/gcc-arm-none-eabi/bin/../lib/gcc/arm-none-eabi/5.4.1/armv6-m/libgcc.a(subsf3.o)
 .debug_frame   0x00000470       0x20 /home/diwakar/Embedded_sys_lab/software_package/gcc-arm-none-eabi/bin/../lib/gcc/arm-none-eabi/5.4.1/armv6-m/libgcc.a(fixsfsi.o)
 .debug_frame   0x00000490       0x2c /home/diwakar/Embedded_sys_lab/software_package/gcc-arm-none-eabi/bin/../lib/gcc/arm-none-eabi/5.4.1/armv6-m/libgcc.a(floatsisf.o)
 .debug_frame   0x000004bc       0x2c /home/diwakar/Embedded_sys_lab/software_package/gcc-arm-none-eabi/bin/../lib/gcc/arm-none-eabi/5.4.1/armv6-m/libgcc.a(floatunsisf.o)
 .debug_frame   0x000004e8       0x3c /home/diwakar/Embedded_sys_lab/software_package/gcc-arm-none-eabi/bin/../lib/gcc/arm-none-eabi/5.4.1/armv6-m/libgcc.a(adddf3.o)
 .debug_frame   0x00000524       0x3c /home/diwakar/Embedded_sys_lab/software_package/gcc-arm-none-eabi/bin/../lib/gcc/arm-none-eabi/5.4.1/armv6-m/libgcc.a(divdf3.o)
 .debug_frame   0x00000560       0x38 /home/diwakar/Embedded_sys_lab/software_package/gcc-arm-none-eabi/bin/../lib/gcc/arm-none-eabi/5.4.1/armv6-m/libgcc.a(eqdf2.o)
 .debug_frame   0x00000598       0x38 /home/diwakar/Embedded_sys_lab/software_package/gcc-arm-none-eabi/bin/../lib/gcc/arm-none-eabi/5.4.1/armv6-m/libgcc.a(gedf2.o)
 .debug_frame   0x000005d0       0x38 /home/diwakar/Embedded_sys_lab/software_package/gcc-arm-none-eabi/bin/../lib/gcc/arm-none-eabi/5.4.1/armv6-m/libgcc.a(ledf2.o)
 .debug_frame   0x00000608       0x3c /home/diwakar/Embedded_sys_lab/software_package/gcc-arm-none-eabi/bin/../lib/gcc/arm-none-eabi/5.4.1/armv6-m/libgcc.a(muldf3.o)
 .debug_frame   0x00000644       0x38 /home/diwakar/Embedded_sys_lab/software_package/gcc-arm-none-eabi/bin/../lib/gcc/arm-none-eabi/5.4.1/armv6-m/libgcc.a(subdf3.o)