Archive member included to satisfy reference by file (symbol)

/home/yuup92/TU_Delft/Embedded_sys_lab/software_package/gcc-arm-none-eabi/bin/../lib/gcc/arm-none-eabi/5.4.1/../../../../arm-none-eabi/lib/armv6-m/libc_nano.a(lib_a-exit.o)
                              /home/yuup92/TU_Delft/Embedded_sys_lab/software_package/gcc-arm-none-eabi/bin/../lib/gcc/arm-none-eabi/5.4.1/../../../../arm-none-eabi/lib/armv6-m/crt0.o (exit)
/home/yuup92/TU_Delft/Embedded_sys_lab/software_package/gcc-arm-none-eabi/bin/../lib/gcc/arm-none-eabi/5.4.1/../../../../arm-none-eabi/lib/armv6-m/libc_nano.a(lib_a-impure.o)
                              /home/yuup92/TU_Delft/Embedded_sys_lab/software_package/gcc-arm-none-eabi/bin/../lib/gcc/arm-none-eabi/5.4.1/../../../../arm-none-eabi/lib/armv6-m/libc_nano.a(lib_a-exit.o) (_global_impure_ptr)
/home/yuup92/TU_Delft/Embedded_sys_lab/software_package/gcc-arm-none-eabi/bin/../lib/gcc/arm-none-eabi/5.4.1/../../../../arm-none-eabi/lib/armv6-m/libc_nano.a(lib_a-init.o)
                              /home/yuup92/TU_Delft/Embedded_sys_lab/software_package/gcc-arm-none-eabi/bin/../lib/gcc/arm-none-eabi/5.4.1/../../../../arm-none-eabi/lib/armv6-m/crt0.o (__libc_init_array)
/home/yuup92/TU_Delft/Embedded_sys_lab/software_package/gcc-arm-none-eabi/bin/../lib/gcc/arm-none-eabi/5.4.1/../../../../arm-none-eabi/lib/armv6-m/libc_nano.a(lib_a-memset.o)
                              /home/yuup92/TU_Delft/Embedded_sys_lab/software_package/gcc-arm-none-eabi/bin/../lib/gcc/arm-none-eabi/5.4.1/../../../../arm-none-eabi/lib/armv6-m/crt0.o (memset)
/home/yuup92/TU_Delft/Embedded_sys_lab/software_package/gcc-arm-none-eabi/bin/../lib/gcc/arm-none-eabi/5.4.1/../../../../arm-none-eabi/lib/armv6-m/libnosys.a(_exit.o)
                              /home/yuup92/TU_Delft/Embedded_sys_lab/software_package/gcc-arm-none-eabi/bin/../lib/gcc/arm-none-eabi/5.4.1/../../../../arm-none-eabi/lib/armv6-m/libc_nano.a(lib_a-exit.o) (_exit)
/home/yuup92/TU_Delft/Embedded_sys_lab/software_package/gcc-arm-none-eabi/bin/../lib/gcc/arm-none-eabi/5.4.1/../../../../arm-none-eabi/lib/armv6-m/libm.a(lib_a-s_fabs.o)
                              _build/inv_mpu.o (fabs)
/home/yuup92/TU_Delft/Embedded_sys_lab/software_package/gcc-arm-none-eabi/bin/../lib/gcc/arm-none-eabi/5.4.1/../../../../arm-none-eabi/lib/armv6-m/libm.a(lib_a-w_asin.o)
                              _build/mpu_wrapper.o (asin)
/home/yuup92/TU_Delft/Embedded_sys_lab/software_package/gcc-arm-none-eabi/bin/../lib/gcc/arm-none-eabi/5.4.1/../../../../arm-none-eabi/lib/armv6-m/libm.a(lib_a-w_atan2.o)
                              _build/mpu_wrapper.o (atan2)
/home/yuup92/TU_Delft/Embedded_sys_lab/software_package/gcc-arm-none-eabi/bin/../lib/gcc/arm-none-eabi/5.4.1/../../../../arm-none-eabi/lib/armv6-m/libm.a(lib_a-w_sqrt.o)
                              _build/control.o (sqrt)
/home/yuup92/TU_Delft/Embedded_sys_lab/software_package/gcc-arm-none-eabi/bin/../lib/gcc/arm-none-eabi/5.4.1/../../../../arm-none-eabi/lib/armv6-m/libm.a(lib_a-e_asin.o)
                              /home/yuup92/TU_Delft/Embedded_sys_lab/software_package/gcc-arm-none-eabi/bin/../lib/gcc/arm-none-eabi/5.4.1/../../../../arm-none-eabi/lib/armv6-m/libm.a(lib_a-w_asin.o) (__ieee754_asin)
/home/yuup92/TU_Delft/Embedded_sys_lab/software_package/gcc-arm-none-eabi/bin/../lib/gcc/arm-none-eabi/5.4.1/../../../../arm-none-eabi/lib/armv6-m/libm.a(lib_a-e_atan2.o)
                              /home/yuup92/TU_Delft/Embedded_sys_lab/software_package/gcc-arm-none-eabi/bin/../lib/gcc/arm-none-eabi/5.4.1/../../../../arm-none-eabi/lib/armv6-m/libm.a(lib_a-w_atan2.o) (__ieee754_atan2)
/home/yuup92/TU_Delft/Embedded_sys_lab/software_package/gcc-arm-none-eabi/bin/../lib/gcc/arm-none-eabi/5.4.1/../../../../arm-none-eabi/lib/armv6-m/libm.a(lib_a-e_sqrt.o)
                              /home/yuup92/TU_Delft/Embedded_sys_lab/software_package/gcc-arm-none-eabi/bin/../lib/gcc/arm-none-eabi/5.4.1/../../../../arm-none-eabi/lib/armv6-m/libm.a(lib_a-w_sqrt.o) (__ieee754_sqrt)
/home/yuup92/TU_Delft/Embedded_sys_lab/software_package/gcc-arm-none-eabi/bin/../lib/gcc/arm-none-eabi/5.4.1/../../../../arm-none-eabi/lib/armv6-m/libm.a(lib_a-s_atan.o)
                              /home/yuup92/TU_Delft/Embedded_sys_lab/software_package/gcc-arm-none-eabi/bin/../lib/gcc/arm-none-eabi/5.4.1/../../../../arm-none-eabi/lib/armv6-m/libm.a(lib_a-e_atan2.o) (atan)
/home/yuup92/TU_Delft/Embedded_sys_lab/software_package/gcc-arm-none-eabi/bin/../lib/gcc/arm-none-eabi/5.4.1/../../../../arm-none-eabi/lib/armv6-m/libm.a(lib_a-s_lib_ver.o)
                              /home/yuup92/TU_Delft/Embedded_sys_lab/software_package/gcc-arm-none-eabi/bin/../lib/gcc/arm-none-eabi/5.4.1/../../../../arm-none-eabi/lib/armv6-m/libm.a(lib_a-w_asin.o) (__fdlib_version)
/home/yuup92/TU_Delft/Embedded_sys_lab/software_package/gcc-arm-none-eabi/bin/../lib/gcc/arm-none-eabi/5.4.1/../../../../arm-none-eabi/lib/armv6-m/libm.a(lib_a-s_matherr.o)
[...]
Memory Configuration

Name             Origin             Length             Attributes
FLASH            0x00018000         0x00028000         xr
RAM              0x20002000         0x00002000         xrw
*default*        0x00000000         0xffffffff

Linker script and memory map

LOAD /home/yuup92/TU_Delft/Embedded_sys_lab/software_package/gcc-arm-none-eabi/bin/../lib/gcc/arm-none-eabi/5.4.1/armv6-m/crti.o
LOAD /home/yuup92/TU_Delft/Embedded_sys_lab/software_package/gcc-arm-none-eabi/bin/../lib/gcc/arm-none-eabi/5.4.1/armv6-m/crtbegin.o
LOAD /home/yuup92/TU_Delft/Embedded_sys_lab/software_package/gcc-arm-none-eabi/bin/../lib/gcc/arm-none-eabi/5.4.1/../../../../arm-none-eabi/lib/armv6-m/crt0.o
LOAD /home/yuup92/TU_Delft/Embedded_sys_lab/software_package/gcc-arm-none-eabi/bin/../lib/gcc/arm-none-eabi/5.4.1/../../../../arm-none-eabi/lib/armv6-m/libc_nano.a
LOAD /home/yuup92/TU_Delft/Embedded_sys_lab/software_package/gcc-arm-none-eabi/bin/../lib/gcc/arm-none-eabi/5.4.1/../../../../arm-none-eabi/lib/armv6-m/libnosys.a
LOAD /home/yuup92/TU_Delft/Embedded_sys_lab/software_package/gcc-arm-none-eabi/bin/../lib/gcc/arm-none-eabi/5.4.1/../../../../arm-none-eabi/lib/armv6-m/libm.a
LOAD _build/system_nrf51.o
LOAD _build/nrf_delay.o
LOAD _build/in4073.o
LOAD _build/logData.o
LOAD _build/control.o
LOAD _build/gpio.o
LOAD _build/timers.o
LOAD _build/uart.o
LOAD _build/queue.o
LOAD _build/twi.o
LOAD _build/adc.o
LOAD _build/baro.o
LOAD _build/ble.o
LOAD _build/packet_protocol.o
LOAD _build/mode_control.o
LOAD _build/calibration.o
LOAD _build/spi_flash.o
LOAD _build/crc16.o
LOAD _build/inv_mpu.o
LOAD _build/inv_mpu_dmp_motion_driver.o
LOAD _build/ml.o
LOAD _build/mpu_wrapper.o
LOAD _build/app_error.o
LOAD _build/app_timer.o
LOAD _build/nrf_assert.o
LOAD _build/nrf_drv_common.o
LOAD _build/pstorage.o
LOAD _build/ble_advdata.o
LOAD _build/ble_advertising.o
LOAD _build/ble_conn_params.o
LOAD _build/ble_nus.o
LOAD _build/ble_srv_common.o
LOAD _build/softdevice_handler.o
LOAD _build/gcc_startup_nrf51.o
LOAD /home/yuup92/TU_Delft/Embedded_sys_lab/software_package/gcc-arm-none-eabi/bin/../lib/gcc/arm-none-eabi/5.4.1/../../../../arm-none-eabi/lib/armv6-m/libm.a
START GROUP
LOAD /home/yuup92/TU_Delft/Embedded_sys_lab/software_package/gcc-arm-none-eabi/bin/../lib/gcc/arm-none-eabi/5.4.1/armv6-m/libgcc.a
LOAD /home/yuup92/TU_Delft/Embedded_sys_lab/software_package/gcc-arm-none-eabi/bin/../lib/gcc/arm-none-eabi/5.4.1/../../../../arm-none-eabi/lib/armv6-m/libc_nano.a
END GROUP
START GROUP
LOAD /home/yuup92/TU_Delft/Embedded_sys_lab/software_package/gcc-arm-none-eabi/bin/../lib/gcc/arm-none-eabi/5.4.1/armv6-m/libgcc.a
LOAD /home/yuup92/TU_Delft/Embedded_sys_lab/software_package/gcc-arm-none-eabi/bin/../lib/gcc/arm-none-eabi/5.4.1/../../../../arm-none-eabi/lib/armv6-m/libc_nano.a
END GROUP
LOAD /home/yuup92/TU_Delft/Embedded_sys_lab/software_package/gcc-arm-none-eabi/bin/../lib/gcc/arm-none-eabi/5.4.1/armv6-m/crtend.o
LOAD /home/yuup92/TU_Delft/Embedded_sys_lab/software_package/gcc-arm-none-eabi/bin/../lib/gcc/arm-none-eabi/5.4.1/armv6-m/crtn.o
START GROUP
LOAD /home/yuup92/TU_Delft/Embedded_sys_lab/software_package/gcc-arm-none-eabi/bin/../lib/gcc/arm-none-eabi/5.4.1/armv6-m/libgcc.a
LOAD /home/yuup92/TU_Delft/Embedded_sys_lab/software_package/gcc-arm-none-eabi/bin/../lib/gcc/arm-none-eabi/5.4.1/../../../../arm-none-eabi/lib/armv6-m/libc.a
LOAD /home/yuup92/TU_Delft/Embedded_sys_lab/software_package/gcc-arm-none-eabi/bin/../lib/gcc/arm-none-eabi/5.4.1/../../../../arm-none-eabi/lib/armv6-m/libnosys.a
END GROUP

.fs_data_out    0x00000000        0x0
                [!provide]                PROVIDE (__start_fs_data, .)
 *(fs_data)
                [!provide]                PROVIDE (__stop_fs_data, .)

.text           0x00018000     0xb244
 *(.Vectors)
 .Vectors       0x00018000       0xc0 _build/gcc_startup_nrf51.o
                0x00018000                __Vectors
 *(.text*)
 .text          0x000180c0       0x60 /home/yuup92/TU_Delft/Embedded_sys_lab/software_package/gcc-arm-none-eabi/bin/../lib/gcc/arm-none-eabi/5.4.1/armv6-m/crtbegin.o
 .text          0x00018120       0x78 /home/yuup92/TU_Delft/Embedded_sys_lab/software_package/gcc-arm-none-eabi/bin/../lib/gcc/arm-none-eabi/5.4.1/../../../../arm-none-eabi/lib/armv6-m/crt0.o
                0x00018120                _mainCRTStartup
                0x00018120                _start
 .text.exit     0x00018198       0x2c /home/yuup92/TU_Delft/Embedded_sys_lab/software_package/gcc-arm-none-eabi/bin/../lib/gcc/arm-none-eabi/5.4.1/../../../../arm-none-eabi/lib/armv6-m/libc_nano.a(lib_a-exit.o)
                0x00018198                exit
 .text.__libc_init_array
                0x000181c4       0x4c /home/yuup92/TU_Delft/Embedded_sys_lab/software_package/gcc-arm-none-eabi/bin/../lib/gcc/arm-none-eabi/5.4.1/../../../../arm-none-eabi/lib/armv6-m/libc_nano.a(lib_a-init.o)
                0x000181c4                __libc_init_array
 .text.memset   0x00018210       0x10 /home/yuup92/TU_Delft/Embedded_sys_lab/software_package/gcc-arm-none-eabi/bin/../lib/gcc/arm-none-eabi/5.4.1/../../../../arm-none-eabi/lib/armv6-m/libc_nano.a(lib_a-memset.o)
                0x00018210                memset
 .text._exit    0x00018220        0x4 /home/yuup92/TU_Delft/Embedded_sys_lab/software_package/gcc-arm-none-eabi/bin/../lib/gcc/arm-none-eabi/5.4.1/../../../../arm-none-eabi/lib/armv6-m/libnosys.a(_exit.o)
                0x00018220                _exit
 .text.SystemInit
                0x00018224       0x94 _build/system_nrf51.o
                0x00018224                SystemInit
 .text.nrf_delay_ms
                0x000182b8       0x3c _build/nrf_delay.o
                0x000182b8                nrf_delay_ms
 .text.startup.main
                0x000182f4      0x12c _build/in4073.o
                0x000182f4                main
 .text.update_motors
                0x00018420       0x20 _build/control.o
                0x00018420                update_motors
 .text.setting_packet_values_manual_mode
                0x00018440       0x48 _build/control.o
                0x00018440                setting_packet_values_manual_mode
 .text.calculate_yaw_control
                0x00018488       0x60 _build/control.o
                0x00018488                calculate_yaw_control
 .text.calculateMotorRPM
                0x000184e8      0x18c _build/control.o
                0x000184e8                calculateMotorRPM
 .text.gpio_init
                0x00018674       0x8c _build/gpio.o
                0x00018674                gpio_init
 .text.quadrupel_timer_handler
                0x00018700        0xc _build/timers.o
                0x00018700                quadrupel_timer_handler
 .text.TIMER2_IRQHandler
                0x0001870c       0xb8 _build/timers.o
                0x0001870c                TIMER2_IRQHandler
 .text.TIMER1_IRQHandler
                0x000187c4       0xac _build/timers.o
                0x000187c4                TIMER1_IRQHandler
 .text.get_time_us
                0x00018870       0x20 _build/timers.o
                0x00018870                get_time_us
 .text.check_timer_flag
                0x00018890        0xc _build/timers.o
                0x00018890                check_timer_flag
 .text.clear_timer_flag
                0x0001889c        0xc _build/timers.o
                0x0001889c                clear_timer_flag
 .text.timers_init
                0x000188a8      0x1d4 _build/timers.o
                0x000188a8                timers_init
 .text._write   0x00018a7c       0x84 _build/uart.o
                0x00018a7c                _write
 .text.UART0_IRQHandler
                0x00018b00       0x84 _build/uart.o
                0x00018b00                UART0_IRQHandler
 .text.uart_init
                0x00018b84       0xa0 _build/uart.o
                0x00018b84                uart_init
 .text.init_queue
                0x00018c24       0x14 _build/queue.o
                0x00018c24                init_queue
 .text.enqueue  0x00018c38       0x1c _build/queue.o
                0x00018c38                enqueue
 .text.dequeue  0x00018c54       0x60 _build/queue.o
                0x00018c54                dequeue
 .text.flushQueue
                0x00018cb4       0x24 _build/queue.o
                0x00018cb4                flushQueue
 .text.i2c_read
                0x00018cd8       0xc0 _build/twi.o
                0x00018cd8                i2c_read
 .text.i2c_write
                0x00018d98       0x70 _build/twi.o
                0x00018d98                i2c_write
 .text.SPI0_TWI0_IRQHandler
                0x00018e08       0x70 _build/twi.o
                0x00018e08                SPI0_TWI0_IRQHandler
 .text.twi_init
                0x00018e78       0x84 _build/twi.o
                0x00018e78                twi_init
 .text.adc_request_sample
                0x00018efc       0x18 _build/adc.o
                0x00018efc                adc_request_sample
 .text.ADC_IRQHandler
                0x00018f14       0x24 _build/adc.o
                0x00018f14                ADC_IRQHandler
 .text.adc_init
                0x00018f38       0x3c _build/adc.o
                0x00018f38                adc_init
 .text.read_baro
                0x00018f74      0x1b4 _build/baro.o
                0x00018f74                read_baro
 .text.baro_init
                0x00019128       0x34 _build/baro.o
                0x00019128                baro_init
 .text.sd_ble_gap_disconnect
                0x0001915c        0x4 _build/ble.o
 .text.sd_ble_gap_ppcp_set
                0x00019160        0x4 _build/ble.o
 .text.sd_ble_gap_device_name_set
                0x00019164        0x4 _build/ble.o
 .text.sd_ble_gap_sec_params_reply
                0x00019168        0x4 _build/ble.o
 .text.sd_ble_gatts_sys_attr_set
                0x0001916c        0x4 _build/ble.o
 .text.sd_ble_enable
                0x00019170        0x4 _build/ble.o
 .text.sd_nvic_EnableIRQ
                0x00019174        0x4 _build/ble.o
 .text.sd_nvic_ClearPendingIRQ
                0x00019178        0x4 _build/ble.o
 .text.sd_nvic_SetPriority
                0x0001917c        0x4 _build/ble.o
 .text.sd_radio_notification_cfg_set
                0x00019180        0x4 _build/ble.o
 .text.conn_params_error_handler
                0x00019184       0x1c _build/ble.o
 .text.nus_data_handler
                0x000191a0       0x20 _build/ble.o
 .text.ble_evt_dispatch
                0x000191c0       0x94 _build/ble.o
 .text.on_conn_params_evt
                0x00019254       0x38 _build/ble.o
 .text.SWI1_IRQHandler
                0x0001928c       0x10 _build/ble.o
                0x0001928c                SWI1_IRQHandler
 .text.ble_init
                0x0001929c      0x204 _build/ble.o
                0x0001929c                ble_init
 .text.readPacket
                0x000194a0      0x1f8 _build/packet_protocol.o
                0x000194a0                readPacket
 .text.setMode  0x00019698       0x50 _build/packet_protocol.o
                0x00019698                setMode
 .text.send_mode_change
                0x000196e8       0x80 _build/packet_protocol.o
                0x000196e8                send_mode_change
 .text.manualMode
                0x00019768       0x10 _build/mode_control.o
                0x00019768                manualMode
 .text.safeMode
                0x00019778       0x20 _build/mode_control.o
                0x00019778                safeMode
 .text.panicMode
                0x00019798       0x80 _build/mode_control.o
                0x00019798                panicMode
 .text.yawMode  0x00019818        0x8 _build/mode_control.o
                0x00019818                yawMode
 .text.calibrationMode
                0x00019820       0xe0 _build/mode_control.o
                0x00019820                calibrationMode
 .text.escapeMode
                0x00019900       0x88 _build/mode_control.o
                0x00019900                escapeMode
 .text.switchMode
                0x00019988       0x94 _build/mode_control.o
                0x00019988                switchMode
 .text.fill_calibration_buffer
                0x00019a1c       0x54 _build/calibration.o
                0x00019a1c                fill_calibration_buffer
 .text.calibrate_offset_acceleration
                0x00019a70       0x84 _build/calibration.o
                0x00019a70                calibrate_offset_acceleration
 .text.spi_flash_init
                0x00019af4      0x230 _build/spi_flash.o
                0x00019af4                spi_flash_init
 .text.crc16_compute
                0x00019d24       0x44 _build/crc16.o
                0x00019d24                crc16_compute
 .text.mpu_reset_fifo
                0x00019d68      0x15c _build/inv_mpu.o
                0x00019d68                mpu_reset_fifo
 .text.mpu_lp_accel_mode
                0x00019ec4      0x1b8 _build/inv_mpu.o
                0x00019ec4                mpu_lp_accel_mode
 .text.mpu_get_accel_fsr
                0x0001a07c       0x4c _build/inv_mpu.o
                0x0001a07c                mpu_get_accel_fsr
 .text.mpu_set_lpf
                0x0001a0c8       0x78 _build/inv_mpu.o
                0x0001a0c8                mpu_set_lpf
 .text.mpu_set_sample_rate
                0x0001a140      0x168 _build/inv_mpu.o
                0x0001a140                mpu_set_sample_rate
 .text.mpu_configure_fifo
                0x0001a2a8       0xd0 _build/inv_mpu.o
                0x0001a2a8                mpu_configure_fifo
 .text.mpu_set_sensors
                0x0001a378      0x140 _build/inv_mpu.o
                0x0001a378                mpu_set_sensors
 .text.mpu_init
                0x0001a4b8      0x1f4 _build/inv_mpu.o
                0x0001a4b8                mpu_init
 .text.mpu_read_fifo_stream
                0x0001a6ac       0xb0 _build/inv_mpu.o
                0x0001a6ac                mpu_read_fifo_stream
 .text.mpu_set_int_level
                0x0001a75c       0x10 _build/inv_mpu.o
                0x0001a75c                mpu_set_int_level
 .text.mpu_set_int_latched
                0x0001a76c       0x68 _build/inv_mpu.o
                0x0001a76c                mpu_set_int_latched
 .text.mpu_write_mem
                0x0001a7d4       0x58 _build/inv_mpu.o
                0x0001a7d4                mpu_write_mem
 .text.mpu_load_firmware
                0x0001a82c      0x15c _build/inv_mpu.o
                0x0001a82c                mpu_load_firmware
 .text.mpu_set_dmp_state
                0x0001a988      0x174 _build/inv_mpu.o
                0x0001a988                mpu_set_dmp_state
 .text.dmp_load_motion_driver_firmware
                0x0001aafc       0x1c _build/inv_mpu_dmp_motion_driver.o
                0x0001aafc                dmp_load_motion_driver_firmware
 .text.dmp_set_orientation
                0x0001ab18      0x118 _build/inv_mpu_dmp_motion_driver.o
                0x0001ab18                dmp_set_orientation
 .text.dmp_set_fifo_rate
                0x0001ac30       0x64 _build/inv_mpu_dmp_motion_driver.o
                0x0001ac30                dmp_set_fifo_rate
 .text.dmp_set_tap_thresh
                0x0001ac94      0x164 _build/inv_mpu_dmp_motion_driver.o
                0x0001ac94                dmp_set_tap_thresh
 .text.dmp_enable_feature
                0x0001adf8      0x28c _build/inv_mpu_dmp_motion_driver.o
                0x0001adf8                dmp_enable_feature
 .text.dmp_read_fifo
                0x0001b084      0x20c _build/inv_mpu_dmp_motion_driver.o
                0x0001b084                dmp_read_fifo
 .text.inv_orientation_matrix_to_scalar
                0x0001b290      0x11c _build/ml.o
                0x0001b290                inv_orientation_matrix_to_scalar
 .text.get_dmp_data
                0x0001b3ac      0x218 _build/mpu_wrapper.o
                0x0001b3ac                get_dmp_data
 .text.check_sensor_int_flag
                0x0001b5c4       0x20 _build/mpu_wrapper.o
                0x0001b5c4                check_sensor_int_flag
 .text.imu_init
                0x0001b5e4      0x10c _build/mpu_wrapper.o
                0x0001b5e4                imu_init
 .text.app_error_handler
                0x0001b6f0       0x40 _build/app_error.o
                0x0001b6f0                app_error_handler
 .text.rtc1_stop
                0x0001b730       0x78 _build/app_timer.o
 .text.RTC1_IRQHandler
                0x0001b7a8       0xe0 _build/app_timer.o
                0x0001b7a8                RTC1_IRQHandler
 .text.SWI0_IRQHandler
                0x0001b888      0x4cc _build/app_timer.o
                0x0001b888                SWI0_IRQHandler
 .text.app_timer_init
                0x0001bd54       0xe4 _build/app_timer.o
                0x0001bd54                app_timer_init
 .text.app_timer_create
                0x0001be38       0x34 _build/app_timer.o
                0x0001be38                app_timer_create
 .text.app_timer_start
                0x0001be6c       0xec _build/app_timer.o
                0x0001be6c                app_timer_start
 .text.app_timer_stop
                0x0001bf58       0xc4 _build/app_timer.o
                0x0001bf58                app_timer_stop
 .text.pstorage_access_status_get
                0x0001c01c       0x28 _build/pstorage.o
                0x0001c01c                pstorage_access_status_get
 .text.sd_ble_gap_address_get
                0x0001c044        0x4 _build/ble_advdata.o
 .text.sd_ble_gap_adv_data_set
                0x0001c048        0x4 _build/ble_advdata.o
 .text.sd_ble_gap_appearance_get
                0x0001c04c        0x4 _build/ble_advdata.o
 .text.sd_ble_gap_device_name_get
                0x0001c050        0x4 _build/ble_advdata.o
 .text.sd_ble_uuid_encode
                0x0001c054        0x4 _build/ble_advdata.o
 .text.uuid_list_sized_encode
                0x0001c058       0xf8 _build/ble_advdata.o
 .text.adv_data_encode
                0x0001c150      0x5b8 _build/ble_advdata.o
                0x0001c150                adv_data_encode
 .text.ble_advdata_set
                0x0001c708       0x68 _build/ble_advdata.o
                0x0001c708                ble_advdata_set
 .text.sd_ble_gap_adv_start
                0x0001c770        0x4 _build/ble_advertising.o
 .text.ble_advertising_start.part.1
                0x0001c774      0x2a8 _build/ble_advertising.o
 .text.ble_advertising_init
                0x0001ca1c      0x144 _build/ble_advertising.o
                0x0001ca1c                ble_advertising_init
 .text.ble_advertising_start
                0x0001cb60       0x3c _build/ble_advertising.o
                0x0001cb60                ble_advertising_start
 .text.ble_advertising_on_ble_evt
                0x0001cb9c       0xec _build/ble_advertising.o
                0x0001cb9c                ble_advertising_on_ble_evt
 .text.sd_ble_gap_conn_param_update
                0x0001cc88        0x4 _build/ble_conn_params.o
 .text.sd_ble_gap_disconnect
                0x0001cc8c        0x4 _build/ble_conn_params.o
 .text.sd_ble_gap_ppcp_set
                0x0001cc90        0x4 _build/ble_conn_params.o
 .text.sd_ble_gap_ppcp_get
                0x0001cc94        0x4 _build/ble_conn_params.o
 .text.update_timeout_handler
                0x0001cc98       0x78 _build/ble_conn_params.o
 .text.conn_params_negotiation
                0x0001cd10       0x88 _build/ble_conn_params.o
 .text.ble_conn_params_init
                0x0001cd98       0x78 _build/ble_conn_params.o
                0x0001cd98                ble_conn_params_init
 .text.ble_conn_params_on_ble_evt
                0x0001ce10       0xac _build/ble_conn_params.o
                0x0001ce10                ble_conn_params_on_ble_evt
 .text.sd_ble_gatts_service_add
                0x0001cebc        0x4 _build/ble_nus.o
 .text.sd_ble_gatts_characteristic_add
                0x0001cec0        0x4 _build/ble_nus.o
 .text.sd_ble_uuid_vs_add
                0x0001cec4        0x4 _build/ble_nus.o
 .text.ble_nus_on_ble_evt
                0x0001cec8       0x60 _build/ble_nus.o
                0x0001cec8                ble_nus_on_ble_evt
 .text.ble_nus_init
                0x0001cf28      0x208 _build/ble_nus.o
                0x0001cf28                ble_nus_init
 .text.sd_nvic_EnableIRQ
                0x0001d130        0x4 _build/softdevice_handler.o
 .text.sd_evt_get
                0x0001d134        0x4 _build/softdevice_handler.o
 .text.sd_softdevice_enable
                0x0001d138        0x4 _build/softdevice_handler.o
 .text.sd_ble_evt_get
                0x0001d13c        0x4 _build/softdevice_handler.o
 .text.softdevice_assertion_handler
                0x0001d140        0xc _build/softdevice_handler.o
                0x0001d140                softdevice_assertion_handler
 .text.intern_softdevice_events_execute.part.0
                0x0001d14c       0xec _build/softdevice_handler.o
 .text.softdevice_handler_init
                0x0001d238       0x4c _build/softdevice_handler.o
                0x0001d238                softdevice_handler_init
 .text.softdevice_ble_evt_handler_set
                0x0001d284       0x14 _build/softdevice_handler.o
                0x0001d284                softdevice_ble_evt_handler_set
 .text.SWI2_IRQHandler
                0x0001d298       0x34 _build/softdevice_handler.o
                0x0001d298                SWI2_IRQHandler
 .text          0x0001d2cc       0x54 _build/gcc_startup_nrf51.o
                0x0001d2cc                Reset_Handler
                0x0001d314                NMI_Handler
                0x0001d316                HardFault_Handler
                0x0001d318                SVC_Handler
                0x0001d31a                PendSV_Handler
                0x0001d31c                SysTick_Handler
                0x0001d31e                RTC0_IRQHandler
                0x0001d31e                GPIOTE_IRQHandler
                0x0001d31e                POWER_CLOCK_IRQHandler
                0x0001d31e                RADIO_IRQHandler
                0x0001d31e                LPCOMP_IRQHandler
                0x0001d31e                SWI4_IRQHandler
                0x0001d31e                TEMP_IRQHandler
                0x0001d31e                QDEC_IRQHandler
                0x0001d31e                SWI5_IRQHandler
                0x0001d31e                TIMER0_IRQHandler
                0x0001d31e                ECB_IRQHandler
                0x0001d31e                Default_Handler
                0x0001d31e                SWI3_IRQHandler
                0x0001d31e                CCM_AAR_IRQHandler
                0x0001d31e                WDT_IRQHandler
                0x0001d31e                RNG_IRQHandler
                0x0001d31e                SPI1_TWI1_IRQHandler
 .text.fabs     0x0001d320        0x8 /home/yuup92/TU_Delft/Embedded_sys_lab/software_package/gcc-arm-none-eabi/bin/../lib/gcc/arm-none-eabi/5.4.1/../../../../arm-none-eabi/lib/armv6-m/libm.a(lib_a-s_fabs.o)
                0x0001d320                fabs
 .text.asin     0x0001d328       0xc4 /home/yuup92/TU_Delft/Embedded_sys_lab/software_package/gcc-arm-none-eabi/bin/../lib/gcc/arm-none-eabi/5.4.1/../../../../arm-none-eabi/lib/armv6-m/libm.a(lib_a-w_asin.o)
                0x0001d328                asin
 .text.atan2    0x0001d3ec        0x8 /home/yuup92/TU_Delft/Embedded_sys_lab/software_package/gcc-arm-none-eabi/bin/../lib/gcc/arm-none-eabi/5.4.1/../../../../arm-none-eabi/lib/armv6-m/libm.a(lib_a-w_atan2.o)
                0x0001d3ec                atan2
 .text.sqrt     0x0001d3f4       0xc0 /home/yuup92/TU_Delft/Embedded_sys_lab/software_package/gcc-arm-none-eabi/bin/../lib/gcc/arm-none-eabi/5.4.1/../../../../arm-none-eabi/lib/armv6-m/libm.a(lib_a-w_sqrt.o)
                0x0001d3f4                sqrt
 .text.__ieee754_asin
                0x0001d4b4      0x3cc /home/yuup92/TU_Delft/Embedded_sys_lab/software_package/gcc-arm-none-eabi/bin/../lib/gcc/arm-none-eabi/5.4.1/../../../../arm-none-eabi/lib/armv6-m/libm.a(lib_a-e_asin.o)
                0x0001d4b4                __ieee754_asin
 .text.__ieee754_atan2
                0x0001d880      0x178 /home/yuup92/TU_Delft/Embedded_sys_lab/software_package/gcc-arm-none-eabi/bin/../lib/gcc/arm-none-eabi/5.4.1/../../../../arm-none-eabi/lib/armv6-m/libm.a(lib_a-e_atan2.o)
                0x0001d880                __ieee754_atan2
 .text.__ieee754_sqrt
                0x0001d9f8      0x1ec /home/yuup92/TU_Delft/Embedded_sys_lab/software_package/gcc-arm-none-eabi/bin/../lib/gcc/arm-none-eabi/5.4.1/../../../../arm-none-eabi/lib/armv6-m/libm.a(lib_a-e_sqrt.o)
                0x0001d9f8                __ieee754_sqrt
 .text.atan     0x0001dbe4      0x33c /home/yuup92/TU_Delft/Embedded_sys_lab/software_package/gcc-arm-none-eabi/bin/../lib/gcc/arm-none-eabi/5.4.1/../../../../arm-none-eabi/lib/armv6-m/libm.a(lib_a-s_atan.o)
                0x0001dbe4                atan
 .text.matherr  0x0001df20        0x4 /home/yuup92/TU_Delft/Embedded_sys_lab/software_package/gcc-arm-none-eabi/bin/../lib/gcc/arm-none-eabi/5.4.1/../../../../arm-none-eabi/lib/armv6-m/libm.a(lib_a-s_matherr.o)
                0x0001df20                matherr
 .text.nan      0x0001df24        0xc /home/yuup92/TU_Delft/Embedded_sys_lab/software_package/gcc-arm-none-eabi/bin/../lib/gcc/arm-none-eabi/5.4.1/../../../../arm-none-eabi/lib/armv6-m/libm.a(lib_a-s_nan.o)
                0x0001df24                nan
 .text          0x0001df30      0x114 /home/yuup92/TU_Delft/Embedded_sys_lab/software_package/gcc-arm-none-eabi/bin/../lib/gcc/arm-none-eabi/5.4.1/armv6-m/libgcc.a(_udivsi3.o)
                0x0001df30                __udivsi3
                0x0001df30                __aeabi_uidiv
                0x0001e03c                __aeabi_uidivmod
 .text          0x0001e044      0x1d4 /home/yuup92/TU_Delft/Embedded_sys_lab/software_package/gcc-arm-none-eabi/bin/../lib/gcc/arm-none-eabi/5.4.1/armv6-m/libgcc.a(_divsi3.o)
                0x0001e044                __aeabi_idiv
                0x0001e044                __divsi3
                0x0001e210                __aeabi_idivmod
 .text          0x0001e218        0x4 /home/yuup92/TU_Delft/Embedded_sys_lab/software_package/gcc-arm-none-eabi/bin/../lib/gcc/arm-none-eabi/5.4.1/armv6-m/libgcc.a(_dvmd_tls.o)
                0x0001e218                __aeabi_ldiv0
                0x0001e218                __aeabi_idiv0
 .text          0x0001e21c       0x7c /home/yuup92/TU_Delft/Embedded_sys_lab/software_package/gcc-arm-none-eabi/bin/../lib/gcc/arm-none-eabi/5.4.1/armv6-m/libgcc.a(_arm_cmpdf2.o)
                0x0001e21c                __aeabi_cdrcmple
                0x0001e22c                __aeabi_cdcmple
                0x0001e22c                __aeabi_cdcmpeq
                0x0001e23c                __aeabi_dcmpeq
                0x0001e248                __aeabi_dcmplt
                0x0001e25c                __aeabi_dcmple
                0x0001e270                __aeabi_dcmpgt
                0x0001e284                __aeabi_dcmpge
 .text          0x0001e298       0x74 /home/yuup92/TU_Delft/Embedded_sys_lab/software_package/gcc-arm-none-eabi/bin/../lib/gcc/arm-none-eabi/5.4.1/armv6-m/libgcc.a(_arm_cmpsf2.o)
                0x0001e298                __aeabi_cfrcmple
                0x0001e2a0                __aeabi_cfcmple
                0x0001e2a0                __aeabi_cfcmpeq
                0x0001e2b0                __aeabi_fcmpeq
                0x0001e2bc                __aeabi_fcmplt
                0x0001e2d0                __aeabi_fcmple
                0x0001e2e4                __aeabi_fcmpgt
                0x0001e2f8                __aeabi_fcmpge
 .text          0x0001e30c       0x58 /home/yuup92/TU_Delft/Embedded_sys_lab/software_package/gcc-arm-none-eabi/bin/../lib/gcc/arm-none-eabi/5.4.1/armv6-m/libgcc.a(_muldi3.o)
                0x0001e30c                __aeabi_lmul
                0x0001e30c                __muldi3
 .text          0x0001e364       0x30 /home/yuup92/TU_Delft/Embedded_sys_lab/software_package/gcc-arm-none-eabi/bin/../lib/gcc/arm-none-eabi/5.4.1/armv6-m/libgcc.a(_fixunssfsi.o)
                0x0001e364                __aeabi_f2uiz
                0x0001e364                __fixunssfsi
 .text          0x0001e394      0x2ec /home/yuup92/TU_Delft/Embedded_sys_lab/software_package/gcc-arm-none-eabi/bin/../lib/gcc/arm-none-eabi/5.4.1/armv6-m/libgcc.a(addsf3.o)
                0x0001e394                __aeabi_fadd
 .text          0x0001e680      0x234 /home/yuup92/TU_Delft/Embedded_sys_lab/software_package/gcc-arm-none-eabi/bin/../lib/gcc/arm-none-eabi/5.4.1/armv6-m/libgcc.a(divsf3.o)
                0x0001e680                __aeabi_fdiv
 .text          0x0001e8b4       0x50 /home/yuup92/TU_Delft/Embedded_sys_lab/software_package/gcc-arm-none-eabi/bin/../lib/gcc/arm-none-eabi/5.4.1/armv6-m/libgcc.a(eqsf2.o)
                0x0001e8b4                __nesf2
                0x0001e8b4                __eqsf2
 .text          0x0001e904       0x88 /home/yuup92/TU_Delft/Embedded_sys_lab/software_package/gcc-arm-none-eabi/bin/../lib/gcc/arm-none-eabi/5.4.1/armv6-m/libgcc.a(gesf2.o)
                0x0001e904                __gtsf2
                0x0001e904                __gesf2
 .text          0x0001e98c       0x88 /home/yuup92/TU_Delft/Embedded_sys_lab/software_package/gcc-arm-none-eabi/bin/../lib/gcc/arm-none-eabi/5.4.1/armv6-m/libgcc.a(lesf2.o)
                0x0001e98c                __lesf2
                0x0001e98c                __ltsf2
 .text          0x0001ea14      0x228 /home/yuup92/TU_Delft/Embedded_sys_lab/software_package/gcc-arm-none-eabi/bin/../lib/gcc/arm-none-eabi/5.4.1/armv6-m/libgcc.a(mulsf3.o)
                0x0001ea14                __aeabi_fmul
 .text          0x0001ec3c      0x30c /home/yuup92/TU_Delft/Embedded_sys_lab/software_package/gcc-arm-none-eabi/bin/../lib/gcc/arm-none-eabi/5.4.1/armv6-m/libgcc.a(subsf3.o)
                0x0001ec3c                __aeabi_fsub
 .text          0x0001ef48       0x44 /home/yuup92/TU_Delft/Embedded_sys_lab/software_package/gcc-arm-none-eabi/bin/../lib/gcc/arm-none-eabi/5.4.1/armv6-m/libgcc.a(fixsfsi.o)
                0x0001ef48                __aeabi_f2iz
 .text          0x0001ef8c       0x90 /home/yuup92/TU_Delft/Embedded_sys_lab/software_package/gcc-arm-none-eabi/bin/../lib/gcc/arm-none-eabi/5.4.1/armv6-m/libgcc.a(floatsisf.o)
                0x0001ef8c                __aeabi_i2f
 .text          0x0001f01c       0x7c /home/yuup92/TU_Delft/Embedded_sys_lab/software_package/gcc-arm-none-eabi/bin/../lib/gcc/arm-none-eabi/5.4.1/armv6-m/libgcc.a(floatunsisf.o)
                0x0001f01c                __aeabi_ui2f
 .text          0x0001f098      0x658 /home/yuup92/TU_Delft/Embedded_sys_lab/software_package/gcc-arm-none-eabi/bin/../lib/gcc/arm-none-eabi/5.4.1/armv6-m/libgcc.a(adddf3.o)
                0x0001f098                __aeabi_dadd
 .text          0x0001f6f0      0x62c /home/yuup92/TU_Delft/Embedded_sys_lab/software_package/gcc-arm-none-eabi/bin/../lib/gcc/arm-none-eabi/5.4.1/armv6-m/libgcc.a(divdf3.o)
                0x0001f6f0                __aeabi_ddiv
 .text          0x0001fd1c       0x80 /home/yuup92/TU_Delft/Embedded_sys_lab/software_package/gcc-arm-none-eabi/bin/../lib/gcc/arm-none-eabi/5.4.1/armv6-m/libgcc.a(eqdf2.o)
                0x0001fd1c                __eqdf2
                0x0001fd1c                __nedf2
 .text          0x0001fd9c       0xc8 /home/yuup92/TU_Delft/Embedded_sys_lab/software_package/gcc-arm-none-eabi/bin/../lib/gcc/arm-none-eabi/5.4.1/armv6-m/libgcc.a(gedf2.o)
                0x0001fd9c                __gtdf2
                0x0001fd9c                __gedf2
 .text          0x0001fe64       0xd4 /home/yuup92/TU_Delft/Embedded_sys_lab/software_package/gcc-arm-none-eabi/bin/../lib/gcc/arm-none-eabi/5.4.1/armv6-m/libgcc.a(ledf2.o)
                0x0001fe64                __ltdf2
                0x0001fe64                __ledf2
 .text          0x0001ff38      0x4f4 /home/yuup92/TU_Delft/Embedded_sys_lab/software_package/gcc-arm-none-eabi/bin/../lib/gcc/arm-none-eabi/5.4.1/armv6-m/libgcc.a(muldf3.o)
                0x0001ff38                __aeabi_dmul
 .text          0x0002042c      0x6a8 /home/yuup92/TU_Delft/Embedded_sys_lab/software_package/gcc-arm-none-eabi/bin/../lib/gcc/arm-none-eabi/5.4.1/armv6-m/libgcc.a(subdf3.o)
                0x0002042c                __aeabi_dsub
 .text          0x00020ad4       0x40 /home/yuup92/TU_Delft/Embedded_sys_lab/software_package/gcc-arm-none-eabi/bin/../lib/gcc/arm-none-eabi/5.4.1/armv6-m/libgcc.a(unorddf2.o)
                0x00020ad4                __aeabi_dcmpun
 .text          0x00020b14       0x6c /home/yuup92/TU_Delft/Embedded_sys_lab/software_package/gcc-arm-none-eabi/bin/../lib/gcc/arm-none-eabi/5.4.1/armv6-m/libgcc.a(fixdfsi.o)
                0x00020b14                __aeabi_d2iz
 .text          0x00020b80       0x84 /home/yuup92/TU_Delft/Embedded_sys_lab/software_package/gcc-arm-none-eabi/bin/../lib/gcc/arm-none-eabi/5.4.1/armv6-m/libgcc.a(floatsidf.o)
                0x00020b80                __aeabi_i2d
 .text          0x00020c04       0xa8 /home/yuup92/TU_Delft/Embedded_sys_lab/software_package/gcc-arm-none-eabi/bin/../lib/gcc/arm-none-eabi/5.4.1/armv6-m/libgcc.a(extendsfdf2.o)
                0x00020c04                __aeabi_f2d
 .text          0x00020cac       0x3c /home/yuup92/TU_Delft/Embedded_sys_lab/software_package/gcc-arm-none-eabi/bin/../lib/gcc/arm-none-eabi/5.4.1/armv6-m/libgcc.a(_clzsi2.o)
                0x00020cac                __clzsi2
 .text.__errno  0x00020ce8        0xc /home/yuup92/TU_Delft/Embedded_sys_lab/software_package/gcc-arm-none-eabi/bin/../lib/gcc/arm-none-eabi/5.4.1/../../../../arm-none-eabi/lib/armv6-m/libc_nano.a(lib_a-errno.o)
                0x00020ce8                __errno
 .text.memcmp   0x00020cf4       0x1e /home/yuup92/TU_Delft/Embedded_sys_lab/software_package/gcc-arm-none-eabi/bin/../lib/gcc/arm-none-eabi/5.4.1/../../../../arm-none-eabi/lib/armv6-m/libc_nano.a(lib_a-memcmp.o)
                0x00020cf4                memcmp
 .text.memcpy   0x00020d12       0x12 /home/yuup92/TU_Delft/Embedded_sys_lab/software_package/gcc-arm-none-eabi/bin/../lib/gcc/arm-none-eabi/5.4.1/../../../../arm-none-eabi/lib/armv6-m/libc_nano.a(lib_a-memcpy-stub.o)
                0x00020d12                memcpy
 .text.printf   0x00020d24       0x34 /home/yuup92/TU_Delft/Embedded_sys_lab/software_package/gcc-arm-none-eabi/bin/../lib/gcc/arm-none-eabi/5.4.1/../../../../arm-none-eabi/lib/armv6-m/libc_nano.a(lib_a-printf.o)
                0x00020d24                printf
                0x00020d24                iprintf
 .text.sprintf  0x00020d58       0x44 /home/yuup92/TU_Delft/Embedded_sys_lab/software_package/gcc-arm-none-eabi/bin/../lib/gcc/arm-none-eabi/5.4.1/../../../../arm-none-eabi/lib/armv6-m/libc_nano.a(lib_a-sprintf.o)
                0x00020d58                sprintf
                0x00020d58                siprintf
 .text          0x00020d9c        0xe /home/yuup92/TU_Delft/Embedded_sys_lab/software_package/gcc-arm-none-eabi/bin/../lib/gcc/arm-none-eabi/5.4.1/../../../../arm-none-eabi/lib/armv6-m/libc_nano.a(lib_a-strlen.o)
                0x00020d9c                strlen
 *fill*         0x00020daa        0x2 
 .text._cleanup_r
                0x00020dac       0x10 /home/yuup92/TU_Delft/Embedded_sys_lab/software_package/gcc-arm-none-eabi/bin/../lib/gcc/arm-none-eabi/5.4.1/../../../../arm-none-eabi/lib/armv6-m/libc_nano.a(lib_a-findfp.o)
                0x00020dac                _cleanup_r
 .text.std.isra.0
                0x00020dbc       0x48 /home/yuup92/TU_Delft/Embedded_sys_lab/software_package/gcc-arm-none-eabi/bin/../lib/gcc/arm-none-eabi/5.4.1/../../../../arm-none-eabi/lib/armv6-m/libc_nano.a(lib_a-findfp.o)
 .text.__sfmoreglue
                0x00020e04       0x2c /home/yuup92/TU_Delft/Embedded_sys_lab/software_package/gcc-arm-none-eabi/bin/../lib/gcc/arm-none-eabi/5.4.1/../../../../arm-none-eabi/lib/armv6-m/libc_nano.a(lib_a-findfp.o)
                0x00020e04                __sfmoreglue
 .text.__sinit  0x00020e30       0x68 /home/yuup92/TU_Delft/Embedded_sys_lab/software_package/gcc-arm-none-eabi/bin/../lib/gcc/arm-none-eabi/5.4.1/../../../../arm-none-eabi/lib/armv6-m/libc_nano.a(lib_a-findfp.o)
                0x00020e30                __sinit
 .text.__sfp    0x00020e98       0x7c /home/yuup92/TU_Delft/Embedded_sys_lab/software_package/gcc-arm-none-eabi/bin/../lib/gcc/arm-none-eabi/5.4.1/../../../../arm-none-eabi/lib/armv6-m/libc_nano.a(lib_a-findfp.o)
                0x00020e98                __sfp
 .text._fwalk_reent
                0x00020f14       0x42 /home/yuup92/TU_Delft/Embedded_sys_lab/software_package/gcc-arm-none-eabi/bin/../lib/gcc/arm-none-eabi/5.4.1/../../../../arm-none-eabi/lib/armv6-m/libc_nano.a(lib_a-fwalk.o)
                0x00020f14                _fwalk_reent
 *fill*         0x00020f56        0x2 
 .text._malloc_r
                0x00020f58       0xc0 /home/yuup92/TU_Delft/Embedded_sys_lab/software_package/gcc-arm-none-eabi/bin/../lib/gcc/arm-none-eabi/5.4.1/../../../../arm-none-eabi/lib/armv6-m/libc_nano.a(lib_a-nano-mallocr.o)
                0x00020f58                _malloc_r
 .text.__ssputs_r
                0x00021018       0xc4 /home/yuup92/TU_Delft/Embedded_sys_lab/software_package/gcc-arm-none-eabi/bin/../lib/gcc/arm-none-eabi/5.4.1/../../../../arm-none-eabi/lib/armv6-m/libc_nano.a(lib_a-nano-svfprintf.o)
                0x00021018                __ssputs_r
 .text._svfprintf_r
                0x000210dc      0x1fc /home/yuup92/TU_Delft/Embedded_sys_lab/software_package/gcc-arm-none-eabi/bin/../lib/gcc/arm-none-eabi/5.4.1/../../../../arm-none-eabi/lib/armv6-m/libc_nano.a(lib_a-nano-svfprintf.o)
                0x000210dc                _svfprintf_r
                0x000210dc                _svfiprintf_r
 .text.__sfputc_r
                0x000212d8       0x2a /home/yuup92/TU_Delft/Embedded_sys_lab/software_package/gcc-arm-none-eabi/bin/../lib/gcc/arm-none-eabi/5.4.1/../../../../arm-none-eabi/lib/armv6-m/libc_nano.a(lib_a-nano-vfprintf.o)
 .text.__sfputs_r
                0x00021302       0x24 /home/yuup92/TU_Delft/Embedded_sys_lab/software_package/gcc-arm-none-eabi/bin/../lib/gcc/arm-none-eabi/5.4.1/../../../../arm-none-eabi/lib/armv6-m/libc_nano.a(lib_a-nano-vfprintf.o)
                0x00021302                __sfputs_r
 *fill*         0x00021326        0x2 
 .text._vfprintf_r
                0x00021328      0x238 /home/yuup92/TU_Delft/Embedded_sys_lab/software_package/gcc-arm-none-eabi/bin/../lib/gcc/arm-none-eabi/5.4.1/../../../../arm-none-eabi/lib/armv6-m/libc_nano.a(lib_a-nano-vfprintf.o)
                0x00021328                _vfiprintf_r
                0x00021328                _vfprintf_r
 .text._printf_common
                0x00021560       0xdc /home/yuup92/TU_Delft/Embedded_sys_lab/software_package/gcc-arm-none-eabi/bin/../lib/gcc/arm-none-eabi/5.4.1/../../../../arm-none-eabi/lib/armv6-m/libc_nano.a(lib_a-nano-vfprintf_i.o)
                0x00021560                _printf_common
 .text._printf_i
                0x0002163c      0x244 /home/yuup92/TU_Delft/Embedded_sys_lab/software_package/gcc-arm-none-eabi/bin/../lib/gcc/arm-none-eabi/5.4.1/../../../../arm-none-eabi/lib/armv6-m/libc_nano.a(lib_a-nano-vfprintf_i.o)
                0x0002163c                _printf_i
 .text._sbrk_r  0x00021880       0x24 /home/yuup92/TU_Delft/Embedded_sys_lab/software_package/gcc-arm-none-eabi/bin/../lib/gcc/arm-none-eabi/5.4.1/../../../../arm-none-eabi/lib/armv6-m/libc_nano.a(lib_a-sbrkr.o)
                0x00021880                _sbrk_r
 .text.__sread  0x000218a4       0x28 /home/yuup92/TU_Delft/Embedded_sys_lab/software_package/gcc-arm-none-eabi/bin/../lib/gcc/arm-none-eabi/5.4.1/../../../../arm-none-eabi/lib/armv6-m/libc_nano.a(lib_a-stdio.o)
                0x000218a4                __sread
 .text.__swrite
                0x000218cc       0x38 /home/yuup92/TU_Delft/Embedded_sys_lab/software_package/gcc-arm-none-eabi/bin/../lib/gcc/arm-none-eabi/5.4.1/../../../../arm-none-eabi/lib/armv6-m/libc_nano.a(lib_a-stdio.o)
                0x000218cc                __swrite
 .text.__sseek  0x00021904       0x2c /home/yuup92/TU_Delft/Embedded_sys_lab/software_package/gcc-arm-none-eabi/bin/../lib/gcc/arm-none-eabi/5.4.1/../../../../arm-none-eabi/lib/armv6-m/libc_nano.a(lib_a-stdio.o)
                0x00021904                __sseek
 .text.__sclose
                0x00021930        0xc /home/yuup92/TU_Delft/Embedded_sys_lab/software_package/gcc-arm-none-eabi/bin/../lib/gcc/arm-none-eabi/5.4.1/../../../../arm-none-eabi/lib/armv6-m/libc_nano.a(lib_a-stdio.o)
                0x00021930                __sclose
 .text.__swbuf_r
                0x0002193c       0xb0 /home/yuup92/TU_Delft/Embedded_sys_lab/software_package/gcc-arm-none-eabi/bin/../lib/gcc/arm-none-eabi/5.4.1/../../../../arm-none-eabi/lib/armv6-m/libc_nano.a(lib_a-wbuf.o)
                0x0002193c                __swbuf_r
 .text._write_r
                0x000219ec       0x28 /home/yuup92/TU_Delft/Embedded_sys_lab/software_package/gcc-arm-none-eabi/bin/../lib/gcc/arm-none-eabi/5.4.1/../../../../arm-none-eabi/lib/armv6-m/libc_nano.a(lib_a-writer.o)
                0x000219ec                _write_r
 .text.__swsetup_r
                0x00021a14       0xec /home/yuup92/TU_Delft/Embedded_sys_lab/software_package/gcc-arm-none-eabi/bin/../lib/gcc/arm-none-eabi/5.4.1/../../../../arm-none-eabi/lib/armv6-m/libc_nano.a(lib_a-wsetup.o)
                0x00021a14                __swsetup_r
 .text._close_r
                0x00021b00       0x24 /home/yuup92/TU_Delft/Embedded_sys_lab/software_package/gcc-arm-none-eabi/bin/../lib/gcc/arm-none-eabi/5.4.1/../../../../arm-none-eabi/lib/armv6-m/libc_nano.a(lib_a-closer.o)
                0x00021b00                _close_r
 .text.__sflush_r
                0x00021b24      0x10c /home/yuup92/TU_Delft/Embedded_sys_lab/software_package/gcc-arm-none-eabi/bin/../lib/gcc/arm-none-eabi/5.4.1/../../../../arm-none-eabi/lib/armv6-m/libc_nano.a(lib_a-fflush.o)
                0x00021b24                __sflush_r
 .text._fflush_r
                0x00021c30       0x58 /home/yuup92/TU_Delft/Embedded_sys_lab/software_package/gcc-arm-none-eabi/bin/../lib/gcc/arm-none-eabi/5.4.1/../../../../arm-none-eabi/lib/armv6-m/libc_nano.a(lib_a-fflush.o)
                0x00021c30                _fflush_r
 .text._lseek_r
                0x00021c88       0x28 /home/yuup92/TU_Delft/Embedded_sys_lab/software_package/gcc-arm-none-eabi/bin/../lib/gcc/arm-none-eabi/5.4.1/../../../../arm-none-eabi/lib/armv6-m/libc_nano.a(lib_a-lseekr.o)
                0x00021c88                _lseek_r
 .text.__swhatbuf_r
                0x00021cb0       0x4c /home/yuup92/TU_Delft/Embedded_sys_lab/software_package/gcc-arm-none-eabi/bin/../lib/gcc/arm-none-eabi/5.4.1/../../../../arm-none-eabi/lib/armv6-m/libc_nano.a(lib_a-makebuf.o)
                0x00021cb0                __swhatbuf_r
 .text.__smakebuf_r
                0x00021cfc       0x7c /home/yuup92/TU_Delft/Embedded_sys_lab/software_package/gcc-arm-none-eabi/bin/../lib/gcc/arm-none-eabi/5.4.1/../../../../arm-none-eabi/lib/armv6-m/libc_nano.a(lib_a-makebuf.o)
                0x00021cfc                __smakebuf_r
 .text.memchr   0x00021d78       0x16 /home/yuup92/TU_Delft/Embedded_sys_lab/software_package/gcc-arm-none-eabi/bin/../lib/gcc/arm-none-eabi/5.4.1/../../../../arm-none-eabi/lib/armv6-m/libc_nano.a(lib_a-memchr-stub.o)
                0x00021d78                memchr
 .text.memmove  0x00021d8e       0x2a /home/yuup92/TU_Delft/Embedded_sys_lab/software_package/gcc-arm-none-eabi/bin/../lib/gcc/arm-none-eabi/5.4.1/../../../../arm-none-eabi/lib/armv6-m/libc_nano.a(lib_a-memmove.o)
                0x00021d8e                memmove
 .text.__malloc_lock
                0x00021db8        0x2 /home/yuup92/TU_Delft/Embedded_sys_lab/software_package/gcc-arm-none-eabi/bin/../lib/gcc/arm-none-eabi/5.4.1/../../../../arm-none-eabi/lib/armv6-m/libc_nano.a(lib_a-mlock.o)
                0x00021db8                __malloc_lock
 .text.__malloc_unlock
                0x00021dba        0x2 /home/yuup92/TU_Delft/Embedded_sys_lab/software_package/gcc-arm-none-eabi/bin/../lib/gcc/arm-none-eabi/5.4.1/../../../../arm-none-eabi/lib/armv6-m/libc_nano.a(lib_a-mlock.o)
                0x00021dba                __malloc_unlock
 .text._free_r  0x00021dbc       0x98 /home/yuup92/TU_Delft/Embedded_sys_lab/software_package/gcc-arm-none-eabi/bin/../lib/gcc/arm-none-eabi/5.4.1/../../../../arm-none-eabi/lib/armv6-m/libc_nano.a(lib_a-nano-freer.o)
                0x00021dbc                _free_r
 .text._realloc_r
                0x00021e54       0x4c /home/yuup92/TU_Delft/Embedded_sys_lab/software_package/gcc-arm-none-eabi/bin/../lib/gcc/arm-none-eabi/5.4.1/../../../../arm-none-eabi/lib/armv6-m/libc_nano.a(lib_a-nano-reallocr.o)
                0x00021e54                _realloc_r
 .text._read_r  0x00021ea0       0x28 /home/yuup92/TU_Delft/Embedded_sys_lab/software_package/gcc-arm-none-eabi/bin/../lib/gcc/arm-none-eabi/5.4.1/../../../../arm-none-eabi/lib/armv6-m/libc_nano.a(lib_a-readr.o)
                0x00021ea0                _read_r
 .text._fstat_r
                0x00021ec8       0x24 /home/yuup92/TU_Delft/Embedded_sys_lab/software_package/gcc-arm-none-eabi/bin/../lib/gcc/arm-none-eabi/5.4.1/../../../../arm-none-eabi/lib/armv6-m/libc_nano.a(lib_a-fstatr.o)
                0x00021ec8                _fstat_r
 .text._isatty_r
                0x00021eec       0x24 /home/yuup92/TU_Delft/Embedded_sys_lab/software_package/gcc-arm-none-eabi/bin/../lib/gcc/arm-none-eabi/5.4.1/../../../../arm-none-eabi/lib/armv6-m/libc_nano.a(lib_a-isattyr.o)
                0x00021eec                _isatty_r
 .text._malloc_usable_size_r
                0x00021f10       0x16 /home/yuup92/TU_Delft/Embedded_sys_lab/software_package/gcc-arm-none-eabi/bin/../lib/gcc/arm-none-eabi/5.4.1/../../../../arm-none-eabi/lib/armv6-m/libc_nano.a(lib_a-nano-msizer.o)
                0x00021f10                _malloc_usable_size_r
 *fill*         0x00021f26        0x2 
 .text._close   0x00021f28       0x10 /home/yuup92/TU_Delft/Embedded_sys_lab/software_package/gcc-arm-none-eabi/bin/../lib/gcc/arm-none-eabi/5.4.1/../../../../arm-none-eabi/lib/armv6-m/libnosys.a(close.o)
                0x00021f28                _close
 .text._fstat   0x00021f38       0x10 /home/yuup92/TU_Delft/Embedded_sys_lab/software_package/gcc-arm-none-eabi/bin/../lib/gcc/arm-none-eabi/5.4.1/../../../../arm-none-eabi/lib/armv6-m/libnosys.a(fstat.o)
                0x00021f38                _fstat
 .text._isatty  0x00021f48       0x10 /home/yuup92/TU_Delft/Embedded_sys_lab/software_package/gcc-arm-none-eabi/bin/../lib/gcc/arm-none-eabi/5.4.1/../../../../arm-none-eabi/lib/armv6-m/libnosys.a(isatty.o)
                0x00021f48                _isatty
 .text._lseek   0x00021f58       0x10 /home/yuup92/TU_Delft/Embedded_sys_lab/software_package/gcc-arm-none-eabi/bin/../lib/gcc/arm-none-eabi/5.4.1/../../../../arm-none-eabi/lib/armv6-m/libnosys.a(lseek.o)
                0x00021f58                _lseek
 .text._read    0x00021f68       0x10 /home/yuup92/TU_Delft/Embedded_sys_lab/software_package/gcc-arm-none-eabi/bin/../lib/gcc/arm-none-eabi/5.4.1/../../../../arm-none-eabi/lib/armv6-m/libnosys.a(read.o)
                0x00021f68                _read
 .text._sbrk    0x00021f78       0x1c /home/yuup92/TU_Delft/Embedded_sys_lab/software_package/gcc-arm-none-eabi/bin/../lib/gcc/arm-none-eabi/5.4.1/../../../../arm-none-eabi/lib/armv6-m/libnosys.a(sbrk.o)
                0x00021f78                _sbrk
 *(.init)
 .init          0x00021f94        0x4 /home/yuup92/TU_Delft/Embedded_sys_lab/software_package/gcc-arm-none-eabi/bin/../lib/gcc/arm-none-eabi/5.4.1/armv6-m/crti.o
                0x00021f94                _init
 .init          0x00021f98        0x8 /home/yuup92/TU_Delft/Embedded_sys_lab/software_package/gcc-arm-none-eabi/bin/../lib/gcc/arm-none-eabi/5.4.1/armv6-m/crtn.o
 *(.fini)
 .fini          0x00021fa0        0x4 /home/yuup92/TU_Delft/Embedded_sys_lab/software_package/gcc-arm-none-eabi/bin/../lib/gcc/arm-none-eabi/5.4.1/armv6-m/crti.o
                0x00021fa0                _fini
 .fini          0x00021fa4        0x8 /home/yuup92/TU_Delft/Embedded_sys_lab/software_package/gcc-arm-none-eabi/bin/../lib/gcc/arm-none-eabi/5.4.1/armv6-m/crtn.o
 *crtbegin.o(.ctors)
 *crtbegin?.o(.ctors)
 *(EXCLUDE_FILE(*crtend.o *crtend?.o) .ctors)
 *(SORT(.ctors.*))
 *(.ctors)
 *crtbegin.o(.dtors)
 *crtbegin?.o(.dtors)
 *(EXCLUDE_FILE(*crtend.o *crtend?.o) .dtors)
 *(SORT(.dtors.*))
 *(.dtors)
 *(.rodata*)
 .rodata.str1.1
                0x00021fac        0x2 /home/yuup92/TU_Delft/Embedded_sys_lab/software_package/gcc-arm-none-eabi/bin/../lib/gcc/arm-none-eabi/5.4.1/../../../../arm-none-eabi/lib/armv6-m/libc_nano.a(lib_a-impure.o)
 *fill*         0x00021fae        0x2 
 .rodata._global_impure_ptr
                0x00021fb0        0x4 /home/yuup92/TU_Delft/Embedded_sys_lab/software_package/gcc-arm-none-eabi/bin/../lib/gcc/arm-none-eabi/5.4.1/../../../../arm-none-eabi/lib/armv6-m/libc_nano.a(lib_a-impure.o)
                0x00021fb0                _global_impure_ptr
 .rodata.str1.4
                0x00021fb4       0x52 _build/in4073.o
 *fill*         0x00022006        0x2 
 .rodata.quadrupel_timer.7181
                0x00022008        0x4 _build/timers.o
 .rodata.str1.4
                0x0002200c       0x11 _build/uart.o
 *fill*         0x0002201d        0x3 
 .rodata.str1.4
                0x00022020       0x20 _build/queue.o
 .rodata.str1.4
                0x00022040       0x38 _build/twi.o
 .rodata.str1.4
                0x00022078       0x12 _build/ble.o
 *fill*         0x0002208a        0x2 
 .rodata.str1.4
                0x0002208c       0x28 _build/packet_protocol.o
 .rodata.switchMode
                0x000220b4       0x28 _build/mode_control.o
 .rodata.str1.4
                0x000220dc       0x5c _build/mode_control.o
 .rodata.str1.4
                0x00022138       0x1d _build/calibration.o
 *fill*         0x00022155        0x3 
 .rodata.test   0x00022158       0x28 _build/inv_mpu.o
                0x00022158                test
 .rodata.str1.4
                0x00022180       0xa6 _build/inv_mpu.o
 *fill*         0x00022226        0x2 
 .rodata.hw     0x00022228        0xc _build/inv_mpu.o
                0x00022228                hw
 .rodata.reg    0x00022234       0x1e _build/inv_mpu.o
                0x00022234                reg
 *fill*         0x00022252        0x2 
 .rodata        0x00022254       0x4b _build/inv_mpu_dmp_motion_driver.o
 *fill*         0x0002229f        0x1 
 .rodata.dmp_memory
                0x000222a0      0xbf6 _build/inv_mpu_dmp_motion_driver.o
 *fill*         0x00022e96        0x2 
 .rodata.str1.4
                0x00022e98      0x14a _build/mpu_wrapper.o
 *fill*         0x00022fe2        0x2 
 .rodata.str1.4
                0x00022fe4       0x27 _build/app_error.o
 *fill*         0x0002300b        0x1 
 .rodata.m_conn_params_timer_id
                0x0002300c        0x4 _build/ble_conn_params.o
 .rodata        0x00023010       0x10 _build/ble_nus.o
 .rodata.str1.4
                0x00023020        0x5 /home/yuup92/TU_Delft/Embedded_sys_lab/software_package/gcc-arm-none-eabi/bin/../lib/gcc/arm-none-eabi/5.4.1/../../../../arm-none-eabi/lib/armv6-m/libm.a(lib_a-w_asin.o)
                                  0x9 (size before relaxing)
 *fill*         0x00023025        0x3 
 .rodata.str1.4
                0x00023028        0x8 /home/yuup92/TU_Delft/Embedded_sys_lab/software_package/gcc-arm-none-eabi/bin/../lib/gcc/arm-none-eabi/5.4.1/../../../../arm-none-eabi/lib/armv6-m/libm.a(lib_a-w_sqrt.o)
                                  0x5 (size before relaxing)
 .rodata.atanlo
                0x00023030       0x20 /home/yuup92/TU_Delft/Embedded_sys_lab/software_package/gcc-arm-none-eabi/bin/../lib/gcc/arm-none-eabi/5.4.1/../../../../arm-none-eabi/lib/armv6-m/libm.a(lib_a-s_atan.o)
 .rodata.atanhi
                0x00023050       0x20 /home/yuup92/TU_Delft/Embedded_sys_lab/software_package/gcc-arm-none-eabi/bin/../lib/gcc/arm-none-eabi/5.4.1/../../../../arm-none-eabi/lib/armv6-m/libm.a(lib_a-s_atan.o)
 .rodata        0x00023070       0x80 /home/yuup92/TU_Delft/Embedded_sys_lab/software_package/gcc-arm-none-eabi/bin/../lib/gcc/arm-none-eabi/5.4.1/armv6-m/libgcc.a(divsf3.o)
 .rodata        0x000230f0       0x40 /home/yuup92/TU_Delft/Embedded_sys_lab/software_package/gcc-arm-none-eabi/bin/../lib/gcc/arm-none-eabi/5.4.1/armv6-m/libgcc.a(mulsf3.o)
 .rodata        0x00023130       0x40 /home/yuup92/TU_Delft/Embedded_sys_lab/software_package/gcc-arm-none-eabi/bin/../lib/gcc/arm-none-eabi/5.4.1/armv6-m/libgcc.a(divdf3.o)
 .rodata        0x00023170       0x40 /home/yuup92/TU_Delft/Embedded_sys_lab/software_package/gcc-arm-none-eabi/bin/../lib/gcc/arm-none-eabi/5.4.1/armv6-m/libgcc.a(muldf3.o)
 .rodata.__sf_fake_stdin
                0x000231b0       0x20 /home/yuup92/TU_Delft/Embedded_sys_lab/software_package/gcc-arm-none-eabi/bin/../lib/gcc/arm-none-eabi/5.4.1/../../../../arm-none-eabi/lib/armv6-m/libc_nano.a(lib_a-findfp.o)
                0x000231b0                __sf_fake_stdin
 .rodata.__sf_fake_stdout
                0x000231d0       0x20 /home/yuup92/TU_Delft/Embedded_sys_lab/software_package/gcc-arm-none-eabi/bin/../lib/gcc/arm-none-eabi/5.4.1/../../../../arm-none-eabi/lib/armv6-m/libc_nano.a(lib_a-findfp.o)
                0x000231d0                __sf_fake_stdout
 .rodata.__sf_fake_stderr
                0x000231f0       0x20 /home/yuup92/TU_Delft/Embedded_sys_lab/software_package/gcc-arm-none-eabi/bin/../lib/gcc/arm-none-eabi/5.4.1/../../../../arm-none-eabi/lib/armv6-m/libc_nano.a(lib_a-findfp.o)
                0x000231f0                __sf_fake_stderr
 .rodata.str1.1
                0x00023210       0x11 /home/yuup92/TU_Delft/Embedded_sys_lab/software_package/gcc-arm-none-eabi/bin/../lib/gcc/arm-none-eabi/5.4.1/../../../../arm-none-eabi/lib/armv6-m/libc_nano.a(lib_a-nano-svfprintf.o)
 .rodata.str1.1
                0x00023221       0x11 /home/yuup92/TU_Delft/Embedded_sys_lab/software_package/gcc-arm-none-eabi/bin/../lib/gcc/arm-none-eabi/5.4.1/../../../../arm-none-eabi/lib/armv6-m/libc_nano.a(lib_a-nano-vfprintf.o)
 .rodata.str1.1
                0x00023221       0x22 /home/yuup92/TU_Delft/Embedded_sys_lab/software_package/gcc-arm-none-eabi/bin/../lib/gcc/arm-none-eabi/5.4.1/../../../../arm-none-eabi/lib/armv6-m/libc_nano.a(lib_a-nano-vfprintf_i.o)
 *(.eh_frame*)
 *fill*         0x00023243        0x1 
 .eh_frame      0x00023244        0x0 /home/yuup92/TU_Delft/Embedded_sys_lab/software_package/gcc-arm-none-eabi/bin/../lib/gcc/arm-none-eabi/5.4.1/armv6-m/crtbegin.o
                0x00023244                . = ALIGN (0x4)

.glue_7         0x00023244        0x0
 .glue_7        0x00023244        0x0 linker stubs

.glue_7t        0x00023244        0x0
 .glue_7t       0x00023244        0x0 linker stubs

.vfp11_veneer   0x00023244        0x0
 .vfp11_veneer  0x00023244        0x0 linker stubs

.v4_bx          0x00023244        0x0
 .v4_bx         0x00023244        0x0 linker stubs

.iplt           0x00023244        0x0
 .iplt          0x00023244        0x0 /home/yuup92/TU_Delft/Embedded_sys_lab/software_package/gcc-arm-none-eabi/bin/../lib/gcc/arm-none-eabi/5.4.1/armv6-m/crtbegin.o

.ARM.extab      0x00023244        0x0
 *(.ARM.extab* .gnu.linkonce.armextab.*)
                0x00023244                . = ALIGN (0x4)
                0x00023244                __exidx_start = .

.ARM.exidx      0x00023244        0x8
 *(.ARM.exidx* .gnu.linkonce.armexidx.*)
 .ARM.exidx     0x00023244        0x8 /home/yuup92/TU_Delft/Embedded_sys_lab/software_package/gcc-arm-none-eabi/bin/../lib/gcc/arm-none-eabi/5.4.1/../../../../arm-none-eabi/lib/armv6-m/crt0.o
 .ARM.exidx     0x0002324c        0x0 _build/gcc_startup_nrf51.o
                                  0x8 (size before relaxing)
                0x0002324c                . = ALIGN (0x4)
                0x0002324c                __exidx_end = .
                0x0002324c                __etext = .

.rel.dyn        0x0002324c        0x0
 .rel.iplt      0x0002324c        0x0 /home/yuup92/TU_Delft/Embedded_sys_lab/software_package/gcc-arm-none-eabi/bin/../lib/gcc/arm-none-eabi/5.4.1/armv6-m/crtbegin.o

.data           0x20002000       0xb4 load address 0x0002324c
                0x20002000                __data_start__ = .
 *(vtable)
 *(.data*)
 .data.impure_data
                0x20002000       0x60 /home/yuup92/TU_Delft/Embedded_sys_lab/software_package/gcc-arm-none-eabi/bin/../lib/gcc/arm-none-eabi/5.4.1/../../../../arm-none-eabi/lib/armv6-m/libc_nano.a(lib_a-impure.o)
 .data._impure_ptr
                0x20002060        0x4 /home/yuup92/TU_Delft/Embedded_sys_lab/software_package/gcc-arm-none-eabi/bin/../lib/gcc/arm-none-eabi/5.4.1/../../../../arm-none-eabi/lib/armv6-m/libc_nano.a(lib_a-impure.o)
                0x20002060                _impure_ptr
 .data.txd_available
                0x20002064        0x1 _build/uart.o
                0x20002064                txd_available
 *fill*         0x20002065        0x3 
 .data.m_adv_uuids
                0x20002068        0x4 _build/ble.o
 .data.m_conn_handle
                0x2000206c        0x2 _build/ble.o
 *fill*         0x2000206e        0x2 
 .data.st       0x20002070       0x2c _build/inv_mpu.o
 .data.gyro_orientation.7101
                0x2000209c        0x9 _build/mpu_wrapper.o
 *fill*         0x200020a5        0x1 
 .data.current_slave_link_conn_handle.7275
                0x200020a6        0x2 _build/ble_advertising.o
 .data.__fdlib_version
                0x200020a8        0x1 /home/yuup92/TU_Delft/Embedded_sys_lab/software_package/gcc-arm-none-eabi/bin/../lib/gcc/arm-none-eabi/5.4.1/../../../../arm-none-eabi/lib/armv6-m/libm.a(lib_a-s_lib_ver.o)
                0x200020a8                __fdlib_version
                0x200020ac                . = ALIGN (0x4)
 *fill*         0x200020a9        0x3 
                0x200020ac                PROVIDE (__preinit_array_start, .)
 *(.preinit_array)
                0x200020ac                PROVIDE (__preinit_array_end, .)
                0x200020ac                . = ALIGN (0x4)
                0x200020ac                PROVIDE (__init_array_start, .)
 *(SORT(.init_array.*))
 *(.init_array)
 .init_array    0x200020ac        0x4 /home/yuup92/TU_Delft/Embedded_sys_lab/software_package/gcc-arm-none-eabi/bin/../lib/gcc/arm-none-eabi/5.4.1/armv6-m/crtbegin.o
                0x200020b0                PROVIDE (__init_array_end, .)
                0x200020b0                . = ALIGN (0x4)
                [!provide]                PROVIDE (__fini_array_start, .)
 *(SORT(.fini_array.*))
 *(.fini_array)
 .fini_array    0x200020b0        0x4 /home/yuup92/TU_Delft/Embedded_sys_lab/software_package/gcc-arm-none-eabi/bin/../lib/gcc/arm-none-eabi/5.4.1/armv6-m/crtbegin.o
                [!provide]                PROVIDE (__fini_array_end, .)
 *(.jcr)
 .jcr           0x200020b4        0x0 /home/yuup92/TU_Delft/Embedded_sys_lab/software_package/gcc-arm-none-eabi/bin/../lib/gcc/arm-none-eabi/5.4.1/armv6-m/crtbegin.o
                0x200020b4                . = ALIGN (0x4)
                0x200020b4                __data_end__ = .

.igot.plt       0x200020b4        0x0 load address 0x00023300
 .igot.plt      0x200020b4        0x0 /home/yuup92/TU_Delft/Embedded_sys_lab/software_package/gcc-arm-none-eabi/bin/../lib/gcc/arm-none-eabi/5.4.1/armv6-m/crtbegin.o

.bss            0x200020b4      0xc4c load address 0x00023300
                0x200020b4                . = ALIGN (0x4)
                0x200020b4                __bss_start__ = .
 *(.bss*)
 .bss           0x200020b4       0x1c /home/yuup92/TU_Delft/Embedded_sys_lab/software_package/gcc-arm-none-eabi/bin/../lib/gcc/arm-none-eabi/5.4.1/armv6-m/crtbegin.o
 .bss.mode      0x200020d0        0x1 _build/in4073.o
                0x200020d0                mode
 *fill*         0x200020d1        0x3 
 .bss.APP_TIMER_BUF.7177
                0x200020d4      0x1c8 _build/timers.o
 .bss.quadrupel_timer_data.7180
                0x2000229c       0x20 _build/timers.o
 .bss.sent      0x200022bc        0x1 _build/twi.o
 .bss.read      0x200022bd        0x1 _build/twi.o
 .bss.loop_count
                0x200022be        0x1 _build/baro.o
 *fill*         0x200022bf        0x1 
 .bss.prom      0x200022c0       0x10 _build/baro.o
 .bss.data.7094
                0x200022d0        0x2 _build/baro.o
 *fill*         0x200022d2        0x2 
 .bss.data      0x200022d4        0x3 _build/baro.o
 *fill*         0x200022d7        0x1 
 .bss.initTime  0x200022d8        0x4 _build/baro.o
                0x200022d8                initTime
 .bss.BLE_EVT_BUFFER.9025
                0x200022dc       0x48 _build/ble.o
 .bss.m_nus     0x20002324       0x1c _build/ble.o
 .bss.spi_config_table
                0x20002340        0xc _build/spi_flash.o
 .bss.SPI       0x2000234c        0x4 _build/spi_flash.o
 .bss.dmp       0x20002350       0x10 _build/inv_mpu_dmp_motion_driver.o
 .bss.m_ticks_latest
                0x20002360        0x4 _build/app_timer.o
 .bss.mp_timer_id_head
                0x20002364        0x4 _build/app_timer.o
 .bss.m_evt_schedule_func
                0x20002368        0x4 _build/app_timer.o
 .bss.m_user_array_size
                0x2000236c        0x1 _build/app_timer.o
 *fill*         0x2000236d        0x3 
 .bss.mp_users  0x20002370        0x4 _build/app_timer.o
 .bss.m_ticks_elapsed_q_read_ind
                0x20002374        0x1 _build/app_timer.o
 .bss.m_ticks_elapsed_q_write_ind
                0x20002375        0x1 _build/app_timer.o
 .bss.m_rtc1_reset
                0x20002376        0x1 _build/app_timer.o
 *fill*         0x20002377        0x1 
 .bss.m_ticks_elapsed
                0x20002378        0x8 _build/app_timer.o
 .bss.m_rtc1_running
                0x20002380        0x1 _build/app_timer.o
 *fill*         0x20002381        0x3 
 .bss.m_cmd_queue
                0x20002384       0xcc _build/pstorage.o
 .bss.m_flags   0x20002450        0x4 _build/pstorage.o
 .bss.m_advdata
                0x20002454       0x38 _build/ble_advertising.o
 .bss.m_manuf_specific_data
                0x2000248c        0xc _build/ble_advertising.o
 .bss.m_evt_handler
                0x20002498        0x4 _build/ble_advertising.o
 .bss.m_advertising_start_pending
                0x2000249c        0x1 _build/ble_advertising.o
 *fill*         0x2000249d        0x3 
 .bss.m_manuf_data_array
                0x200024a0       0x1f _build/ble_advertising.o
 .bss.m_whitelist_temporarily_disabled
                0x200024bf        0x1 _build/ble_advertising.o
 .bss.m_error_handler
                0x200024c0        0x4 _build/ble_advertising.o
 .bss.m_peer_address
                0x200024c4        0x7 _build/ble_advertising.o
 *fill*         0x200024cb        0x1 
 .bss.m_adv_modes_config
                0x200024cc       0x24 _build/ble_advertising.o
 .bss.mp_whitelist_addr
                0x200024f0       0x20 _build/ble_advertising.o
 .bss.m_tx_power_level
                0x20002510        0x1 _build/ble_advertising.o
 *fill*         0x20002511        0x3 
 .bss.m_whitelist
                0x20002514       0x10 _build/ble_advertising.o
 .bss.m_service_data_array
                0x20002524       0x1f _build/ble_advertising.o
 .bss.m_whitelist_reply_expected
                0x20002543        0x1 _build/ble_advertising.o
 .bss.mp_whitelist_irk
                0x20002544       0x20 _build/ble_advertising.o
 .bss.m_adv_mode_current
                0x20002564        0x1 _build/ble_advertising.o
 .bss.m_peer_addr_reply_expected
                0x20002565        0x1 _build/ble_advertising.o
 *fill*         0x20002566        0x2 
 .bss.m_slave_conn_int
                0x20002568        0x4 _build/ble_advertising.o
 .bss.m_service_data
                0x2000256c        0xc _build/ble_advertising.o
 .bss.m_adv_evt
                0x20002578        0x1 _build/ble_advertising.o
 .bss.m_change_param
                0x20002579        0x1 _build/ble_conn_params.o
 *fill*         0x2000257a        0x2 
 .bss.m_current_conn_params
                0x2000257c        0x8 _build/ble_conn_params.o
 .bss.m_update_count
                0x20002584        0x1 _build/ble_conn_params.o
 *fill*         0x20002585        0x3 
 .bss.m_conn_params_config
                0x20002588       0x1c _build/ble_conn_params.o
 .bss.m_conn_params_timer_id_data
                0x200025a4       0x20 _build/ble_conn_params.o
 .bss.m_conn_handle
                0x200025c4        0x2 _build/ble_conn_params.o
 *fill*         0x200025c6        0x2 
 .bss.m_preferred_conn_params
                0x200025c8        0x8 _build/ble_conn_params.o
 .bss.m_softdevice_enabled
                0x200025d0        0x1 _build/softdevice_handler.o
 *fill*         0x200025d1        0x1 
 .bss.m_ble_evt_buffer_size
                0x200025d2        0x2 _build/softdevice_handler.o
 .bss.mp_ble_evt_buffer
                0x200025d4        0x4 _build/softdevice_handler.o
 .bss.m_sys_evt_handler
                0x200025d8        0x4 _build/softdevice_handler.o
 .bss.m_ble_evt_handler
                0x200025dc        0x4 _build/softdevice_handler.o
 .bss.m_evt_schedule_func
                0x200025e0        0x4 _build/softdevice_handler.o
 .bss.__malloc_sbrk_start
                0x200025e4        0x4 /home/yuup92/TU_Delft/Embedded_sys_lab/software_package/gcc-arm-none-eabi/bin/../lib/gcc/arm-none-eabi/5.4.1/../../../../arm-none-eabi/lib/armv6-m/libc_nano.a(lib_a-nano-mallocr.o)
                0x200025e4                __malloc_sbrk_start
 .bss.__malloc_free_list
                0x200025e8        0x4 /home/yuup92/TU_Delft/Embedded_sys_lab/software_package/gcc-arm-none-eabi/bin/../lib/gcc/arm-none-eabi/5.4.1/../../../../arm-none-eabi/lib/armv6-m/libc_nano.a(lib_a-nano-mallocr.o)
                0x200025e8                __malloc_free_list
 .bss.heap_end.4167
                0x200025ec        0x4 /home/yuup92/TU_Delft/Embedded_sys_lab/software_package/gcc-arm-none-eabi/bin/../lib/gcc/arm-none-eabi/5.4.1/../../../../arm-none-eabi/lib/armv6-m/libnosys.a(sbrk.o)
 *(COMMON)
 COMMON         0x200025f0      0x6f1 _build/in4073.o
                0x200025f0                say
                0x200025f4                saxValues
                0x200026bc                psi
                0x200026be                sensor_fifo_count
                0x200026bf                mode_change_acknowledged
                0x200026c0                kp_yaw
                0x200026c2                saz
                0x200026c4                buffer_fill_index
                0x200026c8                offset_saz
                0x200026cc                rx_queue
                0x200027d2                phi
                0x200027d4                mode_change_packet
                0x200027d8                temperature
                0x200027dc                theta
                0x200027e0                pressure
                0x200027e4                prevMode
                0x200027e8                tx_queue
                0x200028f0                current_mode_function
                0x200028f4                sax
                0x200028f8                offset_sax
                0x200028fc                sq
                0x20002900                Address
                0x20002904                bat_volt
                0x20002908                values_Packet
                0x20002910                sayValues
                0x200029d8                ble_rx_queue
                0x20002ade                sp
                0x20002ae0                prevAcknowledgeMode
                0x20002ae4                broken_Packet
                0x20002aec                radio_active
                0x20002af0                motor
                0x20002af8                last_correct_checksum_time
                0x20002afc                ble_tx_queue
                0x20002c04                panicFlag
                0x20002c08                ae
                0x20002c10                offset_say
                0x20002c14                sr
                0x20002c18                sazValues
                0x20002ce0                demo_done
 *fill*         0x20002ce1        0x1 
 COMMON         0x20002ce2        0x8 _build/control.o
                0x20002ce2                lift
                0x20002ce4                yaw
                0x20002ce6                pitch
                0x20002ce8                roll
 *fill*         0x20002cea        0x2 
 COMMON         0x20002cec        0x5 _build/timers.o
                0x20002cec                global_time
                0x20002cf0                timer_flag
 *fill*         0x20002cf1        0x3 
 COMMON         0x20002cf4        0x8 _build/baro.o
                0x20002cf4                D2
                0x20002cf8                D1
 COMMON         0x20002cfc        0x4 /home/yuup92/TU_Delft/Embedded_sys_lab/software_package/gcc-arm-none-eabi/bin/../lib/gcc/arm-none-eabi/5.4.1/../../../../arm-none-eabi/lib/armv6-m/libc_nano.a(lib_a-reent.o)
                0x20002cfc                errno
                0x20002d00                . = ALIGN (0x4)
                0x20002d00                __bss_end__ = .

.heap           0x20002d00      0x800
                0x20002d00                __end__ = .
                0x20002d00                end = __end__
 *(.heap*)
 .heap          0x20002d00      0x800 _build/gcc_startup_nrf51.o
                0x20002d00                __HeapBase
                0x20003500                __HeapLimit = .

.stack_dummy    0x20002d00      0x800
 *(.stack*)
 .stack         0x20002d00      0x800 _build/gcc_startup_nrf51.o
                0x20004000                __StackTop = (ORIGIN (RAM) + LENGTH (RAM))
                0x20003800                __StackLimit = (__StackTop - SIZEOF (.stack_dummy))
                0x20004000                PROVIDE (__stack, __StackTop)
                0x00000001                ASSERT ((__StackLimit >= __HeapLimit), region RAM overflowed with stack)
OUTPUT(_build/in4073.out elf32-littlearm)

.ARM.attributes
                0x00000000       0x28
 .ARM.attributes
                0x00000000       0x1e /home/yuup92/TU_Delft/Embedded_sys_lab/software_package/gcc-arm-none-eabi/bin/../lib/gcc/arm-none-eabi/5.4.1/armv6-m/crti.o
 .ARM.attributes
                0x0000001e       0x2c /home/yuup92/TU_Delft/Embedded_sys_lab/software_package/gcc-arm-none-eabi/bin/../lib/gcc/arm-none-eabi/5.4.1/armv6-m/crtbegin.o
 .ARM.attributes
                0x0000004a       0x1b /home/yuup92/TU_Delft/Embedded_sys_lab/software_package/gcc-arm-none-eabi/bin/../lib/gcc/arm-none-eabi/5.4.1/../../../../arm-none-eabi/lib/armv6-m/crt0.o
 .ARM.attributes
                0x00000065       0x2c /home/yuup92/TU_Delft/Embedded_sys_lab/software_package/gcc-arm-none-eabi/bin/../lib/gcc/arm-none-eabi/5.4.1/../../../../arm-none-eabi/lib/armv6-m/libc_nano.a(lib_a-exit.o)
 .ARM.attributes
                0x00000091       0x2c /home/yuup92/TU_Delft/Embedded_sys_lab/software_package/gcc-arm-none-eabi/bin/../lib/gcc/arm-none-eabi/5.4.1/../../../../arm-none-eabi/lib/armv6-m/libc_nano.a(lib_a-impure.o)
 .ARM.attributes
                0x000000bd       0x2c /home/yuup92/TU_Delft/Embedded_sys_lab/software_package/gcc-arm-none-eabi/bin/../lib/gcc/arm-none-eabi/5.4.1/../../../../arm-none-eabi/lib/armv6-m/libc_nano.a(lib_a-init.o)
 .ARM.attributes
                0x000000e9       0x2c /home/yuup92/TU_Delft/Embedded_sys_lab/software_package/gcc-arm-none-eabi/bin/../lib/gcc/arm-none-eabi/5.4.1/../../../../arm-none-eabi/lib/armv6-m/libc_nano.a(lib_a-memset.o)
 .ARM.attributes
                0x00000115       0x2c /home/yuup92/TU_Delft/Embedded_sys_lab/software_package/gcc-arm-none-eabi/bin/../lib/gcc/arm-none-eabi/5.4.1/../../../../arm-none-eabi/lib/armv6-m/libnosys.a(_exit.o)
 .ARM.attributes
                0x00000141       0x31 _build/system_nrf51.o
 .ARM.attributes
                0x00000172       0x31 _build/nrf_delay.o
 .ARM.attributes
                0x000001a3       0x31 _build/in4073.o
 .ARM.attributes
                0x000001d4       0x31 _build/control.o
 .ARM.attributes
                0x00000205       0x31 _build/gpio.o
 .ARM.attributes
                0x00000236       0x31 _build/timers.o
 .ARM.attributes
                0x00000267       0x31 _build/uart.o
 .ARM.attributes
                0x00000298       0x31 _build/queue.o
 .ARM.attributes
                0x000002c9       0x31 _build/twi.o
 .ARM.attributes
                0x000002fa       0x31 _build/adc.o
 .ARM.attributes
                0x0000032b       0x31 _build/baro.o
 .ARM.attributes
                0x0000035c       0x31 _build/ble.o
 .ARM.attributes
                0x0000038d       0x31 _build/packet_protocol.o
 .ARM.attributes
                0x000003be       0x31 _build/mode_control.o
 .ARM.attributes
                0x000003ef       0x31 _build/calibration.o
 .ARM.attributes
                0x00000420       0x31 _build/spi_flash.o
 .ARM.attributes
                0x00000451       0x31 _build/crc16.o
 .ARM.attributes
                0x00000482       0x31 _build/inv_mpu.o
 .ARM.attributes
                0x000004b3       0x31 _build/inv_mpu_dmp_motion_driver.o
 .ARM.attributes
                0x000004e4       0x31 _build/ml.o
 .ARM.attributes
                0x00000515       0x31 _build/mpu_wrapper.o
 .ARM.attributes
                0x00000546       0x31 _build/app_error.o
 .ARM.attributes
                0x00000577       0x31 _build/app_timer.o
 .ARM.attributes
                0x000005a8       0x31 _build/pstorage.o
 .ARM.attributes
                0x000005d9       0x31 _build/ble_advdata.o
 .ARM.attributes
                0x0000060a       0x31 _build/ble_advertising.o
 .ARM.attributes
                0x0000063b       0x31 _build/ble_conn_params.o
 .ARM.attributes
                0x0000066c       0x31 _build/ble_nus.o
 .ARM.attributes
                0x0000069d       0x31 _build/softdevice_handler.o
 .ARM.attributes
                0x000006ce       0x1b _build/gcc_startup_nrf51.o
 .ARM.attributes
                0x000006e9       0x2c /home/yuup92/TU_Delft/Embedded_sys_lab/software_package/gcc-arm-none-eabi/bin/../lib/gcc/arm-none-eabi/5.4.1/../../../../arm-none-eabi/lib/armv6-m/libm.a(lib_a-s_fabs.o)
 .ARM.attributes
                0x00000715       0x2c /home/yuup92/TU_Delft/Embedded_sys_lab/software_package/gcc-arm-none-eabi/bin/../lib/gcc/arm-none-eabi/5.4.1/../../../../arm-none-eabi/lib/armv6-m/libm.a(lib_a-w_asin.o)
 .ARM.attributes
                0x00000741       0x2c /home/yuup92/TU_Delft/Embedded_sys_lab/software_package/gcc-arm-none-eabi/bin/../lib/gcc/arm-none-eabi/5.4.1/../../../../arm-none-eabi/lib/armv6-m/libm.a(lib_a-w_atan2.o)
 .ARM.attributes
                0x0000076d       0x2c /home/yuup92/TU_Delft/Embedded_sys_lab/software_package/gcc-arm-none-eabi/bin/../lib/gcc/arm-none-eabi/5.4.1/../../../../arm-none-eabi/lib/armv6-m/libm.a(lib_a-w_sqrt.o)
 .ARM.attributes
                0x00000799       0x2c /home/yuup92/TU_Delft/Embedded_sys_lab/software_package/gcc-arm-none-eabi/bin/../lib/gcc/arm-none-eabi/5.4.1/../../../../arm-none-eabi/lib/armv6-m/libm.a(lib_a-e_asin.o)
 .ARM.attributes
                0x000007c5       0x2c /home/yuup92/TU_Delft/Embedded_sys_lab/software_package/gcc-arm-none-eabi/bin/../lib/gcc/arm-none-eabi/5.4.1/../../../../arm-none-eabi/lib/armv6-m/libm.a(lib_a-e_atan2.o)
 .ARM.attributes
                0x000007f1       0x2c /home/yuup92/TU_Delft/Embedded_sys_lab/software_package/gcc-arm-none-eabi/bin/../lib/gcc/arm-none-eabi/5.4.1/../../../../arm-none-eabi/lib/armv6-m/libm.a(lib_a-e_sqrt.o)
 .ARM.attributes
                0x0000081d       0x2c /home/yuup92/TU_Delft/Embedded_sys_lab/software_package/gcc-arm-none-eabi/bin/../lib/gcc/arm-none-eabi/5.4.1/../../../../arm-none-eabi/lib/armv6-m/libm.a(lib_a-s_atan.o)
 .ARM.attributes
                0x00000849       0x2c /home/yuup92/TU_Delft/Embedded_sys_lab/software_package/gcc-arm-none-eabi/bin/../lib/gcc/arm-none-eabi/5.4.1/../../../../arm-none-eabi/lib/armv6-m/libm.a(lib_a-s_lib_ver.o)
 .ARM.attributes
                0x00000875       0x2c /home/yuup92/TU_Delft/Embedded_sys_lab/software_package/gcc-arm-none-eabi/bin/../lib/gcc/arm-none-eabi/5.4.1/../../../../arm-none-eabi/lib/armv6-m/libm.a(lib_a-s_matherr.o)
 .ARM.attributes
                0x000008a1       0x2c /home/yuup92/TU_Delft/Embedded_sys_lab/software_package/gcc-arm-none-eabi/bin/../lib/gcc/arm-none-eabi/5.4.1/../../../../arm-none-eabi/lib/armv6-m/libm.a(lib_a-s_nan.o)
 .ARM.attributes
                0x000008cd       0x1e /home/yuup92/TU_Delft/Embedded_sys_lab/software_package/gcc-arm-none-eabi/bin/../lib/gcc/arm-none-eabi/5.4.1/armv6-m/libgcc.a(_udivsi3.o)
 .ARM.attributes
                0x000008eb       0x1e /home/yuup92/TU_Delft/Embedded_sys_lab/software_package/gcc-arm-none-eabi/bin/../lib/gcc/arm-none-eabi/5.4.1/armv6-m/libgcc.a(_divsi3.o)
 .ARM.attributes
                0x00000909       0x1e /home/yuup92/TU_Delft/Embedded_sys_lab/software_package/gcc-arm-none-eabi/bin/../lib/gcc/arm-none-eabi/5.4.1/armv6-m/libgcc.a(_dvmd_tls.o)
 .ARM.attributes
                0x00000927       0x1e /home/yuup92/TU_Delft/Embedded_sys_lab/software_package/gcc-arm-none-eabi/bin/../lib/gcc/arm-none-eabi/5.4.1/armv6-m/libgcc.a(_arm_cmpdf2.o)
 .ARM.attributes
                0x00000945       0x1e /home/yuup92/TU_Delft/Embedded_sys_lab/software_package/gcc-arm-none-eabi/bin/../lib/gcc/arm-none-eabi/5.4.1/armv6-m/libgcc.a(_arm_cmpsf2.o)
 .ARM.attributes
                0x00000963       0x2c /home/yuup92/TU_Delft/Embedded_sys_lab/software_package/gcc-arm-none-eabi/bin/../lib/gcc/arm-none-eabi/5.4.1/armv6-m/libgcc.a(_muldi3.o)
 .ARM.attributes
                0x0000098f       0x2c /home/yuup92/TU_Delft/Embedded_sys_lab/software_package/gcc-arm-none-eabi/bin/../lib/gcc/arm-none-eabi/5.4.1/armv6-m/libgcc.a(_fixunssfsi.o)
 .ARM.attributes
                0x000009bb       0x2c /home/yuup92/TU_Delft/Embedded_sys_lab/software_package/gcc-arm-none-eabi/bin/../lib/gcc/arm-none-eabi/5.4.1/armv6-m/libgcc.a(addsf3.o)
 .ARM.attributes
                0x000009e7       0x2c /home/yuup92/TU_Delft/Embedded_sys_lab/software_package/gcc-arm-none-eabi/bin/../lib/gcc/arm-none-eabi/5.4.1/armv6-m/libgcc.a(divsf3.o)
 .ARM.attributes
                0x00000a13       0x2c /home/yuup92/TU_Delft/Embedded_sys_lab/software_package/gcc-arm-none-eabi/bin/../lib/gcc/arm-none-eabi/5.4.1/armv6-m/libgcc.a(eqsf2.o)
 .ARM.attributes
                0x00000a3f       0x2c /home/yuup92/TU_Delft/Embedded_sys_lab/software_package/gcc-arm-none-eabi/bin/../lib/gcc/arm-none-eabi/5.4.1/armv6-m/libgcc.a(gesf2.o)
 .ARM.attributes
                0x00000a6b       0x2c /home/yuup92/TU_Delft/Embedded_sys_lab/software_package/gcc-arm-none-eabi/bin/../lib/gcc/arm-none-eabi/5.4.1/armv6-m/libgcc.a(lesf2.o)
 .ARM.attributes
                0x00000a97       0x2c /home/yuup92/TU_Delft/Embedded_sys_lab/software_package/gcc-arm-none-eabi/bin/../lib/gcc/arm-none-eabi/5.4.1/armv6-m/libgcc.a(mulsf3.o)
 .ARM.attributes
                0x00000ac3       0x2c /home/yuup92/TU_Delft/Embedded_sys_lab/software_package/gcc-arm-none-eabi/bin/../lib/gcc/arm-none-eabi/5.4.1/armv6-m/libgcc.a(subsf3.o)
 .ARM.attributes
                0x00000aef       0x2c /home/yuup92/TU_Delft/Embedded_sys_lab/software_package/gcc-arm-none-eabi/bin/../lib/gcc/arm-none-eabi/5.4.1/armv6-m/libgcc.a(fixsfsi.o)
 .ARM.attributes
                0x00000b1b       0x2c /home/yuup92/TU_Delft/Embedded_sys_lab/software_package/gcc-arm-none-eabi/bin/../lib/gcc/arm-none-eabi/5.4.1/armv6-m/libgcc.a(floatsisf.o)
 .ARM.attributes
                0x00000b47       0x2c /home/yuup92/TU_Delft/Embedded_sys_lab/software_package/gcc-arm-none-eabi/bin/../lib/gcc/arm-none-eabi/5.4.1/armv6-m/libgcc.a(floatunsisf.o)
 .ARM.attributes
                0x00000b73       0x2c /home/yuup92/TU_Delft/Embedded_sys_lab/software_package/gcc-arm-none-eabi/bin/../lib/gcc/arm-none-eabi/5.4.1/armv6-m/libgcc.a(adddf3.o)
 .ARM.attributes
                0x00000b9f       0x2c /home/yuup92/TU_Delft/Embedded_sys_lab/software_package/gcc-arm-none-eabi/bin/../lib/gcc/arm-none-eabi/5.4.1/armv6-m/libgcc.a(divdf3.o)
 .ARM.attributes
                0x00000bcb       0x2c /home/yuup92/TU_Delft/Embedded_sys_lab/software_package/gcc-arm-none-eabi/bin/../lib/gcc/arm-none-eabi/5.4.1/armv6-m/libgcc.a(eqdf2.o)
 .ARM.attributes
                0x00000bf7       0x2c /home/yuup92/TU_Delft/Embedded_sys_lab/software_package/gcc-arm-none-eabi/bin/../lib/gcc/arm-none-eabi/5.4.1/armv6-m/libgcc.a(gedf2.o)
 .ARM.attributes
                0x00000c23       0x2c /home/yuup92/TU_Delft/Embedded_sys_lab/software_package/gcc-arm-none-eabi/bin/../lib/gcc/arm-none-eabi/5.4.1/armv6-m/libgcc.a(ledf2.o)
 .ARM.attributes
                0x00000c4f       0x2c /home/yuup92/TU_Delft/Embedded_sys_lab/software_package/gcc-arm-none-eabi/bin/../lib/gcc/arm-none-eabi/5.4.1/armv6-m/libgcc.a(muldf3.o)
 .ARM.attributes
                0x00000c7b       0x2c /home/yuup92/TU_Delft/Embedded_sys_lab/software_package/gcc-arm-none-eabi/bin/../lib/gcc/arm-none-eabi/5.4.1/armv6-m/libgcc.a(subdf3.o)
 .ARM.attributes
                0x00000ca7       0x2c /home/yuup92/TU_Delft/Embedded_sys_lab/software_package/gcc-arm-none-eabi/bin/../lib/gcc/arm-none-eabi/5.4.1/armv6-m/libgcc.a(unorddf2.o)
 .ARM.attributes
                0x00000cd3       0x2c /home/yuup92/TU_Delft/Embedded_sys_lab/software_package/gcc-arm-none-eabi/bin/../lib/gcc/arm-none-eabi/5.4.1/armv6-m/libgcc.a(fixdfsi.o)
 .ARM.attributes
                0x00000cff       0x2c /home/yuup92/TU_Delft/Embedded_sys_lab/software_package/gcc-arm-none-eabi/bin/../lib/gcc/arm-none-eabi/5.4.1/armv6-m/libgcc.a(floatsidf.o)
 .ARM.attributes
                0x00000d2b       0x2c /home/yuup92/TU_Delft/Embedded_sys_lab/software_package/gcc-arm-none-eabi/bin/../lib/gcc/arm-none-eabi/5.4.1/armv6-m/libgcc.a(extendsfdf2.o)
 .ARM.attributes
                0x00000d57       0x1e /home/yuup92/TU_Delft/Embedded_sys_lab/software_package/gcc-arm-none-eabi/bin/../lib/gcc/arm-none-eabi/5.4.1/armv6-m/libgcc.a(_clzsi2.o)
 .ARM.attributes
                0x00000d75       0x2c /home/yuup92/TU_Delft/Embedded_sys_lab/software_package/gcc-arm-none-eabi/bin/../lib/gcc/arm-none-eabi/5.4.1/../../../../arm-none-eabi/lib/armv6-m/libc_nano.a(lib_a-errno.o)
 .ARM.attributes
                0x00000da1       0x2c /home/yuup92/TU_Delft/Embedded_sys_lab/software_package/gcc-arm-none-eabi/bin/../lib/gcc/arm-none-eabi/5.4.1/../../../../arm-none-eabi/lib/armv6-m/libc_nano.a(lib_a-memcmp.o)
 .ARM.attributes
                0x00000dcd       0x2c /home/yuup92/TU_Delft/Embedded_sys_lab/software_package/gcc-arm-none-eabi/bin/../lib/gcc/arm-none-eabi/5.4.1/../../../../arm-none-eabi/lib/armv6-m/libc_nano.a(lib_a-memcpy-stub.o)
 .ARM.attributes
                0x00000df9       0x2c /home/yuup92/TU_Delft/Embedded_sys_lab/software_package/gcc-arm-none-eabi/bin/../lib/gcc/arm-none-eabi/5.4.1/../../../../arm-none-eabi/lib/armv6-m/libc_nano.a(lib_a-printf.o)
 .ARM.attributes
                0x00000e25       0x2c /home/yuup92/TU_Delft/Embedded_sys_lab/software_package/gcc-arm-none-eabi/bin/../lib/gcc/arm-none-eabi/5.4.1/../../../../arm-none-eabi/lib/armv6-m/libc_nano.a(lib_a-sprintf.o)
 .ARM.attributes
                0x00000e51       0x1c /home/yuup92/TU_Delft/Embedded_sys_lab/software_package/gcc-arm-none-eabi/bin/../lib/gcc/arm-none-eabi/5.4.1/../../../../arm-none-eabi/lib/armv6-m/libc_nano.a(lib_a-strlen.o)
 .ARM.attributes
                0x00000e6d       0x2c /home/yuup92/TU_Delft/Embedded_sys_lab/software_package/gcc-arm-none-eabi/bin/../lib/gcc/arm-none-eabi/5.4.1/../../../../arm-none-eabi/lib/armv6-m/libc_nano.a(lib_a-findfp.o)
 .ARM.attributes
                0x00000e99       0x2c /home/yuup92/TU_Delft/Embedded_sys_lab/software_package/gcc-arm-none-eabi/bin/../lib/gcc/arm-none-eabi/5.4.1/../../../../arm-none-eabi/lib/armv6-m/libc_nano.a(lib_a-fwalk.o)
 .ARM.attributes
                0x00000ec5       0x2c /home/yuup92/TU_Delft/Embedded_sys_lab/software_package/gcc-arm-none-eabi/bin/../lib/gcc/arm-none-eabi/5.4.1/../../../../arm-none-eabi/lib/armv6-m/libc_nano.a(lib_a-nano-mallocr.o)
 .ARM.attributes
                0x00000ef1       0x2c /home/yuup92/TU_Delft/Embedded_sys_lab/software_package/gcc-arm-none-eabi/bin/../lib/gcc/arm-none-eabi/5.4.1/../../../../arm-none-eabi/lib/armv6-m/libc_nano.a(lib_a-nano-svfprintf.o)
 .ARM.attributes
                0x00000f1d       0x2c /home/yuup92/TU_Delft/Embedded_sys_lab/software_package/gcc-arm-none-eabi/bin/../lib/gcc/arm-none-eabi/5.4.1/../../../../arm-none-eabi/lib/armv6-m/libc_nano.a(lib_a-nano-vfprintf.o)
 .ARM.attributes
                0x00000f49       0x2c /home/yuup92/TU_Delft/Embedded_sys_lab/software_package/gcc-arm-none-eabi/bin/../lib/gcc/arm-none-eabi/5.4.1/../../../../arm-none-eabi/lib/armv6-m/libc_nano.a(lib_a-nano-vfprintf_i.o)
 .ARM.attributes
                0x00000f75       0x2c /home/yuup92/TU_Delft/Embedded_sys_lab/software_package/gcc-arm-none-eabi/bin/../lib/gcc/arm-none-eabi/5.4.1/../../../../arm-none-eabi/lib/armv6-m/libc_nano.a(lib_a-sbrkr.o)
 .ARM.attributes
                0x00000fa1       0x2c /home/yuup92/TU_Delft/Embedded_sys_lab/software_package/gcc-arm-none-eabi/bin/../lib/gcc/arm-none-eabi/5.4.1/../../../../arm-none-eabi/lib/armv6-m/libc_nano.a(lib_a-stdio.o)
 .ARM.attributes
                0x00000fcd       0x2c /home/yuup92/TU_Delft/Embedded_sys_lab/software_package/gcc-arm-none-eabi/bin/../lib/gcc/arm-none-eabi/5.4.1/../../../../arm-none-eabi/lib/armv6-m/libc_nano.a(lib_a-wbuf.o)
 .ARM.attributes
                0x00000ff9       0x2c /home/yuup92/TU_Delft/Embedded_sys_lab/software_package/gcc-arm-none-eabi/bin/../lib/gcc/arm-none-eabi/5.4.1/../../../../arm-none-eabi/lib/armv6-m/libc_nano.a(lib_a-writer.o)
 .ARM.attributes
                0x00001025       0x2c /home/yuup92/TU_Delft/Embedded_sys_lab/software_package/gcc-arm-none-eabi/bin/../lib/gcc/arm-none-eabi/5.4.1/../../../../arm-none-eabi/lib/armv6-m/libc_nano.a(lib_a-wsetup.o)
 .ARM.attributes
                0x00001051       0x2c /home/yuup92/TU_Delft/Embedded_sys_lab/software_package/gcc-arm-none-eabi/bin/../lib/gcc/arm-none-eabi/5.4.1/../../../../arm-none-eabi/lib/armv6-m/libc_nano.a(lib_a-closer.o)
 .ARM.attributes
                0x0000107d       0x2c /home/yuup92/TU_Delft/Embedded_sys_lab/software_package/gcc-arm-none-eabi/bin/../lib/gcc/arm-none-eabi/5.4.1/../../../../arm-none-eabi/lib/armv6-m/libc_nano.a(lib_a-fflush.o)
 .ARM.attributes
                0x000010a9       0x2c /home/yuup92/TU_Delft/Embedded_sys_lab/software_package/gcc-arm-none-eabi/bin/../lib/gcc/arm-none-eabi/5.4.1/../../../../arm-none-eabi/lib/armv6-m/libc_nano.a(lib_a-lseekr.o)
 .ARM.attributes
                0x000010d5       0x2c /home/yuup92/TU_Delft/Embedded_sys_lab/software_package/gcc-arm-none-eabi/bin/../lib/gcc/arm-none-eabi/5.4.1/../../../../arm-none-eabi/lib/armv6-m/libc_nano.a(lib_a-makebuf.o)
 .ARM.attributes
                0x00001101       0x2c /home/yuup92/TU_Delft/Embedded_sys_lab/software_package/gcc-arm-none-eabi/bin/../lib/gcc/arm-none-eabi/5.4.1/../../../../arm-none-eabi/lib/armv6-m/libc_nano.a(lib_a-memchr-stub.o)
 .ARM.attributes
                0x0000112d       0x2c /home/yuup92/TU_Delft/Embedded_sys_lab/software_package/gcc-arm-none-eabi/bin/../lib/gcc/arm-none-eabi/5.4.1/../../../../arm-none-eabi/lib/armv6-m/libc_nano.a(lib_a-memmove.o)
 .ARM.attributes
                0x00001159       0x2c /home/yuup92/TU_Delft/Embedded_sys_lab/software_package/gcc-arm-none-eabi/bin/../lib/gcc/arm-none-eabi/5.4.1/../../../../arm-none-eabi/lib/armv6-m/libc_nano.a(lib_a-mlock.o)
 .ARM.attributes
                0x00001185       0x2c /home/yuup92/TU_Delft/Embedded_sys_lab/software_package/gcc-arm-none-eabi/bin/../lib/gcc/arm-none-eabi/5.4.1/../../../../arm-none-eabi/lib/armv6-m/libc_nano.a(lib_a-nano-freer.o)
 .ARM.attributes
                0x000011b1       0x2c /home/yuup92/TU_Delft/Embedded_sys_lab/software_package/gcc-arm-none-eabi/bin/../lib/gcc/arm-none-eabi/5.4.1/../../../../arm-none-eabi/lib/armv6-m/libc_nano.a(lib_a-nano-reallocr.o)
 .ARM.attributes
                0x000011dd       0x2c /home/yuup92/TU_Delft/Embedded_sys_lab/software_package/gcc-arm-none-eabi/bin/../lib/gcc/arm-none-eabi/5.4.1/../../../../arm-none-eabi/lib/armv6-m/libc_nano.a(lib_a-readr.o)
 .ARM.attributes
                0x00001209       0x2c /home/yuup92/TU_Delft/Embedded_sys_lab/software_package/gcc-arm-none-eabi/bin/../lib/gcc/arm-none-eabi/5.4.1/../../../../arm-none-eabi/lib/armv6-m/libc_nano.a(lib_a-reent.o)
 .ARM.attributes
                0x00001235       0x2c /home/yuup92/TU_Delft/Embedded_sys_lab/software_package/gcc-arm-none-eabi/bin/../lib/gcc/arm-none-eabi/5.4.1/../../../../arm-none-eabi/lib/armv6-m/libc_nano.a(lib_a-fstatr.o)
 .ARM.attributes
                0x00001261       0x2c /home/yuup92/TU_Delft/Embedded_sys_lab/software_package/gcc-arm-none-eabi/bin/../lib/gcc/arm-none-eabi/5.4.1/../../../../arm-none-eabi/lib/armv6-m/libc_nano.a(lib_a-isattyr.o)
 .ARM.attributes
                0x0000128d       0x2c /home/yuup92/TU_Delft/Embedded_sys_lab/software_package/gcc-arm-none-eabi/bin/../lib/gcc/arm-none-eabi/5.4.1/../../../../arm-none-eabi/lib/armv6-m/libc_nano.a(lib_a-nano-msizer.o)
 .ARM.attributes
                0x000012b9       0x1e /home/yuup92/TU_Delft/Embedded_sys_lab/software_package/gcc-arm-none-eabi/bin/../lib/gcc/arm-none-eabi/5.4.1/armv6-m/crtn.o
 .ARM.attributes
                0x000012d7       0x2c /home/yuup92/TU_Delft/Embedded_sys_lab/software_package/gcc-arm-none-eabi/bin/../lib/gcc/arm-none-eabi/5.4.1/../../../../arm-none-eabi/lib/armv6-m/libnosys.a(close.o)
 .ARM.attributes
                0x00001303       0x2c /home/yuup92/TU_Delft/Embedded_sys_lab/software_package/gcc-arm-none-eabi/bin/../lib/gcc/arm-none-eabi/5.4.1/../../../../arm-none-eabi/lib/armv6-m/libnosys.a(fstat.o)
 .ARM.attributes
                0x0000132f       0x2c /home/yuup92/TU_Delft/Embedded_sys_lab/software_package/gcc-arm-none-eabi/bin/../lib/gcc/arm-none-eabi/5.4.1/../../../../arm-none-eabi/lib/armv6-m/libnosys.a(isatty.o)
 .ARM.attributes
                0x0000135b       0x2c /home/yuup92/TU_Delft/Embedded_sys_lab/software_package/gcc-arm-none-eabi/bin/../lib/gcc/arm-none-eabi/5.4.1/../../../../arm-none-eabi/lib/armv6-m/libnosys.a(lseek.o)
 .ARM.attributes
                0x00001387       0x2c /home/yuup92/TU_Delft/Embedded_sys_lab/software_package/gcc-arm-none-eabi/bin/../lib/gcc/arm-none-eabi/5.4.1/../../../../arm-none-eabi/lib/armv6-m/libnosys.a(read.o)
 .ARM.attributes
                0x000013b3       0x2c /home/yuup92/TU_Delft/Embedded_sys_lab/software_package/gcc-arm-none-eabi/bin/../lib/gcc/arm-none-eabi/5.4.1/../../../../arm-none-eabi/lib/armv6-m/libnosys.a(sbrk.o)

.comment        0x00000000       0x6e
 .comment       0x00000000       0x6e _build/system_nrf51.o
                                 0x6f (size before relaxing)
 .comment       0x0000006e       0x6f _build/nrf_delay.o
 .comment       0x0000006e       0x6f _build/in4073.o
 .comment       0x0000006e       0x6f _build/control.o
 .comment       0x0000006e       0x6f _build/gpio.o
 .comment       0x0000006e       0x6f _build/timers.o
 .comment       0x0000006e       0x6f _build/uart.o
 .comment       0x0000006e       0x6f _build/queue.o
 .comment       0x0000006e       0x6f _build/twi.o
 .comment       0x0000006e       0x6f _build/adc.o
 .comment       0x0000006e       0x6f _build/baro.o
 .comment       0x0000006e       0x6f _build/ble.o
 .comment       0x0000006e       0x6f _build/packet_protocol.o
 .comment       0x0000006e       0x6f _build/mode_control.o
 .comment       0x0000006e       0x6f _build/calibration.o
 .comment       0x0000006e       0x6f _build/spi_flash.o
 .comment       0x0000006e       0x6f _build/crc16.o
 .comment       0x0000006e       0x6f _build/inv_mpu.o
 .comment       0x0000006e       0x6f _build/inv_mpu_dmp_motion_driver.o
 .comment       0x0000006e       0x6f _build/ml.o
 .comment       0x0000006e       0x6f _build/mpu_wrapper.o
 .comment       0x0000006e       0x6f _build/app_error.o
 .comment       0x0000006e       0x6f _build/app_timer.o
 .comment       0x0000006e       0x6f _build/pstorage.o
 .comment       0x0000006e       0x6f _build/ble_advdata.o
 .comment       0x0000006e       0x6f _build/ble_advertising.o
 .comment       0x0000006e       0x6f _build/ble_conn_params.o
 .comment       0x0000006e       0x6f _build/ble_nus.o
 .comment       0x0000006e       0x6f _build/softdevice_handler.o

.debug_frame    0x00000000     0x1058
 .debug_frame   0x00000000       0x28 /home/yuup92/TU_Delft/Embedded_sys_lab/software_package/gcc-arm-none-eabi/bin/../lib/gcc/arm-none-eabi/5.4.1/../../../../arm-none-eabi/lib/armv6-m/libc_nano.a(lib_a-exit.o)
 .debug_frame   0x00000028       0x2c /home/yuup92/TU_Delft/Embedded_sys_lab/software_package/gcc-arm-none-eabi/bin/../lib/gcc/arm-none-eabi/5.4.1/../../../../arm-none-eabi/lib/armv6-m/libc_nano.a(lib_a-init.o)
 .debug_frame   0x00000054       0x20 /home/yuup92/TU_Delft/Embedded_sys_lab/software_package/gcc-arm-none-eabi/bin/../lib/gcc/arm-none-eabi/5.4.1/../../../../arm-none-eabi/lib/armv6-m/libc_nano.a(lib_a-memset.o)
 .debug_frame   0x00000074       0x20 /home/yuup92/TU_Delft/Embedded_sys_lab/software_package/gcc-arm-none-eabi/bin/../lib/gcc/arm-none-eabi/5.4.1/../../../../arm-none-eabi/lib/armv6-m/libnosys.a(_exit.o)
 .debug_frame   0x00000094       0x20 /home/yuup92/TU_Delft/Embedded_sys_lab/software_package/gcc-arm-none-eabi/bin/../lib/gcc/arm-none-eabi/5.4.1/../../../../arm-none-eabi/lib/armv6-m/libm.a(lib_a-s_fabs.o)
 .debug_frame   0x000000b4       0x38 /home/yuup92/TU_Delft/Embedded_sys_lab/software_package/gcc-arm-none-eabi/bin/../lib/gcc/arm-none-eabi/5.4.1/../../../../arm-none-eabi/lib/armv6-m/libm.a(lib_a-w_asin.o)
 .debug_frame   0x000000ec       0x28 /home/yuup92/TU_Delft/Embedded_sys_lab/software_package/gcc-arm-none-eabi/bin/../lib/gcc/arm-none-eabi/5.4.1/../../../../arm-none-eabi/lib/armv6-m/libm.a(lib_a-w_atan2.o)
 .debug_frame   0x00000114       0x38 /home/yuup92/TU_Delft/Embedded_sys_lab/software_package/gcc-arm-none-eabi/bin/../lib/gcc/arm-none-eabi/5.4.1/../../../../arm-none-eabi/lib/armv6-m/libm.a(lib_a-w_sqrt.o)
 .debug_frame   0x0000014c       0x38 /home/yuup92/TU_Delft/Embedded_sys_lab/software_package/gcc-arm-none-eabi/bin/../lib/gcc/arm-none-eabi/5.4.1/../../../../arm-none-eabi/lib/armv6-m/libm.a(lib_a-e_asin.o)
 .debug_frame   0x00000184       0x38 /home/yuup92/TU_Delft/Embedded_sys_lab/software_package/gcc-arm-none-eabi/bin/../lib/gcc/arm-none-eabi/5.4.1/../../../../arm-none-eabi/lib/armv6-m/libm.a(lib_a-e_atan2.o)